Product: MDK-ARM Standard 5.10
Component: ARM Compiler 5.04 update 1 (build 49)
Tool: armlink [5040049]

==============================================================================

Section Cross References

    main.o(i.GPIO_Configuration) refers to stm32f10x_rcc.o(i.RCC_APB2PeriphClockCmd) for RCC_APB2PeriphClockCmd
    main.o(i.GPIO_Configuration) refers to stm32f10x_gpio.o(i.GPIO_Init) for GPIO_Init
    main.o(i.NVIC_Configuration) refers to misc.o(i.NVIC_SetVectorTable) for NVIC_SetVectorTable
    main.o(i.NVIC_Configuration) refers to misc.o(i.NVIC_PriorityGroupConfig) for NVIC_PriorityGroupConfig
    main.o(i.main) refers to system_stm32f10x.o(i.SystemInit) for SystemInit
    main.o(i.main) refers to main.o(i.GPIO_Configuration) for GPIO_Configuration
    main.o(i.main) refers to main.o(i.NVIC_Configuration) for NVIC_Configuration
    main.o(i.main) refers to stm32_uart.o(i.STM32_UART_Init) for STM32_UART_Init
    main.o(i.main) refers to monitor.o(i.xprintf) for xprintf
    main.o(i.main) refers to efs.o(i.efs_init) for efs_init
    main.o(i.main) refers to ls.o(i.ls_openDir) for ls_openDir
    main.o(i.main) refers to ls.o(i.ls_getNext) for ls_getNext
    main.o(i.main) refers to file.o(i.file_fopen) for file_fopen
    main.o(i.main) refers to fs.o(i.fs_umount) for fs_umount
    main.o(i.main) refers to file.o(i.file_read) for file_read
    main.o(i.main) refers to file.o(i.file_fclose) for file_fclose
    main.o(i.main) refers to strcpy.o(.text) for strcpy
    main.o(i.main) refers to strlen.o(.text) for strlen
    main.o(i.main) refers to file.o(i.file_write) for file_write
    main.o(i.main) refers to main.o(.bss) for .bss
    main.o(i.main) refers to main.o(.data) for .data
    monitor.o(i.get_line) refers to stm32_uart.o(i.STM32_UART_GetChar) for STM32_UART_GetChar
    monitor.o(i.get_line) refers to monitor.o(i.xputc) for xputc
    monitor.o(i.put_dump) refers to monitor.o(i.xprintf) for xprintf
    monitor.o(i.put_dump) refers to monitor.o(i.xputc) for xputc
    monitor.o(i.xitoa) refers to monitor.o(i.xputc) for xputc
    monitor.o(i.xprintf) refers to monitor.o(i.xputc) for xputc
    monitor.o(i.xprintf) refers to monitor.o(i.xputs) for xputs
    monitor.o(i.xprintf) refers to monitor.o(i.xitoa) for xitoa
    monitor.o(i.xputc) refers to stm32_uart.o(i.STM32_UART_PutChar) for STM32_UART_PutChar
    monitor.o(i.xputs) refers to monitor.o(i.xputc) for xputc
    stm32_uart.o(i.STM32_UART_GetChar) refers to stm32f10x_usart.o(i.USART_GetITStatus) for USART_GetITStatus
    stm32_uart.o(i.STM32_UART_GetChar) refers to stm32f10x_usart.o(i.USART_ReceiveData) for USART_ReceiveData
    stm32_uart.o(i.STM32_UART_Init) refers to stm32f10x_rcc.o(i.RCC_APB2PeriphClockCmd) for RCC_APB2PeriphClockCmd
    stm32_uart.o(i.STM32_UART_Init) refers to stm32f10x_gpio.o(i.GPIO_Init) for GPIO_Init
    stm32_uart.o(i.STM32_UART_Init) refers to stm32f10x_usart.o(i.USART_Init) for USART_Init
    stm32_uart.o(i.STM32_UART_Init) refers to stm32f10x_usart.o(i.USART_Cmd) for USART_Cmd
    stm32_uart.o(i.STM32_UART_PutChar) refers to stm32f10x_usart.o(i.USART_SendData) for USART_SendData
    stm32_uart.o(i.STM32_UART_PutChar) refers to stm32f10x_usart.o(i.USART_GetFlagStatus) for USART_GetFlagStatus
    stm32f10x_usart.o(i.USART_DeInit) refers to stm32f10x_rcc.o(i.RCC_APB2PeriphResetCmd) for RCC_APB2PeriphResetCmd
    stm32f10x_usart.o(i.USART_DeInit) refers to stm32f10x_rcc.o(i.RCC_APB1PeriphResetCmd) for RCC_APB1PeriphResetCmd
    stm32f10x_usart.o(i.USART_Init) refers to stm32f10x_rcc.o(i.RCC_GetClocksFreq) for RCC_GetClocksFreq
    stm32f10x_gpio.o(i.GPIO_AFIODeInit) refers to stm32f10x_rcc.o(i.RCC_APB2PeriphResetCmd) for RCC_APB2PeriphResetCmd
    stm32f10x_gpio.o(i.GPIO_DeInit) refers to stm32f10x_rcc.o(i.RCC_APB2PeriphResetCmd) for RCC_APB2PeriphResetCmd
    stm32f10x_rcc.o(i.RCC_GetClocksFreq) refers to stm32f10x_rcc.o(.data) for .data
    stm32f10x_rcc.o(i.RCC_WaitForHSEStartUp) refers to stm32f10x_rcc.o(i.RCC_GetFlagStatus) for RCC_GetFlagStatus
    stm32f10x_spi.o(i.I2S_Init) refers to stm32f10x_rcc.o(i.RCC_GetClocksFreq) for RCC_GetClocksFreq
    stm32f10x_spi.o(i.SPI_I2S_DeInit) refers to stm32f10x_rcc.o(i.RCC_APB2PeriphResetCmd) for RCC_APB2PeriphResetCmd
    stm32f10x_spi.o(i.SPI_I2S_DeInit) refers to stm32f10x_rcc.o(i.RCC_APB1PeriphResetCmd) for RCC_APB1PeriphResetCmd
    stm32f10x_flash.o(i.FLASH_EnableWriteProtection) refers to stm32f10x_flash.o(i.FLASH_WaitForLastOperation) for FLASH_WaitForLastOperation
    stm32f10x_flash.o(i.FLASH_EraseAllPages) refers to stm32f10x_flash.o(i.FLASH_WaitForLastOperation) for FLASH_WaitForLastOperation
    stm32f10x_flash.o(i.FLASH_EraseOptionBytes) refers to stm32f10x_flash.o(i.FLASH_WaitForLastOperation) for FLASH_WaitForLastOperation
    stm32f10x_flash.o(i.FLASH_ErasePage) refers to stm32f10x_flash.o(i.FLASH_WaitForLastOperation) for FLASH_WaitForLastOperation
[...]
    Removing stm32f10x_usart.o(i.USART_WakeUpConfig), (16 bytes).
    Removing stm32f10x_gpio.o(i.GPIO_AFIODeInit), (22 bytes).
    Removing stm32f10x_gpio.o(i.GPIO_DeInit), (180 bytes).
    Removing stm32f10x_gpio.o(i.GPIO_ETH_MediaInterfaceConfig), (12 bytes).
    Removing stm32f10x_gpio.o(i.GPIO_EXTILineConfig), (40 bytes).
    Removing stm32f10x_gpio.o(i.GPIO_EventOutputCmd), (12 bytes).
    Removing stm32f10x_gpio.o(i.GPIO_EventOutputConfig), (28 bytes).
    Removing stm32f10x_gpio.o(i.GPIO_PinLockConfig), (16 bytes).
    Removing stm32f10x_gpio.o(i.GPIO_PinRemapConfig), (72 bytes).
    Removing stm32f10x_gpio.o(i.GPIO_ReadInputData), (6 bytes).
    Removing stm32f10x_gpio.o(i.GPIO_ReadInputDataBit), (14 bytes).
    Removing stm32f10x_gpio.o(i.GPIO_ReadOutputData), (6 bytes).
    Removing stm32f10x_gpio.o(i.GPIO_ReadOutputDataBit), (14 bytes).
    Removing stm32f10x_gpio.o(i.GPIO_StructInit), (16 bytes).
    Removing stm32f10x_gpio.o(i.GPIO_Write), (4 bytes).
    Removing stm32f10x_gpio.o(i.GPIO_WriteBit), (10 bytes).
    Removing stm32f10x_rcc.o(i.RCC_ADCCLKConfig), (20 bytes).
    Removing stm32f10x_rcc.o(i.RCC_AHBPeriphClockCmd), (24 bytes).
    Removing stm32f10x_rcc.o(i.RCC_APB1PeriphClockCmd), (24 bytes).
    Removing stm32f10x_rcc.o(i.RCC_AdjustHSICalibrationValue), (20 bytes).
    Removing stm32f10x_rcc.o(i.RCC_BackupResetCmd), (12 bytes).
    Removing stm32f10x_rcc.o(i.RCC_ClearFlag), (16 bytes).
    Removing stm32f10x_rcc.o(i.RCC_ClearITPendingBit), (12 bytes).
    Removing stm32f10x_rcc.o(i.RCC_ClockSecuritySystemCmd), (12 bytes).
    Removing stm32f10x_rcc.o(i.RCC_DeInit), (64 bytes).
    Removing stm32f10x_rcc.o(i.RCC_GetFlagStatus), (48 bytes).
    Removing stm32f10x_rcc.o(i.RCC_GetITStatus), (20 bytes).
    Removing stm32f10x_rcc.o(i.RCC_GetSYSCLKSource), (16 bytes).
    Removing stm32f10x_rcc.o(i.RCC_HCLKConfig), (20 bytes).
    Removing stm32f10x_rcc.o(i.RCC_HSEConfig), (52 bytes).
    Removing stm32f10x_rcc.o(i.RCC_HSICmd), (12 bytes).
    Removing stm32f10x_rcc.o(i.RCC_ITConfig), (24 bytes).
    Removing stm32f10x_rcc.o(i.RCC_LSEConfig), (32 bytes).
    Removing stm32f10x_rcc.o(i.RCC_LSICmd), (12 bytes).
    Removing stm32f10x_rcc.o(i.RCC_MCOConfig), (12 bytes).
    Removing stm32f10x_rcc.o(i.RCC_PCLK1Config), (20 bytes).
    Removing stm32f10x_rcc.o(i.RCC_PCLK2Config), (20 bytes).
    Removing stm32f10x_rcc.o(i.RCC_PLLCmd), (12 bytes).
    Removing stm32f10x_rcc.o(i.RCC_PLLConfig), (20 bytes).
    Removing stm32f10x_rcc.o(i.RCC_RTCCLKCmd), (12 bytes).
    Removing stm32f10x_rcc.o(i.RCC_RTCCLKConfig), (16 bytes).
    Removing stm32f10x_rcc.o(i.RCC_SYSCLKConfig), (20 bytes).
    Removing stm32f10x_rcc.o(i.RCC_USBCLKConfig), (12 bytes).
    Removing stm32f10x_rcc.o(i.RCC_WaitForHSEStartUp), (44 bytes).
    Removing stm32f10x_spi.o(i.I2S_Cmd), (20 bytes).
    Removing stm32f10x_spi.o(i.I2S_Init), (150 bytes).
    Removing stm32f10x_spi.o(i.I2S_StructInit), (18 bytes).
    Removing stm32f10x_spi.o(i.SPI_BiDirectionalLineConfig), (22 bytes).
    Removing stm32f10x_spi.o(i.SPI_CalculateCRC), (20 bytes).
    Removing stm32f10x_spi.o(i.SPI_DataSizeConfig), (16 bytes).
    Removing stm32f10x_spi.o(i.SPI_GetCRC), (12 bytes).
    Removing stm32f10x_spi.o(i.SPI_GetCRCPolynomial), (4 bytes).
    Removing stm32f10x_spi.o(i.SPI_I2S_ClearFlag), (6 bytes).
    Removing stm32f10x_spi.o(i.SPI_I2S_ClearITPendingBit), (14 bytes).
    Removing stm32f10x_spi.o(i.SPI_I2S_DMACmd), (16 bytes).
    Removing stm32f10x_spi.o(i.SPI_I2S_GetITStatus), (44 bytes).
    Removing stm32f10x_spi.o(i.SPI_I2S_ITConfig), (24 bytes).
    Removing stm32f10x_spi.o(i.SPI_NSSInternalSoftwareConfig), (24 bytes).
    Removing stm32f10x_spi.o(i.SPI_SSOutputCmd), (20 bytes).
    Removing stm32f10x_spi.o(i.SPI_StructInit), (24 bytes).
    Removing stm32f10x_spi.o(i.SPI_TransmitCRC), (10 bytes).
    Removing stm32f10x_exti.o(i.EXTI_ClearFlag), (12 bytes).
    Removing stm32f10x_exti.o(i.EXTI_ClearITPendingBit), (12 bytes).
    Removing stm32f10x_exti.o(i.EXTI_DeInit), (36 bytes).
    Removing stm32f10x_exti.o(i.EXTI_GenerateSWInterrupt), (16 bytes).
    Removing stm32f10x_exti.o(i.EXTI_GetFlagStatus), (20 bytes).
    Removing stm32f10x_exti.o(i.EXTI_GetITStatus), (32 bytes).
    Removing stm32f10x_exti.o(i.EXTI_Init), (112 bytes).
    Removing stm32f10x_exti.o(i.EXTI_StructInit), (14 bytes).
    Removing stm32f10x_flash.o(i.FLASH_ClearFlag), (12 bytes).
    Removing stm32f10x_flash.o(i.FLASH_EnableWriteProtection), (168 bytes).
    Removing stm32f10x_flash.o(i.FLASH_EraseAllPages), (60 bytes).
    Removing stm32f10x_flash.o(i.FLASH_EraseOptionBytes), (116 bytes).
    Removing stm32f10x_flash.o(i.FLASH_ErasePage), (64 bytes).
    Removing stm32f10x_flash.o(i.FLASH_GetFlagStatus), (32 bytes).
    Removing stm32f10x_flash.o(i.FLASH_GetPrefetchBufferStatus), (20 bytes).
    Removing stm32f10x_flash.o(i.FLASH_GetReadOutProtectionStatus), (20 bytes).
    Removing stm32f10x_flash.o(i.FLASH_GetStatus), (40 bytes).
    Removing stm32f10x_flash.o(i.FLASH_GetUserOptionByte), (12 bytes).
    Removing stm32f10x_flash.o(i.FLASH_GetWriteProtectionOptionByte), (12 bytes).
    Removing stm32f10x_flash.o(i.FLASH_HalfCycleAccessCmd), (24 bytes).
    Removing stm32f10x_flash.o(i.FLASH_ITConfig), (24 bytes).
    Removing stm32f10x_flash.o(i.FLASH_Lock), (16 bytes).
    Removing stm32f10x_flash.o(i.FLASH_PrefetchBufferCmd), (24 bytes).
    Removing stm32f10x_flash.o(i.FLASH_ProgramHalfWord), (56 bytes).
    Removing stm32f10x_flash.o(i.FLASH_ProgramOptionByteData), (72 bytes).
    Removing stm32f10x_flash.o(i.FLASH_ProgramWord), (76 bytes).
    Removing stm32f10x_flash.o(i.FLASH_ReadOutProtection), (136 bytes).
    Removing stm32f10x_flash.o(i.FLASH_SetLatency), (20 bytes).
    Removing stm32f10x_flash.o(i.FLASH_Unlock), (24 bytes).
    Removing stm32f10x_flash.o(i.FLASH_UserOptionByteConfig), (88 bytes).
    Removing stm32f10x_flash.o(i.FLASH_WaitForLastOperation), (46 bytes).
    Removing misc.o(i.NVIC_Init), (100 bytes).
    Removing misc.o(i.NVIC_SystemLPConfig), (24 bytes).
    Removing misc.o(i.SysTick_CLKSourceConfig), (24 bytes).
    Removing stm32f10x_adc.o(i.ADC_AnalogWatchdogCmd), (16 bytes).
    Removing stm32f10x_adc.o(i.ADC_AnalogWatchdogSingleChannelConfig), (12 bytes).
    Removing stm32f10x_adc.o(i.ADC_AnalogWatchdogThresholdsConfig), (6 bytes).
    Removing stm32f10x_adc.o(i.ADC_AutoInjectedConvCmd), (20 bytes).
    Removing stm32f10x_adc.o(i.ADC_ClearFlag), (6 bytes).
    Removing stm32f10x_adc.o(i.ADC_ClearITPendingBit), (8 bytes).
    Removing stm32f10x_adc.o(i.ADC_Cmd), (20 bytes).
    Removing stm32f10x_adc.o(i.ADC_DMACmd), (20 bytes).
    Removing stm32f10x_adc.o(i.ADC_DeInit), (68 bytes).
    Removing stm32f10x_adc.o(i.ADC_DiscModeChannelCountConfig), (16 bytes).
    Removing stm32f10x_adc.o(i.ADC_DiscModeCmd), (20 bytes).
    Removing stm32f10x_adc.o(i.ADC_ExternalTrigConvCmd), (20 bytes).
    Removing stm32f10x_adc.o(i.ADC_ExternalTrigInjectedConvCmd), (20 bytes).
    Removing stm32f10x_adc.o(i.ADC_ExternalTrigInjectedConvConfig), (12 bytes).
    Removing stm32f10x_adc.o(i.ADC_GetCalibrationStatus), (14 bytes).
    Removing stm32f10x_adc.o(i.ADC_GetConversionValue), (6 bytes).
    Removing stm32f10x_adc.o(i.ADC_GetDualModeConversionValue), (12 bytes).
    Removing stm32f10x_adc.o(i.ADC_GetFlagStatus), (14 bytes).
    Removing stm32f10x_adc.o(i.ADC_GetITStatus), (28 bytes).
    Removing stm32f10x_adc.o(i.ADC_GetInjectedConversionValue), (14 bytes).
    Removing stm32f10x_adc.o(i.ADC_GetResetCalibrationStatus), (14 bytes).
    Removing stm32f10x_adc.o(i.ADC_GetSoftwareStartConvStatus), (14 bytes).
    Removing stm32f10x_adc.o(i.ADC_GetSoftwareStartInjectedConvCmdStatus), (14 bytes).
    Removing stm32f10x_adc.o(i.ADC_ITConfig), (18 bytes).
    Removing stm32f10x_adc.o(i.ADC_Init), (72 bytes).
    Removing stm32f10x_adc.o(i.ADC_InjectedChannelConfig), (74 bytes).
    Removing stm32f10x_adc.o(i.ADC_InjectedDiscModeCmd), (20 bytes).
    Removing stm32f10x_adc.o(i.ADC_InjectedSequencerLengthConfig), (16 bytes).
    Removing stm32f10x_adc.o(i.ADC_RegularChannelConfig), (116 bytes).
    Removing stm32f10x_adc.o(i.ADC_ResetCalibration), (10 bytes).
    Removing stm32f10x_adc.o(i.ADC_SetInjectedOffset), (10 bytes).
    Removing stm32f10x_adc.o(i.ADC_SoftwareStartConvCmd), (20 bytes).
    Removing stm32f10x_adc.o(i.ADC_SoftwareStartInjectedConvCmd), (20 bytes).
    Removing stm32f10x_adc.o(i.ADC_StartCalibration), (10 bytes).
    Removing stm32f10x_adc.o(i.ADC_StructInit), (18 bytes).
    Removing stm32f10x_adc.o(i.ADC_TempSensorVrefintCmd), (28 bytes).
    Removing stm32f10x_tim.o(i.TI1_Config), (46 bytes).
    Removing stm32f10x_tim.o(i.TI2_Config), (54 bytes).
    Removing stm32f10x_tim.o(i.TIM_ARRPreloadConfig), (22 bytes).
    Removing stm32f10x_tim.o(i.TIM_BDTRConfig), (34 bytes).
    Removing stm32f10x_tim.o(i.TIM_BDTRStructInit), (18 bytes).
    Removing stm32f10x_tim.o(i.TIM_CCPreloadControl), (20 bytes).
    Removing stm32f10x_tim.o(i.TIM_CCxCmd), (22 bytes).
    Removing stm32f10x_tim.o(i.TIM_CCxNCmd), (22 bytes).
    Removing stm32f10x_tim.o(i.TIM_ClearFlag), (6 bytes).
    Removing stm32f10x_tim.o(i.TIM_ClearITPendingBit), (6 bytes).
    Removing stm32f10x_tim.o(i.TIM_ClearOC1Ref), (12 bytes).
    Removing stm32f10x_tim.o(i.TIM_ClearOC2Ref), (20 bytes).
    Removing stm32f10x_tim.o(i.TIM_ClearOC3Ref), (12 bytes).
    Removing stm32f10x_tim.o(i.TIM_ClearOC4Ref), (20 bytes).
    Removing stm32f10x_tim.o(i.TIM_Cmd), (22 bytes).
    Removing stm32f10x_tim.o(i.TIM_CounterModeConfig), (14 bytes).
    Removing stm32f10x_tim.o(i.TIM_CtrlPWMOutputs), (22 bytes).
    Removing stm32f10x_tim.o(i.TIM_DMACmd), (16 bytes).
    Removing stm32f10x_tim.o(i.TIM_DMAConfig), (8 bytes).
    Removing stm32f10x_tim.o(i.TIM_DeInit), (200 bytes).
    Removing stm32f10x_tim.o(i.TIM_ETRClockMode1Config), (18 bytes).
    Removing stm32f10x_tim.o(i.TIM_ETRClockMode2Config), (18 bytes).
    Removing stm32f10x_tim.o(i.TIM_ETRConfig), (24 bytes).
    Removing stm32f10x_tim.o(i.TIM_EncoderInterfaceConfig), (50 bytes).
    Removing stm32f10x_tim.o(i.TIM_ForcedOC1Config), (12 bytes).
    Removing stm32f10x_tim.o(i.TIM_ForcedOC2Config), (20 bytes).
    Removing stm32f10x_tim.o(i.TIM_ForcedOC3Config), (12 bytes).
    Removing stm32f10x_tim.o(i.TIM_ForcedOC4Config), (20 bytes).
    Removing stm32f10x_tim.o(i.TIM_GenerateEvent), (4 bytes).
    Removing stm32f10x_tim.o(i.TIM_GetCapture1), (4 bytes).
    Removing stm32f10x_tim.o(i.TIM_GetCapture2), (4 bytes).
    Removing stm32f10x_tim.o(i.TIM_GetCapture3), (4 bytes).
    Removing stm32f10x_tim.o(i.TIM_GetCapture4), (6 bytes).
    Removing stm32f10x_tim.o(i.TIM_GetCounter), (4 bytes).
    Removing stm32f10x_tim.o(i.TIM_GetFlagStatus), (14 bytes).
    Removing stm32f10x_tim.o(i.TIM_GetITStatus), (24 bytes).
    Removing stm32f10x_tim.o(i.TIM_GetPrescaler), (4 bytes).
    Removing stm32f10x_tim.o(i.TIM_ICInit), (172 bytes).
    Removing stm32f10x_tim.o(i.TIM_ICStructInit), (16 bytes).
    Removing stm32f10x_tim.o(i.TIM_ITConfig), (16 bytes).
    Removing stm32f10x_tim.o(i.TIM_ITRxExternalClockConfig), (18 bytes).
    Removing stm32f10x_tim.o(i.TIM_InternalClockConfig), (10 bytes).
    Removing stm32f10x_tim.o(i.TIM_OC1FastConfig), (12 bytes).
    Removing stm32f10x_tim.o(i.TIM_OC1Init), (96 bytes).
    Removing stm32f10x_tim.o(i.TIM_OC1NPolarityConfig), (12 bytes).
    Removing stm32f10x_tim.o(i.TIM_OC1PolarityConfig), (12 bytes).
    Removing stm32f10x_tim.o(i.TIM_OC1PreloadConfig), (12 bytes).
    Removing stm32f10x_tim.o(i.TIM_OC2FastConfig), (20 bytes).
    Removing stm32f10x_tim.o(i.TIM_OC2Init), (128 bytes).
    Removing stm32f10x_tim.o(i.TIM_OC2NPolarityConfig), (20 bytes).
    Removing stm32f10x_tim.o(i.TIM_OC2PolarityConfig), (20 bytes).
    Removing stm32f10x_tim.o(i.TIM_OC2PreloadConfig), (20 bytes).
    Removing stm32f10x_tim.o(i.TIM_OC3FastConfig), (12 bytes).
    Removing stm32f10x_tim.o(i.TIM_OC3Init), (124 bytes).
    Removing stm32f10x_tim.o(i.TIM_OC3NPolarityConfig), (20 bytes).
    Removing stm32f10x_tim.o(i.TIM_OC3PolarityConfig), (20 bytes).
    Removing stm32f10x_tim.o(i.TIM_OC3PreloadConfig), (12 bytes).
    Removing stm32f10x_tim.o(i.TIM_OC4FastConfig), (20 bytes).
    Removing stm32f10x_tim.o(i.TIM_OC4Init), (100 bytes).
    Removing stm32f10x_tim.o(i.TIM_OC4PolarityConfig), (20 bytes).
    Removing stm32f10x_tim.o(i.TIM_OC4PreloadConfig), (20 bytes).
    Removing stm32f10x_tim.o(i.TIM_OCStructInit), (20 bytes).
    Removing stm32f10x_tim.o(i.TIM_PWMIConfig), (108 bytes).
    Removing stm32f10x_tim.o(i.TIM_PrescalerConfig), (6 bytes).
    Removing stm32f10x_tim.o(i.TIM_SelectCCDMA), (20 bytes).
    Removing stm32f10x_tim.o(i.TIM_SelectCOM), (20 bytes).
    Removing stm32f10x_tim.o(i.TIM_SelectHallSensor), (20 bytes).
    Removing stm32f10x_tim.o(i.TIM_SelectInputTrigger), (12 bytes).
    Removing stm32f10x_tim.o(i.TIM_SelectMasterSlaveMode), (16 bytes).
    Removing stm32f10x_tim.o(i.TIM_SelectOCxM), (74 bytes).
    Removing stm32f10x_tim.o(i.TIM_SelectOnePulseMode), (18 bytes).
    Removing stm32f10x_tim.o(i.TIM_SelectOutputTrigger), (16 bytes).
    Removing stm32f10x_tim.o(i.TIM_SelectSlaveMode), (16 bytes).
    Removing stm32f10x_tim.o(i.TIM_SetAutoreload), (4 bytes).
    Removing stm32f10x_tim.o(i.TIM_SetClockDivision), (14 bytes).
    Removing stm32f10x_tim.o(i.TIM_SetCompare1), (4 bytes).
    Removing stm32f10x_tim.o(i.TIM_SetCompare2), (4 bytes).
    Removing stm32f10x_tim.o(i.TIM_SetCompare3), (4 bytes).
    Removing stm32f10x_tim.o(i.TIM_SetCompare4), (6 bytes).
    Removing stm32f10x_tim.o(i.TIM_SetCounter), (4 bytes).
    Removing stm32f10x_tim.o(i.TIM_SetIC1Prescaler), (16 bytes).
    Removing stm32f10x_tim.o(i.TIM_SetIC2Prescaler), (24 bytes).
    Removing stm32f10x_tim.o(i.TIM_SetIC3Prescaler), (16 bytes).
    Removing stm32f10x_tim.o(i.TIM_SetIC4Prescaler), (24 bytes).
    Removing stm32f10x_tim.o(i.TIM_TIxExternalClockConfig), (46 bytes).
    Removing stm32f10x_tim.o(i.TIM_TimeBaseInit), (60 bytes).
    Removing stm32f10x_tim.o(i.TIM_TimeBaseStructInit), (18 bytes).
    Removing stm32f10x_tim.o(i.TIM_UpdateDisableConfig), (22 bytes).
    Removing stm32f10x_tim.o(i.TIM_UpdateRequestConfig), (22 bytes).
    Removing stm32f10x_i2c.o(i.I2C_ARPCmd), (20 bytes).
    Removing stm32f10x_i2c.o(i.I2C_AcknowledgeConfig), (20 bytes).
    Removing stm32f10x_i2c.o(i.I2C_CalculatePEC), (20 bytes).
    Removing stm32f10x_i2c.o(i.I2C_CheckEvent), (24 bytes).
    Removing stm32f10x_i2c.o(i.I2C_ClearFlag), (6 bytes).
    Removing stm32f10x_i2c.o(i.I2C_ClearITPendingBit), (6 bytes).
    Removing stm32f10x_i2c.o(i.I2C_Cmd), (20 bytes).
    Removing stm32f10x_i2c.o(i.I2C_DMACmd), (20 bytes).
    Removing stm32f10x_i2c.o(i.I2C_DMALastTransferCmd), (20 bytes).
    Removing stm32f10x_i2c.o(i.I2C_DeInit), (44 bytes).
    Removing stm32f10x_i2c.o(i.I2C_DualAddressCmd), (20 bytes).
    Removing stm32f10x_i2c.o(i.I2C_FastModeDutyCycleConfig), (22 bytes).
    Removing stm32f10x_i2c.o(i.I2C_GeneralCallCmd), (20 bytes).
    Removing stm32f10x_i2c.o(i.I2C_GenerateSTART), (20 bytes).
    Removing stm32f10x_i2c.o(i.I2C_GenerateSTOP), (20 bytes).
    Removing stm32f10x_i2c.o(i.I2C_GetFlagStatus), (42 bytes).
    Removing stm32f10x_i2c.o(i.I2C_GetITStatus), (36 bytes).
    Removing stm32f10x_i2c.o(i.I2C_GetLastEvent), (14 bytes).
    Removing stm32f10x_i2c.o(i.I2C_GetPEC), (6 bytes).
    Removing stm32f10x_i2c.o(i.I2C_ITConfig), (16 bytes).
    Removing stm32f10x_i2c.o(i.I2C_Init), (188 bytes).
    Removing stm32f10x_i2c.o(i.I2C_OwnAddress2Config), (16 bytes).
    Removing stm32f10x_i2c.o(i.I2C_PECPositionConfig), (22 bytes).
    Removing stm32f10x_i2c.o(i.I2C_ReadRegister), (10 bytes).
    Removing stm32f10x_i2c.o(i.I2C_ReceiveData), (6 bytes).
    Removing stm32f10x_i2c.o(i.I2C_SMBusAlertConfig), (22 bytes).
    Removing stm32f10x_i2c.o(i.I2C_Send7bitAddress), (16 bytes).
    Removing stm32f10x_i2c.o(i.I2C_SendData), (4 bytes).
    Removing stm32f10x_i2c.o(i.I2C_SoftwareResetCmd), (20 bytes).
    Removing stm32f10x_i2c.o(i.I2C_StretchClockCmd), (20 bytes).
    Removing stm32f10x_i2c.o(i.I2C_StructInit), (28 bytes).
    Removing stm32f10x_i2c.o(i.I2C_TransmitPEC), (20 bytes).
    Removing extract.o(i.ex_setPartitionField), (2 bytes).
    Removing extract.o(i.ex_setb16), (10 bytes).
    Removing extract.o(i.ex_setb32), (18 bytes).
    Removing fat.o(i.fat_countFreeClusters), (38 bytes).
    Removing fat.o(i.fat_unlinkClusterChain), (72 bytes).
    Removing fs.o(i.fs_getFsInfo), (116 bytes).
    Removing fs.o(i.fs_sectorToCluster), (48 bytes).
    Removing fs.o(i.fs_setFsInfo), (104 bytes).
    Removing ioman.o(i.ioman_decRefCnt), (26 bytes).
    Removing ioman.o(i.ioman_flushAll), (68 bytes).
    Removing ioman.o(i.ioman_getBuffer), (4 bytes).
    Removing ioman.o(i.ioman_printStatus), (30 bytes).
    Removing ioman.o(i.ioman_resetRefCnt), (20 bytes).
    Removing ioman.o(i.ioman_resetUseCnt), (20 bytes).
    Removing mkfs.o(i.mkfs_makevfat), (388 bytes).
    Removing partition.o(i.part_readBuf), (28 bytes).
    Removing partition.o(i.part_writeBuf), (28 bytes).
    Removing plibc.o(i.memSet), (16 bytes).
    Removing time.o(i.fs_makeDate), (4 bytes).
    Removing time.o(i.fs_makeTime), (4 bytes).
    Removing ui.o(i.listFiles), (236 bytes).
    Removing ui.o(i.mkdir), (368 bytes).
    Removing ui.o(i.rmfile), (120 bytes).
    Removing system_stm32f10x.o(.constdata), (4 bytes).
    Removing system_stm32f10x.o(.constdata), (4 bytes).
    Removing system_stm32f10x.o(.constdata), (4 bytes).
    Removing system_stm32f10x.o(.constdata), (4 bytes).
    Removing system_stm32f10x.o(.constdata), (4 bytes).
    Removing core_cm3.o(.emb_text), (32 bytes).
    Removing startup_stm32f10x_md.o(HEAP), (512 bytes).

312 unused section(s) (total 10467 bytes) removed from the image.

==============================================================================

Image Symbol Table

    Local Symbols

    Symbol Name                              Value     Ov Type        Size  Object(Section)

    ../clib/microlib/init/entry.s            0x00000000   Number         0  entry9a.o ABSOLUTE
    ../clib/microlib/init/entry.s            0x00000000   Number         0  entry5.o ABSOLUTE
    ../clib/microlib/init/entry.s            0x00000000   Number         0  entry7a.o ABSOLUTE
    ../clib/microlib/init/entry.s            0x00000000   Number         0  entry7b.o ABSOLUTE
    ../clib/microlib/init/entry.s            0x00000000   Number         0  entry8b.o ABSOLUTE
    ../clib/microlib/init/entry.s            0x00000000   Number         0  entry8a.o ABSOLUTE
    ../clib/microlib/init/entry.s            0x00000000   Number         0  entry2.o ABSOLUTE
    ../clib/microlib/init/entry.s            0x00000000   Number         0  entry9b.o ABSOLUTE
    ../clib/microlib/init/entry.s            0x00000000   Number         0  entry10a.o ABSOLUTE
    ../clib/microlib/init/entry.s            0x00000000   Number         0  entry.o ABSOLUTE
    ../clib/microlib/init/entry.s            0x00000000   Number         0  entry10b.o ABSOLUTE
    ../clib/microlib/init/entry.s            0x00000000   Number         0  entry11a.o ABSOLUTE
    ../clib/microlib/init/entry.s            0x00000000   Number         0  entry11b.o ABSOLUTE
    ../clib/microlib/string/memcpy.c         0x00000000   Number         0  memcpya.o ABSOLUTE
    ../clib/microlib/string/memcpy.c         0x00000000   Number         0  memcpyb.o ABSOLUTE
    ../clib/microlib/string/strcpy.c         0x00000000   Number         0  strcpy.o ABSOLUTE
    ../clib/microlib/string/strlen.c         0x00000000   Number         0  strlen.o ABSOLUTE
    ..\..\Libraries\CMSIS\Core\CM3\core_cm3.c 0x00000000   Number         0  core_cm3.o ABSOLUTE
    ..\..\Libraries\CMSIS\Core\CM3\startup\arm\startup_stm32f10x_md.s 0x00000000   Number         0  startup_stm32f10x_md.o ABSOLUTE
    ..\..\Libraries\CMSIS\Core\CM3\system_stm32f10x.c 0x00000000   Number         0  system_stm32f10x.o ABSOLUTE
    ..\..\Libraries\STM32F10x_StdPeriph_Driver\src\misc.c 0x00000000   Number         0  misc.o ABSOLUTE
    ..\..\Libraries\STM32F10x_StdPeriph_Driver\src\stm32f10x_adc.c 0x00000000   Number         0  stm32f10x_adc.o ABSOLUTE
    ..\..\Libraries\STM32F10x_StdPeriph_Driver\src\stm32f10x_exti.c 0x00000000   Number         0  stm32f10x_exti.o ABSOLUTE
    ..\..\Libraries\STM32F10x_StdPeriph_Driver\src\stm32f10x_flash.c 0x00000000   Number         0  stm32f10x_flash.o ABSOLUTE
    ..\..\Libraries\STM32F10x_StdPeriph_Driver\src\stm32f10x_gpio.c 0x00000000   Number         0  stm32f10x_gpio.o ABSOLUTE
    ..\..\Libraries\STM32F10x_StdPeriph_Driver\src\stm32f10x_i2c.c 0x00000000   Number         0  stm32f10x_i2c.o ABSOLUTE
    ..\..\Libraries\STM32F10x_StdPeriph_Driver\src\stm32f10x_rcc.c 0x00000000   Number         0  stm32f10x_rcc.o ABSOLUTE
    ..\..\Libraries\STM32F10x_StdPeriph_Driver\src\stm32f10x_spi.c 0x00000000   Number         0  stm32f10x_spi.o ABSOLUTE
    ..\..\Libraries\STM32F10x_StdPeriph_Driver\src\stm32f10x_tim.c 0x00000000   Number         0  stm32f10x_tim.o ABSOLUTE
    ..\..\Libraries\STM32F10x_StdPeriph_Driver\src\stm32f10x_usart.c 0x00000000   Number         0  stm32f10x_usart.o ABSOLUTE
    ..\..\Utilities\efsl\source\dir.c        0x00000000   Number         0  dir.o ABSOLUTE
    ..\..\Utilities\efsl\source\disc.c       0x00000000   Number         0  disc.o ABSOLUTE
    ..\..\Utilities\efsl\source\efs.c        0x00000000   Number         0  efs.o ABSOLUTE
    ..\..\Utilities\efsl\source\extract.c    0x00000000   Number         0  extract.o ABSOLUTE
    ..\..\Utilities\efsl\source\fat.c        0x00000000   Number         0  fat.o ABSOLUTE
    ..\..\Utilities\efsl\source\file.c       0x00000000   Number         0  file.o ABSOLUTE
    ..\..\Utilities\efsl\source\fs.c         0x00000000   Number         0  fs.o ABSOLUTE
    ..\..\Utilities\efsl\source\interface\if_stm32.c 0x00000000   Number         0  if_stm32.o ABSOLUTE
    ..\..\Utilities\efsl\source\interface\stm32_sd.c 0x00000000   Number         0  stm32_sd.o ABSOLUTE
    ..\..\Utilities\efsl\source\interface\stm32_spi.c 0x00000000   Number         0  stm32_spi.o ABSOLUTE
    ..\..\Utilities\efsl\source\ioman.c      0x00000000   Number         0  ioman.o ABSOLUTE
    ..\..\Utilities\efsl\source\ls.c         0x00000000   Number         0  ls.o ABSOLUTE
    ..\..\Utilities\efsl\source\mkfs.c       0x00000000   Number         0  mkfs.o ABSOLUTE
    ..\..\Utilities\efsl\source\partition.c  0x00000000   Number         0  partition.o ABSOLUTE
    ..\..\Utilities\efsl\source\plibc.c      0x00000000   Number         0  plibc.o ABSOLUTE
    ..\..\Utilities\efsl\source\time.c       0x00000000   Number         0  time.o ABSOLUTE
    ..\..\Utilities\efsl\source\ui.c         0x00000000   Number         0  ui.o ABSOLUTE
    ..\\..\\Libraries\\CMSIS\\Core\\CM3\\core_cm3.c 0x00000000   Number         0  core_cm3.o ABSOLUTE
    ..\src\main.c                            0x00000000   Number         0  main.o ABSOLUTE
    ..\src\monitor.c                         0x00000000   Number         0  monitor.o ABSOLUTE
    ..\src\stm32_uart.c                      0x00000000   Number         0  stm32_uart.o ABSOLUTE
    ..\src\stm32f10x_it.c                    0x00000000   Number         0  stm32f10x_it.o ABSOLUTE
    dc.s                                     0x00000000   Number         0  dc.o ABSOLUTE
    handlers.s                               0x00000000   Number         0  handlers.o ABSOLUTE
    init.s                                   0x00000000   Number         0  init.o ABSOLUTE
    RESET                                    0x08000000   Section      236  startup_stm32f10x_md.o(RESET)
    .ARM.Collect$$$$00000000                 0x080000ec   Section        0  entry.o(.ARM.Collect$$$$00000000)
    .ARM.Collect$$$$00000001                 0x080000ec   Section        4  entry2.o(.ARM.Collect$$$$00000001)
    .ARM.Collect$$$$00000004                 0x080000f0   Section        4  entry5.o(.ARM.Collect$$$$00000004)
    .ARM.Collect$$$$00000008                 0x080000f4   Section        0  entry7b.o(.ARM.Collect$$$$00000008)
    .ARM.Collect$$$$0000000A                 0x080000f4   Section        0  entry8b.o(.ARM.Collect$$$$0000000A)
    .ARM.Collect$$$$0000000B                 0x080000f4   Section        8  entry9a.o(.ARM.Collect$$$$0000000B)
    .ARM.Collect$$$$0000000D                 0x080000fc   Section        0  entry10a.o(.ARM.Collect$$$$0000000D)
    .ARM.Collect$$$$0000000F                 0x080000fc   Section        0  entry11a.o(.ARM.Collect$$$$0000000F)
    .ARM.Collect$$$$00002712                 0x080000fc   Section        4  entry2.o(.ARM.Collect$$$$00002712)
    __lit__00000000                          0x080000fc   Data           4  entry2.o(.ARM.Collect$$$$00002712)
    .text                                    0x08000100   Section       28  startup_stm32f10x_md.o(.text)
    .text                                    0x0800011c   Section        0  memcpya.o(.text)
    .text                                    0x08000140   Section        0  strlen.o(.text)
    .text                                    0x0800014e   Section        0  strcpy.o(.text)
    .text                                    0x08000160   Section       36  init.o(.text)
    i.BusFault_Handler                       0x08000184   Section        0  stm32f10x_it.o(i.BusFault_Handler)
    i.DebugMon_Handler                       0x08000186   Section        0  stm32f10x_it.o(i.DebugMon_Handler)
    i.EXTI15_10_IRQHandler                   0x08000188   Section        0  stm32f10x_it.o(i.EXTI15_10_IRQHandler)
    i.GPIO_Configuration                     0x0800018c   Section        0  main.o(i.GPIO_Configuration)
    i.GPIO_Init                              0x080001ec   Section        0  stm32f10x_gpio.o(i.GPIO_Init)
    i.GPIO_ResetBits                         0x08000288   Section        0  stm32f10x_gpio.o(i.GPIO_ResetBits)
    i.GPIO_SetBits                           0x0800028c   Section        0  stm32f10x_gpio.o(i.GPIO_SetBits)
    i.HardFault_Handler                      0x08000290   Section        0  stm32f10x_it.o(i.HardFault_Handler)
    i.MemManage_Handler                      0x08000292   Section        0  stm32f10x_it.o(i.MemManage_Handler)
    i.NMI_Handler                            0x08000294   Section        0  stm32f10x_it.o(i.NMI_Handler)
    i.NVIC_Configuration                     0x08000296   Section        0  main.o(i.NVIC_Configuration)
    i.NVIC_PriorityGroupConfig               0x080002b0   Section        0  misc.o(i.NVIC_PriorityGroupConfig)
    i.NVIC_SetVectorTable                    0x080002c4   Section        0  misc.o(i.NVIC_SetVectorTable)
    i.PendSV_Handler                         0x080002d8   Section        0  stm32f10x_it.o(i.PendSV_Handler)
    i.RCC_APB1PeriphResetCmd                 0x080002dc   Section        0  stm32f10x_rcc.o(i.RCC_APB1PeriphResetCmd)
    i.RCC_APB2PeriphClockCmd                 0x080002f4   Section        0  stm32f10x_rcc.o(i.RCC_APB2PeriphClockCmd)
    i.RCC_APB2PeriphResetCmd                 0x0800030c   Section        0  stm32f10x_rcc.o(i.RCC_APB2PeriphResetCmd)
    i.RCC_GetClocksFreq                      0x08000324   Section        0  stm32f10x_rcc.o(i.RCC_GetClocksFreq)
    i.SPI_Cmd                                0x080003b8   Section        0  stm32f10x_spi.o(i.SPI_Cmd)
    i.SPI_I2S_DeInit                         0x080003cc   Section        0  stm32f10x_spi.o(i.SPI_I2S_DeInit)
    i.SPI_I2S_GetFlagStatus                  0x08000420   Section        0  stm32f10x_spi.o(i.SPI_I2S_GetFlagStatus)
    i.SPI_I2S_ReceiveData                    0x0800042e   Section        0  stm32f10x_spi.o(i.SPI_I2S_ReceiveData)
    i.SPI_I2S_SendData                       0x08000432   Section        0  stm32f10x_spi.o(i.SPI_I2S_SendData)
    i.SPI_Init                               0x08000436   Section        0  stm32f10x_spi.o(i.SPI_Init)
    i.STM32_SD_Init                          0x08000470   Section        0  stm32_sd.o(i.STM32_SD_Init)
    i.STM32_SD_ReadCfg                       0x08000564   Section        0  stm32_sd.o(i.STM32_SD_ReadCfg)
    i.STM32_SD_ReadDataBlock                 0x080006cc   Section        0  stm32_sd.o(i.STM32_SD_ReadDataBlock)
    STM32_SD_ReadDataBlock                   0x080006cd   Thumb Code    74  stm32_sd.o(i.STM32_SD_ReadDataBlock)
    i.STM32_SD_ReadSector                    0x08000718   Section        0  stm32_sd.o(i.STM32_SD_ReadSector)
    i.STM32_SD_SendCmd                       0x08000780   Section        0  stm32_sd.o(i.STM32_SD_SendCmd)
    STM32_SD_SendCmd                         0x08000781   Thumb Code   130  stm32_sd.o(i.STM32_SD_SendCmd)
    i.STM32_SD_WaitForReady                  0x08000804   Section        0  stm32_sd.o(i.STM32_SD_WaitForReady)
    STM32_SD_WaitForReady                    0x08000805   Thumb Code    30  stm32_sd.o(i.STM32_SD_WaitForReady)
    i.STM32_SD_WirteDataBlock                0x08000828   Section        0  stm32_sd.o(i.STM32_SD_WirteDataBlock)
    STM32_SD_WirteDataBlock                  0x08000829   Thumb Code    92  stm32_sd.o(i.STM32_SD_WirteDataBlock)
    i.STM32_SD_WriteSector                   0x08000884   Section        0  stm32_sd.o(i.STM32_SD_WriteSector)
    i.STM32_SPI_DeInit                       0x080008fc   Section        0  stm32_spi.o(i.STM32_SPI_DeInit)
    i.STM32_SPI_DeSelect                     0x08000908   Section        0  stm32_spi.o(i.STM32_SPI_DeSelect)
    i.STM32_SPI_Init                         0x08000914   Section        0  stm32_spi.o(i.STM32_SPI_Init)
    i.STM32_SPI_RecvByte                     0x080009a8   Section        0  stm32_spi.o(i.STM32_SPI_RecvByte)
    i.STM32_SPI_Release                      0x080009ae   Section        0  stm32_spi.o(i.STM32_SPI_Release)
    i.STM32_SPI_Select                       0x080009c0   Section        0  stm32_spi.o(i.STM32_SPI_Select)
    i.STM32_SPI_SendByte                     0x080009cc   Section        0  stm32_spi.o(i.STM32_SPI_SendByte)
    i.STM32_UART_Init                        0x080009f4   Section        0  stm32_uart.o(i.STM32_UART_Init)
    i.STM32_UART_PutChar                     0x08000a74   Section        0  stm32_uart.o(i.STM32_UART_PutChar)
    i.SVC_Handler                            0x08000a98   Section        0  stm32f10x_it.o(i.SVC_Handler)
    i.SetSysClockTo72                        0x08000a9c   Section        0  system_stm32f10x.o(i.SetSysClockTo72)
    SetSysClockTo72                          0x08000a9d   Thumb Code   160  system_stm32f10x.o(i.SetSysClockTo72)
    i.SysTick_Handler                        0x08000b44   Section        0  stm32f10x_it.o(i.SysTick_Handler)
    i.SystemInit                             0x08000b48   Section        0  system_stm32f10x.o(i.SystemInit)
    i.USART_Cmd                              0x08000b88   Section        0  stm32f10x_usart.o(i.USART_Cmd)
    i.USART_GetFlagStatus                    0x08000b9c   Section        0  stm32f10x_usart.o(i.USART_GetFlagStatus)
    i.USART_Init                             0x08000bac   Section        0  stm32f10x_usart.o(i.USART_Init)
    i.USART_SendData                         0x08000c38   Section        0  stm32f10x_usart.o(i.USART_SendData)
    i.UsageFault_Handler                     0x08000c40   Section        0  stm32f10x_it.o(i.UsageFault_Handler)
    i.__scatterload_copy                     0x08000c42   Section       14  handlers.o(i.__scatterload_copy)
    i.__scatterload_null                     0x08000c50   Section        2  handlers.o(i.__scatterload_null)
    i.__scatterload_zeroinit                 0x08000c52   Section       14  handlers.o(i.__scatterload_zeroinit)
    i.dir_addCluster                         0x08000c60   Section        0  dir.o(i.dir_addCluster)
    i.dir_createDefaultEntry                 0x08000cc6   Section        0  dir.o(i.dir_createDefaultEntry)
    i.dir_createDirectoryEntry               0x08000cec   Section        0  dir.o(i.dir_createDirectoryEntry)
    i.dir_findFileinBuf                      0x08000d1c   Section        0  dir.o(i.dir_findFileinBuf)
    i.dir_findFreeEntryinBuf                 0x08000d74   Section        0  dir.o(i.dir_findFreeEntryinBuf)
    i.dir_findinBuf                          0x08000db4   Section        0  dir.o(i.dir_findinBuf)
    i.dir_findinCluster                      0x08000dc8   Section        0  dir.o(i.dir_findinCluster)
    i.dir_findinDir                          0x08000e32   Section        0  dir.o(i.dir_findinDir)
    i.dir_findinRootArea                     0x08000e88   Section        0  dir.o(i.dir_findinRootArea)
    i.dir_getFatFileName                     0x08000ef6   Section        0  dir.o(i.dir_getFatFileName)
    i.dir_getFileStructure                   0x08000f3c   Section        0  dir.o(i.dir_getFileStructure)
    i.dir_setFileSize                        0x08000f6c   Section        0  dir.o(i.dir_setFileSize)
    i.dir_setFirstCluster                    0x08000f92   Section        0  dir.o(i.dir_setFirstCluster)
    i.dir_updateDirectoryEntry               0x08000fc2   Section        0  dir.o(i.dir_updateDirectoryEntry)
    i.disc_initDisc                          0x08000ff4   Section        0  disc.o(i.disc_initDisc)
    i.disc_loadMBR                           0x08000ffe   Section        0  disc.o(i.disc_loadMBR)
    i.efs_init                               0x0800103a   Section        0  efs.o(i.efs_init)
    i.ex_getPartitionField                   0x080010a2   Section        0  extract.o(i.ex_getPartitionField)
    i.ex_getb16                              0x080010de   Section        0  extract.o(i.ex_getb16)
    i.ex_getb32                              0x080010ec   Section        0  extract.o(i.ex_getb32)
    i.fat_DiscToLogicCluster                 0x08001104   Section        0  fat.o(i.fat_DiscToLogicCluster)
    i.fat_LogicToDiscCluster                 0x0800113c   Section        0  fat.o(i.fat_LogicToDiscCluster)
    i.fat_allocClusterChain                  0x0800118e   Section        0  fat.o(i.fat_allocClusterChain)
    i.fat_countClustersInChain               0x080012ac   Section        0  fat.o(i.fat_countClustersInChain)
    i.fat_getNextClusterAddress              0x080012dc   Section        0  fat.o(i.fat_getNextClusterAddress)
    i.fat_getNextClusterAddressWBuf          0x08001378   Section        0  fat.o(i.fat_getNextClusterAddressWBuf)
    i.fat_getNextClusterChain                0x080013f0   Section        0  fat.o(i.fat_getNextClusterChain)
    i.fat_getSectorAddressFatEntry           0x08001488   Section        0  fat.o(i.fat_getSectorAddressFatEntry)
    i.fat_giveEocMarker                      0x080014b8   Section        0  fat.o(i.fat_giveEocMarker)
    i.fat_isEocMarker                        0x080014e0   Section        0  fat.o(i.fat_isEocMarker)
    i.fat_setNextClusterAddress              0x08001518   Section        0  fat.o(i.fat_setNextClusterAddress)
    i.fat_setNextClusterAddressWBuf          0x080015f6   Section        0  fat.o(i.fat_setNextClusterAddressWBuf)
    i.file_fclose                            0x080016a6   Section        0  file.o(i.file_fclose)
    i.file_fopen                             0x0800170c   Section        0  file.o(i.file_fopen)
    i.file_fread                             0x080018aa   Section        0  file.o(i.file_fread)
    i.file_fwrite                            0x08001976   Section        0  file.o(i.file_fwrite)
    i.file_getAttr                           0x08001a80   Section        0  file.o(i.file_getAttr)
    i.file_initFile                          0x08001a8c   Section        0  file.o(i.file_initFile)
    i.file_normalToFatName                   0x08001ab8   Section        0  file.o(i.file_normalToFatName)
    i.file_read                              0x08001b3e   Section        0  file.o(i.file_read)
    i.file_requiredCluster                   0x08001b56   Section        0  file.o(i.file_requiredCluster)
    i.file_setAttr                           0x08001baa   Section        0  file.o(i.file_setAttr)
    i.file_setpos                            0x08001bc0   Section        0  file.o(i.file_setpos)
    i.file_validateChar                      0x08001bd2   Section        0  file.o(i.file_validateChar)
    i.file_write                             0x08001c10   Section        0  file.o(i.file_write)
    i.fs_clearCluster                        0x08001c28   Section        0  fs.o(i.fs_clearCluster)
    i.fs_clusterToSector                     0x08001c6a   Section        0  fs.o(i.fs_clusterToSector)
    i.fs_countDataSectors                    0x08001c8e   Section        0  fs.o(i.fs_countDataSectors)
    i.fs_determineFatType                    0x08001cda   Section        0  fs.o(i.fs_determineFatType)
    i.fs_findFile                            0x08001d04   Section        0  fs.o(i.fs_findFile)
    i.fs_findFirstSectorRootDir              0x08001dba   Section        0  fs.o(i.fs_findFirstSectorRootDir)
    i.fs_findFreeFile                        0x08001dde   Section        0  fs.o(i.fs_findFreeFile)
    i.fs_flushFs                             0x08001e3a   Section        0  fs.o(i.fs_flushFs)
    i.fs_getFirstClusterRootDir              0x08001e44   Section        0  fs.o(i.fs_getFirstClusterRootDir)
    i.fs_getLastCluster                      0x08001e54   Section        0  fs.o(i.fs_getLastCluster)
    i.fs_getNextFreeCluster                  0x08001e8c   Section        0  fs.o(i.fs_getNextFreeCluster)
    i.fs_giveFreeClusterHint                 0x08001eb0   Section        0  fs.o(i.fs_giveFreeClusterHint)
    i.fs_hasTimeSupport                      0x08001eb4   Section        0  time.o(i.fs_hasTimeSupport)
    i.fs_initClusterChain                    0x08001eb8   Section        0  fs.o(i.fs_initClusterChain)
    i.fs_initCurrentDir                      0x08001ec8   Section        0  fs.o(i.fs_initCurrentDir)
    i.fs_initFs                              0x08001ed4   Section        0  fs.o(i.fs_initFs)
    i.fs_isValidFat                          0x08001f1c   Section        0  fs.o(i.fs_isValidFat)
    i.fs_loadVolumeId                        0x08001f4a   Section        0  fs.o(i.fs_loadVolumeId)
    i.fs_setFirstClusterInDirEntry           0x08001fbe   Section        0  fs.o(i.fs_setFirstClusterInDirEntry)
    i.fs_umount                              0x08001fc6   Section        0  fs.o(i.fs_umount)
    i.fs_verifySanity                        0x08001fca   Section        0  fs.o(i.fs_verifySanity)
    i.if_initInterface                       0x0800205e   Section        0  if_stm32.o(i.if_initInterface)
    i.if_readBuf                             0x08002088   Section        0  if_stm32.o(i.if_readBuf)
    i.if_writeBuf                            0x080020a2   Section        0  if_stm32.o(i.if_writeBuf)
    i.ioman_decUseCnt                        0x080020bc   Section        0  ioman.o(i.ioman_decUseCnt)
    i.ioman_directSectorRead                 0x080020d6   Section        0  ioman.o(i.ioman_directSectorRead)
    i.ioman_directSectorWrite                0x08002136   Section        0  ioman.o(i.ioman_directSectorWrite)
    i.ioman_findFreeSpot                     0x080021c6   Section        0  ioman.o(i.ioman_findFreeSpot)
    i.ioman_findOverallocableSpot            0x080021ee   Section        0  ioman.o(i.ioman_findOverallocableSpot)
    i.ioman_findSectorInCache                0x0800225e   Section        0  ioman.o(i.ioman_findSectorInCache)
    i.ioman_findUnusedSpot                   0x08002292   Section        0  ioman.o(i.ioman_findUnusedSpot)
    i.ioman_flushRange                       0x0800230e   Section        0  ioman.o(i.ioman_flushRange)
    i.ioman_flushSector                      0x0800236e   Section        0  ioman.o(i.ioman_flushSector)
    i.ioman_getAttr                          0x080023c8   Section        0  ioman.o(i.ioman_getAttr)
    i.ioman_getBp                            0x080023e2   Section        0  ioman.o(i.ioman_getBp)
    i.ioman_getPtr                           0x0800240a   Section        0  ioman.o(i.ioman_getPtr)
    i.ioman_getRefCnt                        0x08002420   Section        0  ioman.o(i.ioman_getRefCnt)
    i.ioman_getSector                        0x08002434   Section        0  ioman.o(i.ioman_getSector)
    i.ioman_getUseCnt                        0x0800250c   Section        0  ioman.o(i.ioman_getUseCnt)
    i.ioman_incRefCnt                        0x08002520   Section        0  ioman.o(i.ioman_incRefCnt)
    i.ioman_incUseCnt                        0x0800253a   Section        0  ioman.o(i.ioman_incUseCnt)
    i.ioman_init                             0x08002554   Section        0  ioman.o(i.ioman_init)
    i.ioman_pop                              0x0800256c   Section        0  ioman.o(i.ioman_pop)
    i.ioman_push                             0x080025b2   Section        0  ioman.o(i.ioman_push)
    i.ioman_putSectorInCache                 0x080025f8   Section        0  ioman.o(i.ioman_putSectorInCache)
    i.ioman_readSector                       0x0800263e   Section        0  ioman.o(i.ioman_readSector)
    i.ioman_releaseSector                    0x0800265a   Section        0  ioman.o(i.ioman_releaseSector)
    i.ioman_reset                            0x080026aa   Section        0  ioman.o(i.ioman_reset)
    i.ioman_resetCacheItem                   0x08002708   Section        0  ioman.o(i.ioman_resetCacheItem)
    i.ioman_setAttr                          0x08002726   Section        0  ioman.o(i.ioman_setAttr)
    i.ioman_writeSector                      0x08002748   Section        0  ioman.o(i.ioman_writeSector)
    i.ls_fileEntryToDirListEntry             0x08002768   Section        0  ls.o(i.ls_fileEntryToDirListEntry)
    i.ls_getDirEntry                         0x08002794   Section        0  ls.o(i.ls_getDirEntry)
    i.ls_getNext                             0x080027aa   Section        0  ls.o(i.ls_getNext)
    i.ls_getRealDirEntry                     0x080027da   Section        0  ls.o(i.ls_getRealDirEntry)
    i.ls_getRootAreaEntry                    0x08002844   Section        0  ls.o(i.ls_getRootAreaEntry)
    i.ls_isValidFileEntry                    0x08002892   Section        0  ls.o(i.ls_isValidFileEntry)
    i.ls_openDir                             0x080028ae   Section        0  ls.o(i.ls_openDir)
    i.main                                   0x080028f0   Section        0  main.o(i.main)
    i.memClr                                 0x08002bc0   Section        0  plibc.o(i.memClr)
    i.memCpy                                 0x08002bd2   Section        0  plibc.o(i.memCpy)
    i.part_directSectorRead                  0x08002bea   Section        0  partition.o(i.part_directSectorRead)
    i.part_directSectorWrite                 0x08002c04   Section        0  partition.o(i.part_directSectorWrite)
    i.part_flushPart                         0x08002c1e   Section        0  partition.o(i.part_flushPart)
    i.part_getRealLBA                        0x08002c44   Section        0  partition.o(i.part_getRealLBA)
    i.part_getSect                           0x08002c56   Section        0  partition.o(i.part_getSect)
    i.part_initPartition                     0x08002c70   Section        0  partition.o(i.part_initPartition)
    i.part_isFatPart                         0x08002c98   Section        0  partition.o(i.part_isFatPart)
    i.part_relSect                           0x08002cb8   Section        0  partition.o(i.part_relSect)
    i.strMatch                               0x08002cc0   Section        0  plibc.o(i.strMatch)
    i.xitoa                                  0x08002cde   Section        0  monitor.o(i.xitoa)
    i.xprintf                                0x08002d46   Section        0  monitor.o(i.xprintf)
    i.xputc                                  0x08002e00   Section        0  monitor.o(i.xputc)
    i.xputs                                  0x08002e18   Section        0  monitor.o(i.xputs)
    .data                                    0x20000000   Section       15  main.o(.data)
    LogFileName                              0x20000002   Data          13  main.o(.data)
    .data                                    0x2000000f   Section       20  stm32f10x_rcc.o(.data)
    ADCPrescTable                            0x2000000f   Data           4  stm32f10x_rcc.o(.data)
    APBAHBPrescTable                         0x20000013   Data          16  stm32f10x_rcc.o(.data)
    .data                                    0x20000023   Section        1  stm32_sd.o(.data)
    CardType                                 0x20000023   Data           1  stm32_sd.o(.data)
    .bss                                     0x20000024   Section     1420  main.o(.bss)
    STACK                                    0x200005b0   Section     1024  startup_stm32f10x_md.o(STACK)

    Global Symbols

    Symbol Name                              Value     Ov Type        Size  Object(Section)

    BuildAttributes$$THM_ISAv4$P$D$K$B$S$PE$A:L22UL41UL21$X:L11$S22US41US21$IEEE1$IW$USESV6$~STKCKD$USESV7$~SHL$OSPACE$EBA8$MICROLIB$REQ8$PRES8$EABIv2 0x00000000   Number         0  anon$$obj.o ABSOLUTE
    __ARM_use_no_argv                        0x00000000   Number         0  main.o ABSOLUTE
    __cpp_initialize__aeabi_                  - Undefined Weak Reference
    __cxa_finalize                            - Undefined Weak Reference
    __decompress                              - Undefined Weak Reference
    _clock_init                               - Undefined Weak Reference
    _microlib_exit                            - Undefined Weak Reference
    __Vectors_Size                           0x000000ec   Number         0  startup_stm32f10x_md.o ABSOLUTE
    __Vectors                                0x08000000   Data           4  startup_stm32f10x_md.o(RESET)
    __Vectors_End                            0x080000ec   Data           0  startup_stm32f10x_md.o(RESET)
    __main                                   0x080000ed   Thumb Code     0  entry.o(.ARM.Collect$$$$00000000)
    _main_stk                                0x080000ed   Thumb Code     0  entry2.o(.ARM.Collect$$$$00000001)
    _main_scatterload                        0x080000f1   Thumb Code     0  entry5.o(.ARM.Collect$$$$00000004)
    __main_after_scatterload                 0x080000f5   Thumb Code     0  entry5.o(.ARM.Collect$$$$00000004)
    _main_clock                              0x080000f5   Thumb Code     0  entry7b.o(.ARM.Collect$$$$00000008)
    _main_cpp_init                           0x080000f5   Thumb Code     0  entry8b.o(.ARM.Collect$$$$0000000A)
    _main_init                               0x080000f5   Thumb Code     0  entry9a.o(.ARM.Collect$$$$0000000B)
    __rt_final_cpp                           0x080000fd   Thumb Code     0  entry10a.o(.ARM.Collect$$$$0000000D)
    __rt_final_exit                          0x080000fd   Thumb Code     0  entry11a.o(.ARM.Collect$$$$0000000F)
    Reset_Handler                            0x08000101   Thumb Code     4  startup_stm32f10x_md.o(.text)
    ADC1_2_IRQHandler                        0x08000117   Thumb Code     0  startup_stm32f10x_md.o(.text)
    CAN1_RX1_IRQHandler                      0x08000117   Thumb Code     0  startup_stm32f10x_md.o(.text)
    CAN1_SCE_IRQHandler                      0x08000117   Thumb Code     0  startup_stm32f10x_md.o(.text)
    DMA1_Channel1_IRQHandler                 0x08000117   Thumb Code     0  startup_stm32f10x_md.o(.text)
    DMA1_Channel2_IRQHandler                 0x08000117   Thumb Code     0  startup_stm32f10x_md.o(.text)
    DMA1_Channel3_IRQHandler                 0x08000117   Thumb Code     0  startup_stm32f10x_md.o(.text)
    DMA1_Channel4_IRQHandler                 0x08000117   Thumb Code     0  startup_stm32f10x_md.o(.text)
    DMA1_Channel5_IRQHandler                 0x08000117   Thumb Code     0  startup_stm32f10x_md.o(.text)
    DMA1_Channel6_IRQHandler                 0x08000117   Thumb Code     0  startup_stm32f10x_md.o(.text)
    DMA1_Channel7_IRQHandler                 0x08000117   Thumb Code     0  startup_stm32f10x_md.o(.text)
    EXTI0_IRQHandler                         0x08000117   Thumb Code     0  startup_stm32f10x_md.o(.text)
    EXTI1_IRQHandler                         0x08000117   Thumb Code     0  startup_stm32f10x_md.o(.text)
    EXTI2_IRQHandler                         0x08000117   Thumb Code     0  startup_stm32f10x_md.o(.text)
    EXTI3_IRQHandler                         0x08000117   Thumb Code     0  startup_stm32f10x_md.o(.text)
    EXTI4_IRQHandler                         0x08000117   Thumb Code     0  startup_stm32f10x_md.o(.text)
    EXTI9_5_IRQHandler                       0x08000117   Thumb Code     0  startup_stm32f10x_md.o(.text)
    FLASH_IRQHandler                         0x08000117   Thumb Code     0  startup_stm32f10x_md.o(.text)
    I2C1_ER_IRQHandler                       0x08000117   Thumb Code     0  startup_stm32f10x_md.o(.text)
    I2C1_EV_IRQHandler                       0x08000117   Thumb Code     0  startup_stm32f10x_md.o(.text)
    I2C2_ER_IRQHandler                       0x08000117   Thumb Code     0  startup_stm32f10x_md.o(.text)
    I2C2_EV_IRQHandler                       0x08000117   Thumb Code     0  startup_stm32f10x_md.o(.text)
    PVD_IRQHandler                           0x08000117   Thumb Code     0  startup_stm32f10x_md.o(.text)
    RCC_IRQHandler                           0x08000117   Thumb Code     0  startup_stm32f10x_md.o(.text)
    RTCAlarm_IRQHandler                      0x08000117   Thumb Code     0  startup_stm32f10x_md.o(.text)
    RTC_IRQHandler                           0x08000117   Thumb Code     0  startup_stm32f10x_md.o(.text)
    SPI1_IRQHandler                          0x08000117   Thumb Code     0  startup_stm32f10x_md.o(.text)
    SPI2_IRQHandler                          0x08000117   Thumb Code     0  startup_stm32f10x_md.o(.text)
    TAMPER_IRQHandler                        0x08000117   Thumb Code     0  startup_stm32f10x_md.o(.text)
    TIM1_BRK_IRQHandler                      0x08000117   Thumb Code     0  startup_stm32f10x_md.o(.text)
    TIM1_CC_IRQHandler                       0x08000117   Thumb Code     0  startup_stm32f10x_md.o(.text)
    TIM1_TRG_COM_IRQHandler                  0x08000117   Thumb Code     0  startup_stm32f10x_md.o(.text)
    TIM1_UP_IRQHandler                       0x08000117   Thumb Code     0  startup_stm32f10x_md.o(.text)
    TIM2_IRQHandler                          0x08000117   Thumb Code     0  startup_stm32f10x_md.o(.text)
    TIM3_IRQHandler                          0x08000117   Thumb Code     0  startup_stm32f10x_md.o(.text)
    TIM4_IRQHandler                          0x08000117   Thumb Code     0  startup_stm32f10x_md.o(.text)
    USART1_IRQHandler                        0x08000117   Thumb Code     0  startup_stm32f10x_md.o(.text)
    USART2_IRQHandler                        0x08000117   Thumb Code     0  startup_stm32f10x_md.o(.text)
    USART3_IRQHandler                        0x08000117   Thumb Code     0  startup_stm32f10x_md.o(.text)
    USBWakeUp_IRQHandler                     0x08000117   Thumb Code     0  startup_stm32f10x_md.o(.text)
    USB_HP_CAN1_TX_IRQHandler                0x08000117   Thumb Code     0  startup_stm32f10x_md.o(.text)
    USB_LP_CAN1_RX0_IRQHandler               0x08000117   Thumb Code     0  startup_stm32f10x_md.o(.text)
    WWDG_IRQHandler                          0x08000117   Thumb Code     0  startup_stm32f10x_md.o(.text)
    __aeabi_memcpy                           0x0800011d   Thumb Code    36  memcpya.o(.text)
    __aeabi_memcpy4                          0x0800011d   Thumb Code     0  memcpya.o(.text)
    __aeabi_memcpy8                          0x0800011d   Thumb Code     0  memcpya.o(.text)
    strlen                                   0x08000141   Thumb Code    14  strlen.o(.text)
    strcpy                                   0x0800014f   Thumb Code    18  strcpy.o(.text)
    __scatterload                            0x08000161   Thumb Code    28  init.o(.text)
    __scatterload_rt2                        0x08000161   Thumb Code     0  init.o(.text)
    BusFault_Handler                         0x08000185   Thumb Code     2  stm32f10x_it.o(i.BusFault_Handler)
    DebugMon_Handler                         0x08000187   Thumb Code     2  stm32f10x_it.o(i.DebugMon_Handler)
    EXTI15_10_IRQHandler                     0x08000189   Thumb Code     2  stm32f10x_it.o(i.EXTI15_10_IRQHandler)
    GPIO_Configuration                       0x0800018d   Thumb Code    74  main.o(i.GPIO_Configuration)
    GPIO_Init                                0x080001ed   Thumb Code   156  stm32f10x_gpio.o(i.GPIO_Init)
    GPIO_ResetBits                           0x08000289   Thumb Code     4  stm32f10x_gpio.o(i.GPIO_ResetBits)
    GPIO_SetBits                             0x0800028d   Thumb Code     4  stm32f10x_gpio.o(i.GPIO_SetBits)
    HardFault_Handler                        0x08000291   Thumb Code     2  stm32f10x_it.o(i.HardFault_Handler)
    MemManage_Handler                        0x08000293   Thumb Code     2  stm32f10x_it.o(i.MemManage_Handler)
    NMI_Handler                              0x08000295   Thumb Code     2  stm32f10x_it.o(i.NMI_Handler)
    NVIC_Configuration                       0x08000297   Thumb Code    24  main.o(i.NVIC_Configuration)
    NVIC_PriorityGroupConfig                 0x080002b1   Thumb Code    10  misc.o(i.NVIC_PriorityGroupConfig)
    NVIC_SetVectorTable                      0x080002c5   Thumb Code    12  misc.o(i.NVIC_SetVectorTable)
    PendSV_Handler                           0x080002d9   Thumb Code     2  stm32f10x_it.o(i.PendSV_Handler)
    RCC_APB1PeriphResetCmd                   0x080002dd   Thumb Code    18  stm32f10x_rcc.o(i.RCC_APB1PeriphResetCmd)
    RCC_APB2PeriphClockCmd                   0x080002f5   Thumb Code    18  stm32f10x_rcc.o(i.RCC_APB2PeriphClockCmd)
    RCC_APB2PeriphResetCmd                   0x0800030d   Thumb Code    18  stm32f10x_rcc.o(i.RCC_APB2PeriphResetCmd)
    RCC_GetClocksFreq                        0x08000325   Thumb Code   132  stm32f10x_rcc.o(i.RCC_GetClocksFreq)
    SPI_Cmd                                  0x080003b9   Thumb Code    20  stm32f10x_spi.o(i.SPI_Cmd)
    SPI_I2S_DeInit                           0x080003cd   Thumb Code    72  stm32f10x_spi.o(i.SPI_I2S_DeInit)
    SPI_I2S_GetFlagStatus                    0x08000421   Thumb Code    14  stm32f10x_spi.o(i.SPI_I2S_GetFlagStatus)
    SPI_I2S_ReceiveData                      0x0800042f   Thumb Code     4  stm32f10x_spi.o(i.SPI_I2S_ReceiveData)
    SPI_I2S_SendData                         0x08000433   Thumb Code     4  stm32f10x_spi.o(i.SPI_I2S_SendData)
    SPI_Init                                 0x08000437   Thumb Code    56  stm32f10x_spi.o(i.SPI_Init)
    STM32_SD_Init                            0x08000471   Thumb Code   240  stm32_sd.o(i.STM32_SD_Init)
    STM32_SD_ReadCfg                         0x08000565   Thumb Code   354  stm32_sd.o(i.STM32_SD_ReadCfg)
    STM32_SD_ReadSector                      0x08000719   Thumb Code    98  stm32_sd.o(i.STM32_SD_ReadSector)
    STM32_SD_WriteSector                     0x08000885   Thumb Code   116  stm32_sd.o(i.STM32_SD_WriteSector)
    STM32_SPI_DeInit                         0x080008fd   Thumb Code     6  stm32_spi.o(i.STM32_SPI_DeInit)
    STM32_SPI_DeSelect                       0x08000909   Thumb Code     8  stm32_spi.o(i.STM32_SPI_DeSelect)
    STM32_SPI_Init                           0x08000915   Thumb Code   138  stm32_spi.o(i.STM32_SPI_Init)
    STM32_SPI_RecvByte                       0x080009a9   Thumb Code     6  stm32_spi.o(i.STM32_SPI_RecvByte)
    STM32_SPI_Release                        0x080009af   Thumb Code    16  stm32_spi.o(i.STM32_SPI_Release)
    STM32_SPI_Select                         0x080009c1   Thumb Code     8  stm32_spi.o(i.STM32_SPI_Select)
    STM32_SPI_SendByte                       0x080009cd   Thumb Code    34  stm32_spi.o(i.STM32_SPI_SendByte)
    STM32_UART_Init                          0x080009f5   Thumb Code   120  stm32_uart.o(i.STM32_UART_Init)
    STM32_UART_PutChar                       0x08000a75   Thumb Code    30  stm32_uart.o(i.STM32_UART_PutChar)
    SVC_Handler                              0x08000a99   Thumb Code     2  stm32f10x_it.o(i.SVC_Handler)
    SysTick_Handler                          0x08000b45   Thumb Code     2  stm32f10x_it.o(i.SysTick_Handler)
    SystemInit                               0x08000b49   Thumb Code    52  system_stm32f10x.o(i.SystemInit)
    USART_Cmd                                0x08000b89   Thumb Code    20  stm32f10x_usart.o(i.USART_Cmd)
    USART_GetFlagStatus                      0x08000b9d   Thumb Code    14  stm32f10x_usart.o(i.USART_GetFlagStatus)
    USART_Init                               0x08000bad   Thumb Code   134  stm32f10x_usart.o(i.USART_Init)
    USART_SendData                           0x08000c39   Thumb Code     8  stm32f10x_usart.o(i.USART_SendData)
    UsageFault_Handler                       0x08000c41   Thumb Code     2  stm32f10x_it.o(i.UsageFault_Handler)
    __scatterload_copy                       0x08000c43   Thumb Code    14  handlers.o(i.__scatterload_copy)
    __scatterload_null                       0x08000c51   Thumb Code     2  handlers.o(i.__scatterload_null)
    __scatterload_zeroinit                   0x08000c53   Thumb Code    14  handlers.o(i.__scatterload_zeroinit)
    dir_addCluster                           0x08000c61   Thumb Code   102  dir.o(i.dir_addCluster)
    dir_createDefaultEntry                   0x08000cc7   Thumb Code    38  dir.o(i.dir_createDefaultEntry)
    dir_createDirectoryEntry                 0x08000ced   Thumb Code    48  dir.o(i.dir_createDirectoryEntry)
    dir_findFileinBuf                        0x08000d1d   Thumb Code    88  dir.o(i.dir_findFileinBuf)
    dir_findFreeEntryinBuf                   0x08000d75   Thumb Code    64  dir.o(i.dir_findFreeEntryinBuf)
    dir_findinBuf                            0x08000db5   Thumb Code    20  dir.o(i.dir_findinBuf)
    dir_findinCluster                        0x08000dc9   Thumb Code   106  dir.o(i.dir_findinCluster)
    dir_findinDir                            0x08000e33   Thumb Code    86  dir.o(i.dir_findinDir)
    dir_findinRootArea                       0x08000e89   Thumb Code   110  dir.o(i.dir_findinRootArea)
    dir_getFatFileName                       0x08000ef7   Thumb Code    70  dir.o(i.dir_getFatFileName)
    dir_getFileStructure                     0x08000f3d   Thumb Code    48  dir.o(i.dir_getFileStructure)
    dir_setFileSize                          0x08000f6d   Thumb Code    38  dir.o(i.dir_setFileSize)
    dir_setFirstCluster                      0x08000f93   Thumb Code    48  dir.o(i.dir_setFirstCluster)
    dir_updateDirectoryEntry                 0x08000fc3   Thumb Code    50  dir.o(i.dir_updateDirectoryEntry)
    disc_initDisc                            0x08000ff5   Thumb Code    10  disc.o(i.disc_initDisc)
    disc_loadMBR                             0x08000fff   Thumb Code    60  disc.o(i.disc_loadMBR)
    efs_init                                 0x0800103b   Thumb Code   104  efs.o(i.efs_init)
    ex_getPartitionField                     0x080010a3   Thumb Code    60  extract.o(i.ex_getPartitionField)
    ex_getb16                                0x080010df   Thumb Code    14  extract.o(i.ex_getb16)
    ex_getb32                                0x080010ed   Thumb Code    24  extract.o(i.ex_getb32)
    fat_DiscToLogicCluster                   0x08001105   Thumb Code    56  fat.o(i.fat_DiscToLogicCluster)
    fat_LogicToDiscCluster                   0x0800113d   Thumb Code    82  fat.o(i.fat_LogicToDiscCluster)
    fat_allocClusterChain                    0x0800118f   Thumb Code   286  fat.o(i.fat_allocClusterChain)
    fat_countClustersInChain                 0x080012ad   Thumb Code    48  fat.o(i.fat_countClustersInChain)
    fat_getNextClusterAddress                0x080012dd   Thumb Code   156  fat.o(i.fat_getNextClusterAddress)
    fat_getNextClusterAddressWBuf            0x08001379   Thumb Code   120  fat.o(i.fat_getNextClusterAddressWBuf)
    fat_getNextClusterChain                  0x080013f1   Thumb Code   152  fat.o(i.fat_getNextClusterChain)
    fat_getSectorAddressFatEntry             0x08001489   Thumb Code    48  fat.o(i.fat_getSectorAddressFatEntry)
    fat_giveEocMarker                        0x080014b9   Thumb Code    38  fat.o(i.fat_giveEocMarker)
    fat_isEocMarker                          0x080014e1   Thumb Code    52  fat.o(i.fat_isEocMarker)
    fat_setNextClusterAddress                0x08001519   Thumb Code   222  fat.o(i.fat_setNextClusterAddress)
    fat_setNextClusterAddressWBuf            0x080015f7   Thumb Code   176  fat.o(i.fat_setNextClusterAddressWBuf)
    file_fclose                              0x080016a7   Thumb Code   102  file.o(i.file_fclose)
    file_fopen                               0x0800170d   Thumb Code   414  file.o(i.file_fopen)
    file_fread                               0x080018ab   Thumb Code   204  file.o(i.file_fread)
    file_fwrite                              0x08001977   Thumb Code   266  file.o(i.file_fwrite)
    file_getAttr                             0x08001a81   Thumb Code    12  file.o(i.file_getAttr)
    file_initFile                            0x08001a8d   Thumb Code    44  file.o(i.file_initFile)
    file_normalToFatName                     0x08001ab9   Thumb Code   134  file.o(i.file_normalToFatName)
    file_read                                0x08001b3f   Thumb Code    24  file.o(i.file_read)
    file_requiredCluster                     0x08001b57   Thumb Code    84  file.o(i.file_requiredCluster)
    file_setAttr                             0x08001bab   Thumb Code    22  file.o(i.file_setAttr)
    file_setpos                              0x08001bc1   Thumb Code    18  file.o(i.file_setpos)
    file_validateChar                        0x08001bd3   Thumb Code    62  file.o(i.file_validateChar)
    file_write                               0x08001c11   Thumb Code    24  file.o(i.file_write)
    fs_clearCluster                          0x08001c29   Thumb Code    66  fs.o(i.fs_clearCluster)
    fs_clusterToSector                       0x08001c6b   Thumb Code    36  fs.o(i.fs_clusterToSector)
    fs_countDataSectors                      0x08001c8f   Thumb Code    76  fs.o(i.fs_countDataSectors)
    fs_determineFatType                      0x08001cdb   Thumb Code    42  fs.o(i.fs_determineFatType)
    fs_findFile                              0x08001d05   Thumb Code   182  fs.o(i.fs_findFile)
    fs_findFirstSectorRootDir                0x08001dbb   Thumb Code    36  fs.o(i.fs_findFirstSectorRootDir)
    fs_findFreeFile                          0x08001ddf   Thumb Code    92  fs.o(i.fs_findFreeFile)
    fs_flushFs                               0x08001e3b   Thumb Code    10  fs.o(i.fs_flushFs)
    fs_getFirstClusterRootDir                0x08001e45   Thumb Code    16  fs.o(i.fs_getFirstClusterRootDir)
    fs_getLastCluster                        0x08001e55   Thumb Code    56  fs.o(i.fs_getLastCluster)
    fs_getNextFreeCluster                    0x08001e8d   Thumb Code    36  fs.o(i.fs_getNextFreeCluster)
    fs_giveFreeClusterHint                   0x08001eb1   Thumb Code     4  fs.o(i.fs_giveFreeClusterHint)
    fs_hasTimeSupport                        0x08001eb5   Thumb Code     4  time.o(i.fs_hasTimeSupport)
    fs_initClusterChain                      0x08001eb9   Thumb Code    16  fs.o(i.fs_initClusterChain)
    fs_initCurrentDir                        0x08001ec9   Thumb Code    12  fs.o(i.fs_initCurrentDir)
    fs_initFs                                0x08001ed5   Thumb Code    72  fs.o(i.fs_initFs)
    fs_isValidFat                            0x08001f1d   Thumb Code    46  fs.o(i.fs_isValidFat)
    fs_loadVolumeId                          0x08001f4b   Thumb Code   116  fs.o(i.fs_loadVolumeId)
    fs_setFirstClusterInDirEntry             0x08001fbf   Thumb Code     8  fs.o(i.fs_setFirstClusterInDirEntry)
    fs_umount                                0x08001fc7   Thumb Code     4  fs.o(i.fs_umount)
    fs_verifySanity                          0x08001fcb   Thumb Code   148  fs.o(i.fs_verifySanity)
    if_initInterface                         0x0800205f   Thumb Code    42  if_stm32.o(i.if_initInterface)
    if_readBuf                               0x08002089   Thumb Code    26  if_stm32.o(i.if_readBuf)
    if_writeBuf                              0x080020a3   Thumb Code    26  if_stm32.o(i.if_writeBuf)
    ioman_decUseCnt                          0x080020bd   Thumb Code    26  ioman.o(i.ioman_decUseCnt)
    ioman_directSectorRead                   0x080020d7   Thumb Code    96  ioman.o(i.ioman_directSectorRead)
    ioman_directSectorWrite                  0x08002137   Thumb Code   144  ioman.o(i.ioman_directSectorWrite)
    ioman_findFreeSpot                       0x080021c7   Thumb Code    40  ioman.o(i.ioman_findFreeSpot)
    ioman_findOverallocableSpot              0x080021ef   Thumb Code   112  ioman.o(i.ioman_findOverallocableSpot)
    ioman_findSectorInCache                  0x0800225f   Thumb Code    52  ioman.o(i.ioman_findSectorInCache)
    ioman_findUnusedSpot                     0x08002293   Thumb Code   124  ioman.o(i.ioman_findUnusedSpot)
    ioman_flushRange                         0x0800230f   Thumb Code    96  ioman.o(i.ioman_flushRange)
    ioman_flushSector                        0x0800236f   Thumb Code    90  ioman.o(i.ioman_flushSector)
    ioman_getAttr                            0x080023c9   Thumb Code    26  ioman.o(i.ioman_getAttr)
    ioman_getBp                              0x080023e3   Thumb Code    40  ioman.o(i.ioman_getBp)
    ioman_getPtr                             0x0800240b   Thumb Code    22  ioman.o(i.ioman_getPtr)
    ioman_getRefCnt                          0x08002421   Thumb Code    20  ioman.o(i.ioman_getRefCnt)
    ioman_getSector                          0x08002435   Thumb Code   216  ioman.o(i.ioman_getSector)
    ioman_getUseCnt                          0x0800250d   Thumb Code    20  ioman.o(i.ioman_getUseCnt)
    ioman_incRefCnt                          0x08002521   Thumb Code    26  ioman.o(i.ioman_incRefCnt)
    ioman_incUseCnt                          0x0800253b   Thumb Code    26  ioman.o(i.ioman_incUseCnt)
    ioman_init                               0x08002555   Thumb Code    24  ioman.o(i.ioman_init)
    ioman_pop                                0x0800256d   Thumb Code    70  ioman.o(i.ioman_pop)
    ioman_push                               0x080025b3   Thumb Code    70  ioman.o(i.ioman_push)
    ioman_putSectorInCache                   0x080025f9   Thumb Code    70  ioman.o(i.ioman_putSectorInCache)
    ioman_readSector                         0x0800263f   Thumb Code    28  ioman.o(i.ioman_readSector)
    ioman_releaseSector                      0x0800265b   Thumb Code    80  ioman.o(i.ioman_releaseSector)
    ioman_reset                              0x080026ab   Thumb Code    94  ioman.o(i.ioman_reset)
    ioman_resetCacheItem                     0x08002709   Thumb Code    30  ioman.o(i.ioman_resetCacheItem)
    ioman_setAttr                            0x08002727   Thumb Code    34  ioman.o(i.ioman_setAttr)
    ioman_writeSector                        0x08002749   Thumb Code    32  ioman.o(i.ioman_writeSector)
    ls_fileEntryToDirListEntry               0x08002769   Thumb Code    44  ls.o(i.ls_fileEntryToDirListEntry)
    ls_getDirEntry                           0x08002795   Thumb Code    22  ls.o(i.ls_getDirEntry)
    ls_getNext                               0x080027ab   Thumb Code    48  ls.o(i.ls_getNext)
    ls_getRealDirEntry                       0x080027db   Thumb Code   106  ls.o(i.ls_getRealDirEntry)
    ls_getRootAreaEntry                      0x08002845   Thumb Code    78  ls.o(i.ls_getRootAreaEntry)
    ls_isValidFileEntry                      0x08002893   Thumb Code    28  ls.o(i.ls_isValidFileEntry)
    ls_openDir                               0x080028af   Thumb Code    66  ls.o(i.ls_openDir)
    main                                     0x080028f1   Thumb Code   398  main.o(i.main)
    memClr                                   0x08002bc1   Thumb Code    18  plibc.o(i.memClr)
    memCpy                                   0x08002bd3   Thumb Code    24  plibc.o(i.memCpy)
    part_directSectorRead                    0x08002beb   Thumb Code    26  partition.o(i.part_directSectorRead)
    part_directSectorWrite                   0x08002c05   Thumb Code    26  partition.o(i.part_directSectorWrite)
    part_flushPart                           0x08002c1f   Thumb Code    38  partition.o(i.part_flushPart)
    part_getRealLBA                          0x08002c45   Thumb Code    18  partition.o(i.part_getRealLBA)
    part_getSect                             0x08002c57   Thumb Code    26  partition.o(i.part_getSect)
    part_initPartition                       0x08002c71   Thumb Code    40  partition.o(i.part_initPartition)
    part_isFatPart                           0x08002c99   Thumb Code    32  partition.o(i.part_isFatPart)
    part_relSect                             0x08002cb9   Thumb Code     8  partition.o(i.part_relSect)
    strMatch                                 0x08002cc1   Thumb Code    30  plibc.o(i.strMatch)
    xitoa                                    0x08002cdf   Thumb Code   104  monitor.o(i.xitoa)
    xprintf                                  0x08002d47   Thumb Code   186  monitor.o(i.xprintf)
    xputc                                    0x08002e01   Thumb Code    24  monitor.o(i.xputc)
    xputs                                    0x08002e19   Thumb Code    22  monitor.o(i.xputs)
    Region$$Table$$Base                      0x08002e30   Number         0  anon$$obj.o(Region$$Table)
    Region$$Table$$Limit                     0x08002e50   Number         0  anon$$obj.o(Region$$Table)
    e                                        0x20000000   Data           2  main.o(.data)
    filer                                    0x20000024   Data          80  main.o(.bss)
    filew                                    0x20000074   Data          80  main.o(.bss)
    buf                                      0x200000c4   Data         513  main.o(.bss)
    efs                                      0x200002c8   Data         692  main.o(.bss)
    list                                     0x2000057c   Data          52  main.o(.bss)
    __initial_sp                             0x200009b0   Data           0  startup_stm32f10x_md.o(STACK)



==============================================================================

Memory Map of the image

  Image Entry point : 0x080000ed

  Load Region LR_IROM1 (Base: 0x08000000, Size: 0x00002e74, Max: 0x00010000, ABSOLUTE)

    Execution Region ER_IROM1 (Base: 0x08000000, Size: 0x00002e50, Max: 0x00010000, ABSOLUTE)

    Base Addr    Size         Type   Attr      Idx    E Section Name        Object

    0x08000000   0x000000ec   Data   RO         3183    RESET               startup_stm32f10x_md.o
    0x080000ec   0x00000000   Code   RO         3188  * .ARM.Collect$$$$00000000  mc_w.l(entry.o)
    0x080000ec   0x00000004   Code   RO         3199    .ARM.Collect$$$$00000001  mc_w.l(entry2.o)
    0x080000f0   0x00000004   Code   RO         3202    .ARM.Collect$$$$00000004  mc_w.l(entry5.o)
    0x080000f4   0x00000000   Code   RO         3204    .ARM.Collect$$$$00000008  mc_w.l(entry7b.o)
    0x080000f4   0x00000000   Code   RO         3206    .ARM.Collect$$$$0000000A  mc_w.l(entry8b.o)
    0x080000f4   0x00000008   Code   RO         3207    .ARM.Collect$$$$0000000B  mc_w.l(entry9a.o)
    0x080000fc   0x00000000   Code   RO         3209    .ARM.Collect$$$$0000000D  mc_w.l(entry10a.o)
    0x080000fc   0x00000000   Code   RO         3211    .ARM.Collect$$$$0000000F  mc_w.l(entry11a.o)
    0x080000fc   0x00000004   Code   RO         3200    .ARM.Collect$$$$00002712  mc_w.l(entry2.o)
    0x08000100   0x0000001c   Code   RO         3184    .text               startup_stm32f10x_md.o
    0x0800011c   0x00000024   Code   RO         3191    .text               mc_w.l(memcpya.o)
    0x08000140   0x0000000e   Code   RO         3193    .text               mc_w.l(strlen.o)
    0x0800014e   0x00000012   Code   RO         3195    .text               mc_w.l(strcpy.o)
    0x08000160   0x00000024   Code   RO         3213    .text               mc_w.l(init.o)
    0x08000184   0x00000002   Code   RO            1    i.BusFault_Handler  stm32f10x_it.o
    0x08000186   0x00000002   Code   RO            2    i.DebugMon_Handler  stm32f10x_it.o
    0x08000188   0x00000002   Code   RO            4    i.EXTI15_10_IRQHandler  stm32f10x_it.o
    0x0800018a   0x00000002   PAD
    0x0800018c   0x00000060   Code   RO          127    i.GPIO_Configuration  main.o
    0x080001ec   0x0000009c   Code   RO          472    i.GPIO_Init         stm32f10x_gpio.o
    0x08000288   0x00000004   Code   RO          479    i.GPIO_ResetBits    stm32f10x_gpio.o
    0x0800028c   0x00000004   Code   RO          480    i.GPIO_SetBits      stm32f10x_gpio.o
    0x08000290   0x00000002   Code   RO            5    i.HardFault_Handler  stm32f10x_it.o
    0x08000292   0x00000002   Code   RO            6    i.MemManage_Handler  stm32f10x_it.o
    0x08000294   0x00000002   Code   RO            7    i.NMI_Handler       stm32f10x_it.o
    0x08000296   0x00000018   Code   RO          128    i.NVIC_Configuration  main.o
    0x080002ae   0x00000002   PAD
    0x080002b0   0x00000014   Code   RO         1123    i.NVIC_PriorityGroupConfig  misc.o
    0x080002c4   0x00000014   Code   RO         1124    i.NVIC_SetVectorTable  misc.o
    0x080002d8   0x00000002   Code   RO            8    i.PendSV_Handler    stm32f10x_it.o
    0x080002da   0x00000002   PAD
    0x080002dc   0x00000018   Code   RO          583    i.RCC_APB1PeriphResetCmd  stm32f10x_rcc.o
    0x080002f4   0x00000018   Code   RO          584    i.RCC_APB2PeriphClockCmd  stm32f10x_rcc.o
    0x0800030c   0x00000018   Code   RO          585    i.RCC_APB2PeriphResetCmd  stm32f10x_rcc.o
    0x08000324   0x00000094   Code   RO          592    i.RCC_GetClocksFreq  stm32f10x_rcc.o
    0x080003b8   0x00000014   Code   RO          785    i.SPI_Cmd           stm32f10x_spi.o
    0x080003cc   0x00000054   Code   RO          792    i.SPI_I2S_DeInit    stm32f10x_spi.o
    0x08000420   0x0000000e   Code   RO          793    i.SPI_I2S_GetFlagStatus  stm32f10x_spi.o
    0x0800042e   0x00000004   Code   RO          796    i.SPI_I2S_ReceiveData  stm32f10x_spi.o
    0x08000432   0x00000004   Code   RO          797    i.SPI_I2S_SendData  stm32f10x_spi.o
    0x08000436   0x00000038   Code   RO          798    i.SPI_Init          stm32f10x_spi.o
    0x0800046e   0x00000002   PAD
    0x08000470   0x000000f4   Code   RO         3042    i.STM32_SD_Init     stm32_sd.o
    0x08000564   0x00000168   Code   RO         3043    i.STM32_SD_ReadCfg  stm32_sd.o
    0x080006cc   0x0000004a   Code   RO         3044    i.STM32_SD_ReadDataBlock  stm32_sd.o
    0x08000716   0x00000002   PAD
    0x08000718   0x00000068   Code   RO         3045    i.STM32_SD_ReadSector  stm32_sd.o
    0x08000780   0x00000082   Code   RO         3046    i.STM32_SD_SendCmd  stm32_sd.o
    0x08000802   0x00000002   PAD
    0x08000804   0x00000024   Code   RO         3047    i.STM32_SD_WaitForReady  stm32_sd.o
    0x08000828   0x0000005c   Code   RO         3048    i.STM32_SD_WirteDataBlock  stm32_sd.o
    0x08000884   0x00000078   Code   RO         3049    i.STM32_SD_WriteSector  stm32_sd.o
    0x080008fc   0x0000000c   Code   RO         3097    i.STM32_SPI_DeInit  stm32_spi.o
    0x08000908   0x0000000c   Code   RO         3098    i.STM32_SPI_DeSelect  stm32_spi.o
    0x08000914   0x00000094   Code   RO         3099    i.STM32_SPI_Init    stm32_spi.o
    0x080009a8   0x00000006   Code   RO         3100    i.STM32_SPI_RecvByte  stm32_spi.o
    0x080009ae   0x00000010   Code   RO         3101    i.STM32_SPI_Release  stm32_spi.o
    0x080009be   0x00000002   PAD
    0x080009c0   0x0000000c   Code   RO         3102    i.STM32_SPI_Select  stm32_spi.o
    0x080009cc   0x00000028   Code   RO         3103    i.STM32_SPI_SendByte  stm32_spi.o
    0x080009f4   0x00000080   Code   RO          275    i.STM32_UART_Init   stm32_uart.o
    0x08000a74   0x00000024   Code   RO          276    i.STM32_UART_PutChar  stm32_uart.o
    0x08000a98   0x00000002   Code   RO            9    i.SVC_Handler       stm32f10x_it.o
    0x08000a9a   0x00000002   PAD
    0x08000a9c   0x000000a8   Code   RO         3143    i.SetSysClockTo72   system_stm32f10x.o
    0x08000b44   0x00000002   Code   RO           10    i.SysTick_Handler   stm32f10x_it.o
    0x08000b46   0x00000002   PAD
    0x08000b48   0x00000040   Code   RO         3144    i.SystemInit        system_stm32f10x.o
    0x08000b88   0x00000014   Code   RO          302    i.USART_Cmd         stm32f10x_usart.o
    0x08000b9c   0x0000000e   Code   RO          305    i.USART_GetFlagStatus  stm32f10x_usart.o
    0x08000baa   0x00000002   PAD
    0x08000bac   0x0000008c   Code   RO          309    i.USART_Init        stm32f10x_usart.o
    0x08000c38   0x00000008   Code   RO          317    i.USART_SendData    stm32f10x_usart.o
    0x08000c40   0x00000002   Code   RO           11    i.UsageFault_Handler  stm32f10x_it.o
    0x08000c42   0x0000000e   Code   RO         3217    i.__scatterload_copy  mc_w.l(handlers.o)
    0x08000c50   0x00000002   Code   RO         3218    i.__scatterload_null  mc_w.l(handlers.o)
    0x08000c52   0x0000000e   Code   RO         3219    i.__scatterload_zeroinit  mc_w.l(handlers.o)
    0x08000c60   0x00000066   Code   RO         2111    i.dir_addCluster    dir.o
    0x08000cc6   0x00000026   Code   RO         2112    i.dir_createDefaultEntry  dir.o
    0x08000cec   0x00000030   Code   RO         2113    i.dir_createDirectoryEntry  dir.o
    0x08000d1c   0x00000058   Code   RO         2114    i.dir_findFileinBuf  dir.o
    0x08000d74   0x00000040   Code   RO         2115    i.dir_findFreeEntryinBuf  dir.o
    0x08000db4   0x00000014   Code   RO         2116    i.dir_findinBuf     dir.o
    0x08000dc8   0x0000006a   Code   RO         2117    i.dir_findinCluster  dir.o
    0x08000e32   0x00000056   Code   RO         2118    i.dir_findinDir     dir.o
    0x08000e88   0x0000006e   Code   RO         2119    i.dir_findinRootArea  dir.o
    0x08000ef6   0x00000046   Code   RO         2120    i.dir_getFatFileName  dir.o
    0x08000f3c   0x00000030   Code   RO         2121    i.dir_getFileStructure  dir.o
    0x08000f6c   0x00000026   Code   RO         2122    i.dir_setFileSize   dir.o
    0x08000f92   0x00000030   Code   RO         2123    i.dir_setFirstCluster  dir.o
    0x08000fc2   0x00000032   Code   RO         2124    i.dir_updateDirectoryEntry  dir.o
    0x08000ff4   0x0000000a   Code   RO         2204    i.disc_initDisc     disc.o
    0x08000ffe   0x0000003c   Code   RO         2205    i.disc_loadMBR      disc.o
    0x0800103a   0x00000068   Code   RO         2225    i.efs_init          efs.o
    0x080010a2   0x0000003c   Code   RO         2240    i.ex_getPartitionField  extract.o
    0x080010de   0x0000000e   Code   RO         2241    i.ex_getb16         extract.o
    0x080010ec   0x00000018   Code   RO         2242    i.ex_getb32         extract.o
    0x08001104   0x00000038   Code   RO         2282    i.fat_DiscToLogicCluster  fat.o
    0x0800113c   0x00000052   Code   RO         2283    i.fat_LogicToDiscCluster  fat.o
    0x0800118e   0x0000011e   Code   RO         2284    i.fat_allocClusterChain  fat.o
    0x080012ac   0x00000030   Code   RO         2285    i.fat_countClustersInChain  fat.o
    0x080012dc   0x0000009c   Code   RO         2287    i.fat_getNextClusterAddress  fat.o
    0x08001378   0x00000078   Code   RO         2288    i.fat_getNextClusterAddressWBuf  fat.o
    0x080013f0   0x00000098   Code   RO         2289    i.fat_getNextClusterChain  fat.o
    0x08001488   0x00000030   Code   RO         2290    i.fat_getSectorAddressFatEntry  fat.o
    0x080014b8   0x00000026   Code   RO         2291    i.fat_giveEocMarker  fat.o
    0x080014de   0x00000002   PAD
    0x080014e0   0x00000038   Code   RO         2292    i.fat_isEocMarker   fat.o
    0x08001518   0x000000de   Code   RO         2293    i.fat_setNextClusterAddress  fat.o
    0x080015f6   0x000000b0   Code   RO         2294    i.fat_setNextClusterAddressWBuf  fat.o
    0x080016a6   0x00000066   Code   RO         2374    i.file_fclose       file.o
    0x0800170c   0x0000019e   Code   RO         2375    i.file_fopen        file.o
    0x080018aa   0x000000cc   Code   RO         2376    i.file_fread        file.o
    0x08001976   0x0000010a   Code   RO         2377    i.file_fwrite       file.o
    0x08001a80   0x0000000c   Code   RO         2378    i.file_getAttr      file.o
    0x08001a8c   0x0000002c   Code   RO         2379    i.file_initFile     file.o
    0x08001ab8   0x00000086   Code   RO         2380    i.file_normalToFatName  file.o
    0x08001b3e   0x00000018   Code   RO         2381    i.file_read         file.o
    0x08001b56   0x00000054   Code   RO         2382    i.file_requiredCluster  file.o
    0x08001baa   0x00000016   Code   RO         2383    i.file_setAttr      file.o
    0x08001bc0   0x00000012   Code   RO         2384    i.file_setpos       file.o
    0x08001bd2   0x0000003e   Code   RO         2385    i.file_validateChar  file.o
    0x08001c10   0x00000018   Code   RO         2386    i.file_write        file.o
    0x08001c28   0x00000042   Code   RO         2456    i.fs_clearCluster   fs.o
    0x08001c6a   0x00000024   Code   RO         2457    i.fs_clusterToSector  fs.o
    0x08001c8e   0x0000004c   Code   RO         2458    i.fs_countDataSectors  fs.o
    0x08001cda   0x0000002a   Code   RO         2459    i.fs_determineFatType  fs.o
    0x08001d04   0x000000b6   Code   RO         2460    i.fs_findFile       fs.o
    0x08001dba   0x00000024   Code   RO         2461    i.fs_findFirstSectorRootDir  fs.o
    0x08001dde   0x0000005c   Code   RO         2462    i.fs_findFreeFile   fs.o
    0x08001e3a   0x0000000a   Code   RO         2463    i.fs_flushFs        fs.o
    0x08001e44   0x00000010   Code   RO         2464    i.fs_getFirstClusterRootDir  fs.o
    0x08001e54   0x00000038   Code   RO         2466    i.fs_getLastCluster  fs.o
    0x08001e8c   0x00000024   Code   RO         2467    i.fs_getNextFreeCluster  fs.o
    0x08001eb0   0x00000004   Code   RO         2468    i.fs_giveFreeClusterHint  fs.o
    0x08001eb4   0x00000004   Code   RO         2955    i.fs_hasTimeSupport  time.o
    0x08001eb8   0x00000010   Code   RO         2469    i.fs_initClusterChain  fs.o
    0x08001ec8   0x0000000c   Code   RO         2470    i.fs_initCurrentDir  fs.o
    0x08001ed4   0x00000048   Code   RO         2471    i.fs_initFs         fs.o
    0x08001f1c   0x0000002e   Code   RO         2472    i.fs_isValidFat     fs.o
    0x08001f4a   0x00000074   Code   RO         2473    i.fs_loadVolumeId   fs.o
    0x08001fbe   0x00000008   Code   RO         2475    i.fs_setFirstClusterInDirEntry  fs.o
    0x08001fc6   0x00000004   Code   RO         2477    i.fs_umount         fs.o
    0x08001fca   0x00000094   Code   RO         2478    i.fs_verifySanity   fs.o
    0x0800205e   0x0000002a   Code   RO         3006    i.if_initInterface  if_stm32.o
    0x08002088   0x0000001a   Code   RO         3007    i.if_readBuf        if_stm32.o
    0x080020a2   0x0000001a   Code   RO         3008    i.if_writeBuf       if_stm32.o
    0x080020bc   0x0000001a   Code   RO         2596    i.ioman_decUseCnt   ioman.o
    0x080020d6   0x00000060   Code   RO         2597    i.ioman_directSectorRead  ioman.o
    0x08002136   0x00000090   Code   RO         2598    i.ioman_directSectorWrite  ioman.o
    0x080021c6   0x00000028   Code   RO         2599    i.ioman_findFreeSpot  ioman.o
    0x080021ee   0x00000070   Code   RO         2600    i.ioman_findOverallocableSpot  ioman.o
    0x0800225e   0x00000034   Code   RO         2601    i.ioman_findSectorInCache  ioman.o
    0x08002292   0x0000007c   Code   RO         2602    i.ioman_findUnusedSpot  ioman.o
    0x0800230e   0x00000060   Code   RO         2604    i.ioman_flushRange  ioman.o
    0x0800236e   0x0000005a   Code   RO         2605    i.ioman_flushSector  ioman.o
    0x080023c8   0x0000001a   Code   RO         2606    i.ioman_getAttr     ioman.o
    0x080023e2   0x00000028   Code   RO         2607    i.ioman_getBp       ioman.o
    0x0800240a   0x00000016   Code   RO         2609    i.ioman_getPtr      ioman.o
    0x08002420   0x00000014   Code   RO         2610    i.ioman_getRefCnt   ioman.o
    0x08002434   0x000000d8   Code   RO         2611    i.ioman_getSector   ioman.o
    0x0800250c   0x00000014   Code   RO         2612    i.ioman_getUseCnt   ioman.o
    0x08002520   0x0000001a   Code   RO         2613    i.ioman_incRefCnt   ioman.o
    0x0800253a   0x0000001a   Code   RO         2614    i.ioman_incUseCnt   ioman.o
    0x08002554   0x00000018   Code   RO         2615    i.ioman_init        ioman.o
    0x0800256c   0x00000046   Code   RO         2616    i.ioman_pop         ioman.o
    0x080025b2   0x00000046   Code   RO         2618    i.ioman_push        ioman.o
    0x080025f8   0x00000046   Code   RO         2619    i.ioman_putSectorInCache  ioman.o
    0x0800263e   0x0000001c   Code   RO         2620    i.ioman_readSector  ioman.o
    0x0800265a   0x00000050   Code   RO         2621    i.ioman_releaseSector  ioman.o
    0x080026aa   0x0000005e   Code   RO         2622    i.ioman_reset       ioman.o
    0x08002708   0x0000001e   Code   RO         2623    i.ioman_resetCacheItem  ioman.o
    0x08002726   0x00000022   Code   RO         2626    i.ioman_setAttr     ioman.o
    0x08002748   0x00000020   Code   RO         2627    i.ioman_writeSector  ioman.o
    0x08002768   0x0000002c   Code   RO         2790    i.ls_fileEntryToDirListEntry  ls.o
    0x08002794   0x00000016   Code   RO         2791    i.ls_getDirEntry    ls.o
    0x080027aa   0x00000030   Code   RO         2792    i.ls_getNext        ls.o
    0x080027da   0x0000006a   Code   RO         2793    i.ls_getRealDirEntry  ls.o
    0x08002844   0x0000004e   Code   RO         2794    i.ls_getRootAreaEntry  ls.o
    0x08002892   0x0000001c   Code   RO         2795    i.ls_isValidFileEntry  ls.o
    0x080028ae   0x00000042   Code   RO         2796    i.ls_openDir        ls.o
    0x080028f0   0x000002d0   Code   RO          129    i.main              main.o
    0x08002bc0   0x00000012   Code   RO         2922    i.memClr            plibc.o
    0x08002bd2   0x00000018   Code   RO         2923    i.memCpy            plibc.o
    0x08002bea   0x0000001a   Code   RO         2854    i.part_directSectorRead  partition.o
    0x08002c04   0x0000001a   Code   RO         2855    i.part_directSectorWrite  partition.o
    0x08002c1e   0x00000026   Code   RO         2856    i.part_flushPart    partition.o
    0x08002c44   0x00000012   Code   RO         2857    i.part_getRealLBA   partition.o
    0x08002c56   0x0000001a   Code   RO         2858    i.part_getSect      partition.o
    0x08002c70   0x00000028   Code   RO         2859    i.part_initPartition  partition.o
    0x08002c98   0x00000020   Code   RO         2860    i.part_isFatPart    partition.o
    0x08002cb8   0x00000008   Code   RO         2862    i.part_relSect      partition.o
    0x08002cc0   0x0000001e   Code   RO         2925    i.strMatch          plibc.o
    0x08002cde   0x00000068   Code   RO          227    i.xitoa             monitor.o
    0x08002d46   0x000000ba   Code   RO          228    i.xprintf           monitor.o
    0x08002e00   0x00000018   Code   RO          229    i.xputc             monitor.o
    0x08002e18   0x00000016   Code   RO          230    i.xputs             monitor.o
    0x08002e2e   0x00000002   PAD
    0x08002e30   0x00000020   Data   RO         3215    Region$$Table       anon$$obj.o


    Execution Region RW_IRAM1 (Base: 0x20000000, Size: 0x000009b0, Max: 0x00005000, ABSOLUTE)

    Base Addr    Size         Type   Attr      Idx    E Section Name        Object

    0x20000000   0x0000000f   Data   RW          133    .data               main.o
    0x2000000f   0x00000014   Data   RW          612    .data               stm32f10x_rcc.o
    0x20000023   0x00000001   Data   RW         3050    .data               stm32_sd.o
    0x20000024   0x0000058c   Zero   RW          130    .bss                main.o
    0x200005b0   0x00000400   Zero   RW         3181    STACK               startup_stm32f10x_md.o


==============================================================================

Image component sizes


      Code (inc. data)   RO Data    RW Data    ZI Data      Debug   Object Name

         0          0          0          0          0         32   core_cm3.o
       916          0          0          0          0       9506   dir.o
        70          0          0          0          0       1395   disc.o
       104          0          0          0          0        955   efs.o
        98          0          0          0          0       1963   extract.o
      1440          4          0          0          0       9122   fat.o
      1410          0          0          0          0       9177   file.o
      1074          0          0          0          0      12084   fs.o
        94          0          0          0          0       3934   if_stm32.o
      1708          0          0          0          0      17186   ioman.o
       392          0          0          0          0       4501   ls.o
       840        344          0         15       1420      10090   main.o
        40         18          0          0          0       1093   misc.o
       336          0          0          0          0       3300   monitor.o
       214          0          0          0          0       4918   partition.o
        72          0          0          0          0       1945   plibc.o
        28          4        236          0       1024        872   startup_stm32f10x_md.o
      1160         26          0          1          0       6536   stm32_sd.o
       246         30          0          0          0       4270   stm32_spi.o
       164         14          0          0          0       1171   stm32_uart.o
       164          0          0          0          0       3012   stm32f10x_gpio.o
        20          0          0          0          0     236409   stm32f10x_it.o
       220         34          0         20          0       5243   stm32f10x_rcc.o
       182         12          0          0          0       4647   stm32f10x_spi.o
       182          6          0          0          0       3928   stm32f10x_usart.o
       232         20          0          0          0       1629   system_stm32f10x.o
         4          0          0          0          0        488   time.o

    ----------------------------------------------------------------------
     11434        512        268         36       2444     359406   Object Totals
         0          0         32          0          0          0   (incl. Generated)
        24          0          0          0          0          0   (incl. Padding)

    ----------------------------------------------------------------------

      Code (inc. data)   RO Data    RW Data    ZI Data      Debug   Library Member Name

         0          0          0          0          0          0   entry.o
         0          0          0          0          0          0   entry10a.o
         0          0          0          0          0          0   entry11a.o
         8          4          0          0          0          0   entry2.o
         4          0          0          0          0          0   entry5.o
         0          0          0          0          0          0   entry7b.o
         0          0          0          0          0          0   entry8b.o
         8          4          0          0          0          0   entry9a.o
        30          0          0          0          0          0   handlers.o
        36          8          0          0          0         68   init.o
        36          0          0          0          0         68   memcpya.o
        18          0          0          0          0         68   strcpy.o
        14          0          0          0          0         68   strlen.o

    ----------------------------------------------------------------------
       154         16          0          0          0        272   Library Totals
         0          0          0          0          0          0   (incl. Padding)

    ----------------------------------------------------------------------

      Code (inc. data)   RO Data    RW Data    ZI Data      Debug   Library Name

       154         16          0          0          0        272   mc_w.l

    ----------------------------------------------------------------------
       154         16          0          0          0        272   Library Totals

    ----------------------------------------------------------------------

==============================================================================


      Code (inc. data)   RO Data    RW Data    ZI Data      Debug   

     11588        528        268         36       2444     351250   Grand Totals
     11588        528        268         36       2444     351250   ELF Image Totals
     11588        528        268         36          0          0   ROM Totals

==============================================================================

    Total RO  Size (Code + RO Data)                11856 (  11.58kB)
    Total RW  Size (RW Data + ZI Data)              2480 (   2.42kB)
    Total ROM Size (Code + RO Data + RW Data)      11892 (  11.61kB)

==============================================================================

