ARM Linker, RVCT4.0 [Build 728] [Standard]

==============================================================================

Section Cross References

    main.o(i.GPIO_Configuration) refers to stm32f10x_rcc.o(i.RCC_APB2PeriphClockCmd) for RCC_APB2PeriphClockCmd
    main.o(i.GPIO_Configuration) refers to stm32f10x_gpio.o(i.GPIO_Init) for GPIO_Init
    main.o(i.NVIC_Configuration) refers to misc.o(i.NVIC_SetVectorTable) for NVIC_SetVectorTable
    main.o(i.NVIC_Configuration) refers to misc.o(i.NVIC_PriorityGroupConfig) for NVIC_PriorityGroupConfig
    main.o(i.main) refers to system_stm32f10x.o(i.SystemInit) for SystemInit
    main.o(i.main) refers to main.o(i.GPIO_Configuration) for GPIO_Configuration
    main.o(i.main) refers to main.o(i.NVIC_Configuration) for NVIC_Configuration
    main.o(i.main) refers to stm32_uart.o(i.STM32_UART_Init) for STM32_UART_Init
    main.o(i.main) refers to monitor.o(i.xprintf) for xprintf
    main.o(i.main) refers to efs.o(i.efs_init) for efs_init
    main.o(i.main) refers to ls.o(i.ls_openDir) for ls_openDir
    main.o(i.main) refers to ls.o(i.ls_getNext) for ls_getNext
    main.o(i.main) refers to file.o(i.file_fopen) for file_fopen
    main.o(i.main) refers to file.o(i.file_read) for file_read
    main.o(i.main) refers to file.o(i.file_fclose) for file_fclose
    main.o(i.main) refers to strcpy.o(.text) for strcpy
    main.o(i.main) refers to strlen.o(.text) for strlen
    main.o(i.main) refers to file.o(i.file_write) for file_write
    main.o(i.main) refers to fs.o(i.fs_umount) for fs_umount
    main.o(i.main) refers to main.o(.bss) for .bss
    main.o(i.main) refers to main.o(.data) for .data
    monitor.o(i.get_line) refers to stm32_uart.o(i.STM32_UART_GetChar) for STM32_UART_GetChar
    monitor.o(i.get_line) refers to monitor.o(i.xputc) for xputc
    monitor.o(i.put_dump) refers to monitor.o(i.xprintf) for xprintf
    monitor.o(i.put_dump) refers to monitor.o(i.xputc) for xputc
    monitor.o(i.xitoa) refers to monitor.o(i.xputc) for xputc
    monitor.o(i.xprintf) refers to monitor.o(i.xputc) for xputc
    monitor.o(i.xprintf) refers to monitor.o(i.xputs) for xputs
    monitor.o(i.xprintf) refers to monitor.o(i.xitoa) for xitoa
    monitor.o(i.xputc) refers to stm32_uart.o(i.STM32_UART_PutChar) for STM32_UART_PutChar
    monitor.o(i.xputs) refers to monitor.o(i.xputc) for xputc
    stm32_uart.o(i.STM32_UART_GetChar) refers to stm32f10x_usart.o(i.USART_GetITStatus) for USART_GetITStatus
    stm32_uart.o(i.STM32_UART_GetChar) refers to stm32f10x_usart.o(i.USART_ReceiveData) for USART_ReceiveData
    stm32_uart.o(i.STM32_UART_Init) refers to stm32f10x_rcc.o(i.RCC_APB2PeriphClockCmd) for RCC_APB2PeriphClockCmd
    stm32_uart.o(i.STM32_UART_Init) refers to stm32f10x_gpio.o(i.GPIO_Init) for GPIO_Init
    stm32_uart.o(i.STM32_UART_Init) refers to stm32f10x_usart.o(i.USART_Init) for USART_Init
    stm32_uart.o(i.STM32_UART_Init) refers to stm32f10x_usart.o(i.USART_Cmd) for USART_Cmd
    stm32_uart.o(i.STM32_UART_PutChar) refers to stm32f10x_usart.o(i.USART_SendData) for USART_SendData
    stm32_uart.o(i.STM32_UART_PutChar) refers to stm32f10x_usart.o(i.USART_GetFlagStatus) for USART_GetFlagStatus
    stm32f10x_usart.o(i.USART_DeInit) refers to stm32f10x_rcc.o(i.RCC_APB2PeriphResetCmd) for RCC_APB2PeriphResetCmd
    stm32f10x_usart.o(i.USART_DeInit) refers to stm32f10x_rcc.o(i.RCC_APB1PeriphResetCmd) for RCC_APB1PeriphResetCmd
    stm32f10x_usart.o(i.USART_Init) refers to stm32f10x_rcc.o(i.RCC_GetClocksFreq) for RCC_GetClocksFreq
    stm32f10x_gpio.o(i.GPIO_AFIODeInit) refers to stm32f10x_rcc.o(i.RCC_APB2PeriphResetCmd) for RCC_APB2PeriphResetCmd
    stm32f10x_gpio.o(i.GPIO_DeInit) refers to stm32f10x_rcc.o(i.RCC_APB2PeriphResetCmd) for RCC_APB2PeriphResetCmd
    stm32f10x_rcc.o(i.RCC_GetClocksFreq) refers to stm32f10x_rcc.o(.data) for .data
    stm32f10x_rcc.o(i.RCC_WaitForHSEStartUp) refers to stm32f10x_rcc.o(i.RCC_GetFlagStatus) for RCC_GetFlagStatus
    stm32f10x_spi.o(i.I2S_Init) refers to stm32f10x_rcc.o(i.RCC_GetClocksFreq) for RCC_GetClocksFreq
    stm32f10x_spi.o(i.SPI_I2S_DeInit) refers to stm32f10x_rcc.o(i.RCC_APB2PeriphResetCmd) for RCC_APB2PeriphResetCmd
    stm32f10x_spi.o(i.SPI_I2S_DeInit) refers to stm32f10x_rcc.o(i.RCC_APB1PeriphResetCmd) for RCC_APB1PeriphResetCmd
    stm32f10x_flash.o(i.FLASH_EnableWriteProtection) refers to stm32f10x_flash.o(i.FLASH_WaitForLastOperation) for FLASH_WaitForLastOperation
    stm32f10x_flash.o(i.FLASH_EraseAllPages) refers to stm32f10x_flash.o(i.FLASH_WaitForLastOperation) for FLASH_WaitForLastOperation
    stm32f10x_flash.o(i.FLASH_EraseOptionBytes) refers to stm32f10x_flash.o(i.FLASH_WaitForLastOperation) for FLASH_WaitForLastOperation
    stm32f10x_flash.o(i.FLASH_ErasePage) refers to stm32f10x_flash.o(i.FLASH_WaitForLastOperation) for FLASH_WaitForLastOperation
[...]
    Removing sd_stm32.o(i.if_setPos), (4 bytes).
    Removing system_stm32f10x.o(.constdata), (4 bytes).
    Removing system_stm32f10x.o(.constdata), (4 bytes).
    Removing system_stm32f10x.o(.constdata), (4 bytes).
    Removing system_stm32f10x.o(.constdata), (4 bytes).
    Removing system_stm32f10x.o(.constdata), (4 bytes).
    Removing core_cm3.o(.emb_text), (32 bytes).

325 unused section(s) (total 10071 bytes) removed from the image.

==============================================================================

Image Symbol Table

    Local Symbols

    Symbol Name                              Value     Ov Type        Size  Object(Section)

    ../../angel/boardlib.s                   0x00000000   Number         0  boardinit3.o ABSOLUTE
    ../../angel/boardlib.s                   0x00000000   Number         0  boardinit2.o ABSOLUTE
    ../../angel/boardlib.s                   0x00000000   Number         0  boardinit1.o ABSOLUTE
    ../../angel/boardlib.s                   0x00000000   Number         0  boardshut.o ABSOLUTE
    ../../angel/handlers.s                   0x00000000   Number         0  __scatter_zi.o ABSOLUTE
    ../../angel/handlers.s                   0x00000000   Number         0  __scatter_copy.o ABSOLUTE
    ../../angel/kernel.s                     0x00000000   Number         0  rtexit.o ABSOLUTE
    ../../angel/kernel.s                     0x00000000   Number         0  rtexit2.o ABSOLUTE
    ../../angel/kernel.s                     0x00000000   Number         0  rtentry4.o ABSOLUTE
    ../../angel/kernel.s                     0x00000000   Number         0  rtentry2.o ABSOLUTE
    ../../angel/kernel.s                     0x00000000   Number         0  rtentry.o ABSOLUTE
    ../../angel/rt.s                         0x00000000   Number         0  rt_fp_status_addr_intlibspace.o ABSOLUTE
    ../../angel/rt.s                         0x00000000   Number         0  rt_fp_status_addr.o ABSOLUTE
    ../../angel/rt.s                         0x00000000   Number         0  rt_raise.o ABSOLUTE
    ../../angel/scatter.s                    0x00000000   Number         0  __scatter.o ABSOLUTE
    ../../angel/startup.s                    0x00000000   Number         0  __main.o ABSOLUTE
    ../../angel/sys.s                        0x00000000   Number         0  sys_exit.o ABSOLUTE
    ../../angel/sys.s                        0x00000000   Number         0  libspace.o ABSOLUTE
    ../../angel/sys.s                        0x00000000   Number         0  use_no_semi.o ABSOLUTE
    ../../angel/sys.s                        0x00000000   Number         0  sys_stackheap_outer.o ABSOLUTE
    ../../angel/sysapp.c                     0x00000000   Number         0  sys_command.o ABSOLUTE
    ../../angel/sysapp.c                     0x00000000   Number         0  sys_wrch.o ABSOLUTE
    ../../armsys.c                           0x00000000   Number         0  _get_argv_nomalloc.o ABSOLUTE
    ../../armsys.c                           0x00000000   Number         0  no_argv.o ABSOLUTE
    ../../armsys.c                           0x00000000   Number         0  argv_veneer.o ABSOLUTE
    ../../armsys.c                           0x00000000   Number         0  argv_veneer.o ABSOLUTE
    ../../fpinit.s                           0x00000000   Number         0  fpinit.o ABSOLUTE
    ../../heapalloc.c                        0x00000000   Number         0  hrguard.o ABSOLUTE
    ../../heapaux.c                          0x00000000   Number         0  heapauxi.o ABSOLUTE
    ../../libinit.s                          0x00000000   Number         0  libshutdown.o ABSOLUTE
    ../../libinit.s                          0x00000000   Number         0  libshutdown2.o ABSOLUTE
    ../../libinit.s                          0x00000000   Number         0  libinit2.o ABSOLUTE
    ../../libinit.s                          0x00000000   Number         0  libinit.o ABSOLUTE
    ../../memcpset.s                         0x00000000   Number         0  rt_memcpy_w.o ABSOLUTE
    ../../signal.c                           0x00000000   Number         0  defsig_other.o ABSOLUTE
    ../../signal.c                           0x00000000   Number         0  defsig_cppl_inner.o ABSOLUTE
    ../../signal.c                           0x00000000   Number         0  defsig_pvfn_inner.o ABSOLUTE
    ../../signal.c                           0x00000000   Number         0  defsig_stak_inner.o ABSOLUTE
    ../../signal.c                           0x00000000   Number         0  defsig_rtred_inner.o ABSOLUTE
    ../../signal.c                           0x00000000   Number         0  defsig_fpe_inner.o ABSOLUTE
    ../../signal.c                           0x00000000   Number         0  defsig_general.o ABSOLUTE
    ../../signal.c                           0x00000000   Number         0  __raise.o ABSOLUTE
    ../../signal.c                           0x00000000   Number         0  defsig_exit.o ABSOLUTE
    ../../signal.c                           0x00000000   Number         0  defsig_abrt_inner.o ABSOLUTE
    ../../signal.c                           0x00000000   Number         0  defsig_rtmem_formal.o ABSOLUTE
    ../../signal.c                           0x00000000   Number         0  defsig_rtmem_outer.o ABSOLUTE
    ../../signal.c                           0x00000000   Number         0  defsig_rtmem_inner.o ABSOLUTE
    ../../signal.c                           0x00000000   Number         0  defsig_segv_inner.o ABSOLUTE
    ../../signal.s                           0x00000000   Number         0  defsig.o ABSOLUTE
    ../../stdlib.c                           0x00000000   Number         0  exit.o ABSOLUTE
    ../../string.c                           0x00000000   Number         0  strcpy.o ABSOLUTE
    ../../string.c                           0x00000000   Number         0  strlen.o ABSOLUTE
    ..\..\Libraries\CMSIS\Core\CM3\core_cm3.c 0x00000000   Number         0  core_cm3.o ABSOLUTE
    ..\..\Libraries\CMSIS\Core\CM3\startup\arm\startup_stm32f10x_md.s 0x00000000   Number         0  startup_stm32f10x_md.o ABSOLUTE
    ..\..\Libraries\CMSIS\Core\CM3\system_stm32f10x.c 0x00000000   Number         0  system_stm32f10x.o ABSOLUTE
    ..\..\Libraries\STM32F10x_StdPeriph_Driver\src\misc.c 0x00000000   Number         0  misc.o ABSOLUTE
    ..\..\Libraries\STM32F10x_StdPeriph_Driver\src\stm32f10x_adc.c 0x00000000   Number         0  stm32f10x_adc.o ABSOLUTE
    ..\..\Libraries\STM32F10x_StdPeriph_Driver\src\stm32f10x_exti.c 0x00000000   Number         0  stm32f10x_exti.o ABSOLUTE
    ..\..\Libraries\STM32F10x_StdPeriph_Driver\src\stm32f10x_flash.c 0x00000000   Number         0  stm32f10x_flash.o ABSOLUTE
    ..\..\Libraries\STM32F10x_StdPeriph_Driver\src\stm32f10x_gpio.c 0x00000000   Number         0  stm32f10x_gpio.o ABSOLUTE
    ..\..\Libraries\STM32F10x_StdPeriph_Driver\src\stm32f10x_i2c.c 0x00000000   Number         0  stm32f10x_i2c.o ABSOLUTE
    ..\..\Libraries\STM32F10x_StdPeriph_Driver\src\stm32f10x_rcc.c 0x00000000   Number         0  stm32f10x_rcc.o ABSOLUTE
    ..\..\Libraries\STM32F10x_StdPeriph_Driver\src\stm32f10x_spi.c 0x00000000   Number         0  stm32f10x_spi.o ABSOLUTE
    ..\..\Libraries\STM32F10x_StdPeriph_Driver\src\stm32f10x_tim.c 0x00000000   Number         0  stm32f10x_tim.o ABSOLUTE
    ..\..\Libraries\STM32F10x_StdPeriph_Driver\src\stm32f10x_usart.c 0x00000000   Number         0  stm32f10x_usart.o ABSOLUTE
    ..\..\Utilities\efsl\source\dir.c        0x00000000   Number         0  dir.o ABSOLUTE
    ..\..\Utilities\efsl\source\disc.c       0x00000000   Number         0  disc.o ABSOLUTE
    ..\..\Utilities\efsl\source\efs.c        0x00000000   Number         0  efs.o ABSOLUTE
    ..\..\Utilities\efsl\source\extract.c    0x00000000   Number         0  extract.o ABSOLUTE
    ..\..\Utilities\efsl\source\fat.c        0x00000000   Number         0  fat.o ABSOLUTE
    ..\..\Utilities\efsl\source\file.c       0x00000000   Number         0  file.o ABSOLUTE
    ..\..\Utilities\efsl\source\fs.c         0x00000000   Number         0  fs.o ABSOLUTE
    ..\..\Utilities\efsl\source\interface\sd.c 0x00000000   Number         0  sd.o ABSOLUTE
    ..\..\Utilities\efsl\source\interface\sd_stm32.c 0x00000000   Number         0  sd_stm32.o ABSOLUTE
    ..\..\Utilities\efsl\source\ioman.c      0x00000000   Number         0  ioman.o ABSOLUTE
    ..\..\Utilities\efsl\source\ls.c         0x00000000   Number         0  ls.o ABSOLUTE
    ..\..\Utilities\efsl\source\mkfs.c       0x00000000   Number         0  mkfs.o ABSOLUTE
    ..\..\Utilities\efsl\source\partition.c  0x00000000   Number         0  partition.o ABSOLUTE
    ..\..\Utilities\efsl\source\plibc.c      0x00000000   Number         0  plibc.o ABSOLUTE
    ..\..\Utilities\efsl\source\time.c       0x00000000   Number         0  time.o ABSOLUTE
    ..\..\Utilities\efsl\source\ui.c         0x00000000   Number         0  ui.o ABSOLUTE
    ..\\..\\Libraries\\CMSIS\\Core\\CM3\\core_cm3.c 0x00000000   Number         0  core_cm3.o ABSOLUTE
    ..\src\main.c                            0x00000000   Number         0  main.o ABSOLUTE
    ..\src\monitor.c                         0x00000000   Number         0  monitor.o ABSOLUTE
    ..\src\stm32_uart.c                      0x00000000   Number         0  stm32_uart.o ABSOLUTE
    ..\src\stm32f10x_it.c                    0x00000000   Number         0  stm32f10x_it.o ABSOLUTE
    dc.s                                     0x00000000   Number         0  dc.o ABSOLUTE
    RESET                                    0x08000000   Section      236  startup_stm32f10x_md.o(RESET)
    !!!main                                  0x080000ec   Section        8  __main.o(!!!main)
    !!!scatter                               0x080000f4   Section       52  __scatter.o(!!!scatter)
    !!handler_copy                           0x08000128   Section       26  __scatter_copy.o(!!handler_copy)
    !!handler_zi                             0x08000144   Section       28  __scatter_zi.o(!!handler_zi)
    .ARM.Collect$$libinit$$00000000          0x08000160   Section        6  libinit.o(.ARM.Collect$$libinit$$00000000)
    .ARM.Collect$$libinit$$00000006          0x08000166   Section        0  libinit2.o(.ARM.Collect$$libinit$$00000006)
    .ARM.Collect$$libinit$$00000008          0x08000166   Section        0  libinit2.o(.ARM.Collect$$libinit$$00000008)
    .ARM.Collect$$libinit$$0000000A          0x08000166   Section        0  libinit2.o(.ARM.Collect$$libinit$$0000000A)
    .ARM.Collect$$libinit$$0000000D          0x08000166   Section        0  libinit2.o(.ARM.Collect$$libinit$$0000000D)
    .ARM.Collect$$libinit$$0000000F          0x08000166   Section        0  libinit2.o(.ARM.Collect$$libinit$$0000000F)
    .ARM.Collect$$libinit$$00000011          0x08000166   Section        0  libinit2.o(.ARM.Collect$$libinit$$00000011)
    .ARM.Collect$$libinit$$00000013          0x08000166   Section        0  libinit2.o(.ARM.Collect$$libinit$$00000013)
    .ARM.Collect$$libinit$$00000015          0x08000166   Section        0  libinit2.o(.ARM.Collect$$libinit$$00000015)
    .ARM.Collect$$libinit$$00000017          0x08000166   Section        0  libinit2.o(.ARM.Collect$$libinit$$00000017)
    .ARM.Collect$$libinit$$00000019          0x08000166   Section        0  libinit2.o(.ARM.Collect$$libinit$$00000019)
    .ARM.Collect$$libinit$$0000001B          0x08000166   Section        0  libinit2.o(.ARM.Collect$$libinit$$0000001B)
    .ARM.Collect$$libinit$$0000001D          0x08000166   Section        0  libinit2.o(.ARM.Collect$$libinit$$0000001D)
    .ARM.Collect$$libinit$$0000001F          0x08000166   Section        0  libinit2.o(.ARM.Collect$$libinit$$0000001F)
    .ARM.Collect$$libinit$$00000021          0x08000166   Section        0  libinit2.o(.ARM.Collect$$libinit$$00000021)
    .ARM.Collect$$libinit$$00000028          0x08000166   Section        0  libinit2.o(.ARM.Collect$$libinit$$00000028)
    .ARM.Collect$$libinit$$0000002A          0x08000166   Section        0  libinit2.o(.ARM.Collect$$libinit$$0000002A)
    .ARM.Collect$$libinit$$0000002C          0x08000166   Section        0  libinit2.o(.ARM.Collect$$libinit$$0000002C)
    .ARM.Collect$$libinit$$0000002E          0x08000166   Section        0  libinit2.o(.ARM.Collect$$libinit$$0000002E)
    .ARM.Collect$$libinit$$0000002F          0x08000166   Section        2  libinit2.o(.ARM.Collect$$libinit$$0000002F)
    .ARM.Collect$$libshutdown$$00000000      0x08000168   Section        2  libshutdown.o(.ARM.Collect$$libshutdown$$00000000)
    .ARM.Collect$$libshutdown$$00000003      0x0800016a   Section        0  libshutdown2.o(.ARM.Collect$$libshutdown$$00000003)
    .ARM.Collect$$libshutdown$$00000006      0x0800016a   Section        0  libshutdown2.o(.ARM.Collect$$libshutdown$$00000006)
    .ARM.Collect$$libshutdown$$00000009      0x0800016a   Section        0  libshutdown2.o(.ARM.Collect$$libshutdown$$00000009)
    .ARM.Collect$$libshutdown$$0000000B      0x0800016a   Section        0  libshutdown2.o(.ARM.Collect$$libshutdown$$0000000B)
    .ARM.Collect$$libshutdown$$0000000E      0x0800016a   Section        0  libshutdown2.o(.ARM.Collect$$libshutdown$$0000000E)
    .ARM.Collect$$libshutdown$$0000000F      0x0800016a   Section        2  libshutdown2.o(.ARM.Collect$$libshutdown$$0000000F)
    .ARM.Collect$$rtentry$$00000000          0x0800016c   Section        0  rtentry.o(.ARM.Collect$$rtentry$$00000000)
    .ARM.Collect$$rtentry$$00000002          0x0800016c   Section        0  rtentry2.o(.ARM.Collect$$rtentry$$00000002)
    .ARM.Collect$$rtentry$$00000004          0x0800016c   Section        6  rtentry4.o(.ARM.Collect$$rtentry$$00000004)
    .ARM.Collect$$rtentry$$00000009          0x08000172   Section        0  rtentry2.o(.ARM.Collect$$rtentry$$00000009)
    .ARM.Collect$$rtentry$$0000000A          0x08000172   Section        4  rtentry2.o(.ARM.Collect$$rtentry$$0000000A)
    .ARM.Collect$$rtentry$$0000000C          0x08000176   Section        0  rtentry2.o(.ARM.Collect$$rtentry$$0000000C)
    .ARM.Collect$$rtentry$$0000000D          0x08000176   Section        8  rtentry2.o(.ARM.Collect$$rtentry$$0000000D)
    .ARM.Collect$$rtexit$$00000000           0x0800017e   Section        2  rtexit.o(.ARM.Collect$$rtexit$$00000000)
    .ARM.Collect$$rtexit$$00000002           0x08000180   Section        0  rtexit2.o(.ARM.Collect$$rtexit$$00000002)
    .ARM.Collect$$rtexit$$00000003           0x08000180   Section        4  rtexit2.o(.ARM.Collect$$rtexit$$00000003)
    .ARM.Collect$$rtexit$$00000004           0x08000184   Section        6  rtexit2.o(.ARM.Collect$$rtexit$$00000004)
    .text                                    0x0800018c   Section       56  startup_stm32f10x_md.o(.text)
    .text                                    0x080001c4   Section        0  strcpy.o(.text)
    .text                                    0x0800020e   Section        0  strlen.o(.text)
    .text                                    0x0800024c   Section      100  rt_memcpy_w.o(.text)
    .text                                    0x080002b0   Section        0  heapauxi.o(.text)
    .text                                    0x080002b6   Section       74  sys_stackheap_outer.o(.text)
    .text                                    0x08000300   Section        0  exit.o(.text)
    .text                                    0x0800030c   Section        8  libspace.o(.text)
    .text                                    0x08000314   Section       12  rt_fp_status_addr_intlibspace.o(.text)
    .text                                    0x08000320   Section       20  sys_exit.o(.text)
    .text                                    0x08000334   Section        2  use_no_semi.o(.text)
    i.BusFault_Handler                       0x08000336   Section        0  stm32f10x_it.o(i.BusFault_Handler)
    i.DebugMon_Handler                       0x08000338   Section        0  stm32f10x_it.o(i.DebugMon_Handler)
    i.EXTI15_10_IRQHandler                   0x0800033a   Section        0  stm32f10x_it.o(i.EXTI15_10_IRQHandler)
    i.GPIO_Configuration                     0x0800033c   Section        0  main.o(i.GPIO_Configuration)
    i.GPIO_Init                              0x0800039c   Section        0  stm32f10x_gpio.o(i.GPIO_Init)
    i.GPIO_PinRemapConfig                    0x08000438   Section        0  stm32f10x_gpio.o(i.GPIO_PinRemapConfig)
    i.GPIO_ResetBits                         0x08000480   Section        0  stm32f10x_gpio.o(i.GPIO_ResetBits)
    i.GPIO_SetBits                           0x08000484   Section        0  stm32f10x_gpio.o(i.GPIO_SetBits)
    i.HardFault_Handler                      0x08000488   Section        0  stm32f10x_it.o(i.HardFault_Handler)
    i.MemManage_Handler                      0x0800048a   Section        0  stm32f10x_it.o(i.MemManage_Handler)
    i.NMI_Handler                            0x0800048c   Section        0  stm32f10x_it.o(i.NMI_Handler)
    i.NVIC_Configuration                     0x0800048e   Section        0  main.o(i.NVIC_Configuration)
    i.NVIC_PriorityGroupConfig               0x080004a8   Section        0  misc.o(i.NVIC_PriorityGroupConfig)
    i.NVIC_SetVectorTable                    0x080004bc   Section        0  misc.o(i.NVIC_SetVectorTable)
    i.PendSV_Handler                         0x080004d0   Section        0  stm32f10x_it.o(i.PendSV_Handler)
    i.RCC_APB1PeriphClockCmd                 0x080004d4   Section        0  stm32f10x_rcc.o(i.RCC_APB1PeriphClockCmd)
    i.RCC_APB2PeriphClockCmd                 0x080004ec   Section        0  stm32f10x_rcc.o(i.RCC_APB2PeriphClockCmd)
    i.RCC_GetClocksFreq                      0x08000504   Section        0  stm32f10x_rcc.o(i.RCC_GetClocksFreq)
    i.SPI_Cmd                                0x080005d0   Section        0  stm32f10x_spi.o(i.SPI_Cmd)
    i.SPI_Config                             0x080005e4   Section        0  sd_stm32.o(i.SPI_Config)
    SPI_Config                               0x080005e5   Thumb Code   148  sd_stm32.o(i.SPI_Config)
    i.SPI_I2S_GetFlagStatus                  0x08000688   Section        0  stm32f10x_spi.o(i.SPI_I2S_GetFlagStatus)
    i.SPI_I2S_ReceiveData                    0x08000696   Section        0  stm32f10x_spi.o(i.SPI_I2S_ReceiveData)
    i.SPI_I2S_SendData                       0x0800069a   Section        0  stm32f10x_spi.o(i.SPI_I2S_SendData)
    i.SPI_Init                               0x0800069e   Section        0  stm32f10x_spi.o(i.SPI_Init)
    i.STM32_UART_Init                        0x080006d8   Section        0  stm32_uart.o(i.STM32_UART_Init)
    i.STM32_UART_PutChar                     0x08000758   Section        0  stm32_uart.o(i.STM32_UART_PutChar)
    i.SVC_Handler                            0x0800077c   Section        0  stm32f10x_it.o(i.SVC_Handler)
    i.SetSysClockTo72                        0x08000780   Section        0  system_stm32f10x.o(i.SetSysClockTo72)
    SetSysClockTo72                          0x08000781   Thumb Code   170  system_stm32f10x.o(i.SetSysClockTo72)
    i.SysTick_Handler                        0x0800083c   Section        0  stm32f10x_it.o(i.SysTick_Handler)
    i.SystemInit                             0x08000840   Section        0  system_stm32f10x.o(i.SystemInit)
    i.USART_Cmd                              0x0800088c   Section        0  stm32f10x_usart.o(i.USART_Cmd)
    i.USART_GetFlagStatus                    0x080008a0   Section        0  stm32f10x_usart.o(i.USART_GetFlagStatus)
    i.USART_Init                             0x080008b0   Section        0  stm32f10x_usart.o(i.USART_Init)
    i.USART_SendData                         0x0800093c   Section        0  stm32f10x_usart.o(i.USART_SendData)
    i.UsageFault_Handler                     0x08000944   Section        0  stm32f10x_it.o(i.UsageFault_Handler)
    i.dir_addCluster                         0x08000946   Section        0  dir.o(i.dir_addCluster)
    i.dir_createDefaultEntry                 0x080009ac   Section        0  dir.o(i.dir_createDefaultEntry)
    i.dir_createDirectoryEntry               0x080009d2   Section        0  dir.o(i.dir_createDirectoryEntry)
    i.dir_findFileinBuf                      0x08000a02   Section        0  dir.o(i.dir_findFileinBuf)
    i.dir_findFreeEntryinBuf                 0x08000a5a   Section        0  dir.o(i.dir_findFreeEntryinBuf)
    i.dir_findinBuf                          0x08000a9a   Section        0  dir.o(i.dir_findinBuf)
    i.dir_findinCluster                      0x08000abc   Section        0  dir.o(i.dir_findinCluster)
    i.dir_findinDir                          0x08000b2a   Section        0  dir.o(i.dir_findinDir)
    i.dir_findinRootArea                     0x08000b86   Section        0  dir.o(i.dir_findinRootArea)
    i.dir_getFatFileName                     0x08000bf6   Section        0  dir.o(i.dir_getFatFileName)
    i.dir_getFileStructure                   0x08000c3c   Section        0  dir.o(i.dir_getFileStructure)
    i.dir_setFileSize                        0x08000c6c   Section        0  dir.o(i.dir_setFileSize)
    i.dir_setFirstCluster                    0x08000c94   Section        0  dir.o(i.dir_setFirstCluster)
    i.dir_updateDirectoryEntry               0x08000cc6   Section        0  dir.o(i.dir_updateDirectoryEntry)
    i.disc_initDisc                          0x08000cf8   Section        0  disc.o(i.disc_initDisc)
    i.disc_loadMBR                           0x08000d02   Section        0  disc.o(i.disc_loadMBR)
    i.efs_init                               0x08000d3e   Section        0  efs.o(i.efs_init)
    i.ex_getPartitionField                   0x08000da6   Section        0  extract.o(i.ex_getPartitionField)
    i.ex_getb16                              0x08000de2   Section        0  extract.o(i.ex_getb16)
    i.ex_getb32                              0x08000df0   Section        0  extract.o(i.ex_getb32)
    i.fat_DiscToLogicCluster                 0x08000e08   Section        0  fat.o(i.fat_DiscToLogicCluster)
    i.fat_LogicToDiscCluster                 0x08000e40   Section        0  fat.o(i.fat_LogicToDiscCluster)
    i.fat_allocClusterChain                  0x08000e92   Section        0  fat.o(i.fat_allocClusterChain)
    i.fat_countClustersInChain               0x08000fb4   Section        0  fat.o(i.fat_countClustersInChain)
    i.fat_getNextClusterAddress              0x08000fe6   Section        0  fat.o(i.fat_getNextClusterAddress)
    i.fat_getNextClusterAddressWBuf          0x08001084   Section        0  fat.o(i.fat_getNextClusterAddressWBuf)
    i.fat_getNextClusterChain                0x080010fe   Section        0  fat.o(i.fat_getNextClusterChain)
    i.fat_getSectorAddressFatEntry           0x08001198   Section        0  fat.o(i.fat_getSectorAddressFatEntry)
    i.fat_giveEocMarker                      0x080011c6   Section        0  fat.o(i.fat_giveEocMarker)
    i.fat_isEocMarker                        0x080011ec   Section        0  fat.o(i.fat_isEocMarker)
    i.fat_setNextClusterAddress              0x08001220   Section        0  fat.o(i.fat_setNextClusterAddress)
    i.fat_setNextClusterAddressWBuf          0x08001308   Section        0  fat.o(i.fat_setNextClusterAddressWBuf)
    i.file_fclose                            0x080013ca   Section        0  file.o(i.file_fclose)
    i.file_fopen                             0x0800142c   Section        0  file.o(i.file_fopen)
    i.file_fread                             0x0800161a   Section        0  file.o(i.file_fread)
    i.file_fwrite                            0x080016e0   Section        0  file.o(i.file_fwrite)
    i.file_initFile                          0x080017e8   Section        0  file.o(i.file_initFile)
    i.file_normalToFatName                   0x08001814   Section        0  file.o(i.file_normalToFatName)
    i.file_read                              0x0800189c   Section        0  file.o(i.file_read)
    i.file_requiredCluster                   0x080018b6   Section        0  file.o(i.file_requiredCluster)
    i.file_setAttr                           0x08001908   Section        0  file.o(i.file_setAttr)
    i.file_setpos                            0x0800191e   Section        0  file.o(i.file_setpos)
    i.file_validateChar                      0x08001930   Section        0  file.o(i.file_validateChar)
    i.file_write                             0x0800196e   Section        0  file.o(i.file_write)
    i.fs_clearCluster                        0x08001988   Section        0  fs.o(i.fs_clearCluster)
    i.fs_clusterToSector                     0x080019ca   Section        0  fs.o(i.fs_clusterToSector)
    i.fs_countDataSectors                    0x080019ee   Section        0  fs.o(i.fs_countDataSectors)
    i.fs_determineFatType                    0x08001a3a   Section        0  fs.o(i.fs_determineFatType)
    i.fs_findFile                            0x08001a64   Section        0  fs.o(i.fs_findFile)
    i.fs_findFirstSectorRootDir              0x08001b1c   Section        0  fs.o(i.fs_findFirstSectorRootDir)
    i.fs_findFreeFile                        0x08001b44   Section        0  fs.o(i.fs_findFreeFile)
    i.fs_flushFs                             0x08001b9e   Section        0  fs.o(i.fs_flushFs)
    i.fs_getFirstClusterRootDir              0x08001ba8   Section        0  fs.o(i.fs_getFirstClusterRootDir)
    i.fs_getLastCluster                      0x08001bb8   Section        0  fs.o(i.fs_getLastCluster)
    i.fs_getNextFreeCluster                  0x08001bf0   Section        0  fs.o(i.fs_getNextFreeCluster)
    i.fs_giveFreeClusterHint                 0x08001c14   Section        0  fs.o(i.fs_giveFreeClusterHint)
    i.fs_hasTimeSupport                      0x08001c18   Section        0  time.o(i.fs_hasTimeSupport)
    i.fs_initClusterChain                    0x08001c1c   Section        0  fs.o(i.fs_initClusterChain)
    i.fs_initFs                              0x08001c2c   Section        0  fs.o(i.fs_initFs)
    i.fs_isValidFat                          0x08001c76   Section        0  fs.o(i.fs_isValidFat)
    i.fs_loadVolumeId                        0x08001ca4   Section        0  fs.o(i.fs_loadVolumeId)
    i.fs_setFirstClusterInDirEntry           0x08001d18   Section        0  fs.o(i.fs_setFirstClusterInDirEntry)
    i.fs_umount                              0x08001d20   Section        0  fs.o(i.fs_umount)
    i.fs_verifySanity                        0x08001d24   Section        0  fs.o(i.fs_verifySanity)
    i.if_initInterface                       0x08001daa   Section        0  sd_stm32.o(i.if_initInterface)
    i.if_readBuf                             0x08001dee   Section        0  sd_stm32.o(i.if_readBuf)
    i.if_spiInit                             0x08001df8   Section        0  sd_stm32.o(i.if_spiInit)
    i.if_spiSend                             0x08001e38   Section        0  sd_stm32.o(i.if_spiSend)
    i.if_writeBuf                            0x08001e78   Section        0  sd_stm32.o(i.if_writeBuf)
    i.ioman_decUseCnt                        0x08001e7c   Section        0  ioman.o(i.ioman_decUseCnt)
    i.ioman_directSectorRead                 0x08001e96   Section        0  ioman.o(i.ioman_directSectorRead)
    i.ioman_directSectorWrite                0x08001ef8   Section        0  ioman.o(i.ioman_directSectorWrite)
    i.ioman_findFreeSpot                     0x08001f8c   Section        0  ioman.o(i.ioman_findFreeSpot)
    i.ioman_findOverallocableSpot            0x08001fb4   Section        0  ioman.o(i.ioman_findOverallocableSpot)
    i.ioman_findSectorInCache                0x08002022   Section        0  ioman.o(i.ioman_findSectorInCache)
    i.ioman_findUnusedSpot                   0x08002056   Section        0  ioman.o(i.ioman_findUnusedSpot)
    i.ioman_flushRange                       0x080020d4   Section        0  ioman.o(i.ioman_flushRange)
    i.ioman_flushSector                      0x08002138   Section        0  ioman.o(i.ioman_flushSector)
    i.ioman_getAttr                          0x08002190   Section        0  ioman.o(i.ioman_getAttr)
    i.ioman_getBp                            0x080021aa   Section        0  ioman.o(i.ioman_getBp)
    i.ioman_getPtr                           0x080021d2   Section        0  ioman.o(i.ioman_getPtr)
    i.ioman_getRefCnt                        0x080021e8   Section        0  ioman.o(i.ioman_getRefCnt)
    i.ioman_getSector                        0x080021fc   Section        0  ioman.o(i.ioman_getSector)
    i.ioman_getUseCnt                        0x080022fe   Section        0  ioman.o(i.ioman_getUseCnt)
    i.ioman_incRefCnt                        0x08002312   Section        0  ioman.o(i.ioman_incRefCnt)
    i.ioman_incUseCnt                        0x0800232c   Section        0  ioman.o(i.ioman_incUseCnt)
    i.ioman_init                             0x08002346   Section        0  ioman.o(i.ioman_init)
    i.ioman_pop                              0x0800235e   Section        0  ioman.o(i.ioman_pop)
    i.ioman_push                             0x080023a4   Section        0  ioman.o(i.ioman_push)
    i.ioman_putSectorInCache                 0x080023ea   Section        0  ioman.o(i.ioman_putSectorInCache)
    i.ioman_readSector                       0x08002430   Section        0  ioman.o(i.ioman_readSector)
    i.ioman_releaseSector                    0x0800244e   Section        0  ioman.o(i.ioman_releaseSector)
    i.ioman_reset                            0x0800249e   Section        0  ioman.o(i.ioman_reset)
    i.ioman_resetCacheItem                   0x080024fc   Section        0  ioman.o(i.ioman_resetCacheItem)
    i.ioman_setAttr                          0x0800251a   Section        0  ioman.o(i.ioman_setAttr)
    i.ioman_writeSector                      0x0800253c   Section        0  ioman.o(i.ioman_writeSector)
    i.ls_fileEntryToDirListEntry             0x0800255e   Section        0  ls.o(i.ls_fileEntryToDirListEntry)
    i.ls_getDirEntry                         0x0800258a   Section        0  ls.o(i.ls_getDirEntry)
    i.ls_getNext                             0x080025a0   Section        0  ls.o(i.ls_getNext)
    i.ls_getRealDirEntry                     0x080025d0   Section        0  ls.o(i.ls_getRealDirEntry)
    i.ls_getRootAreaEntry                    0x08002638   Section        0  ls.o(i.ls_getRootAreaEntry)
    i.ls_isValidFileEntry                    0x08002682   Section        0  ls.o(i.ls_isValidFileEntry)
    i.ls_openDir                             0x0800269e   Section        0  ls.o(i.ls_openDir)
    i.main                                   0x080026e0   Section        0  main.o(i.main)
    i.memClr                                 0x080029b0   Section        0  plibc.o(i.memClr)
    i.memCpy                                 0x080029c2   Section        0  plibc.o(i.memCpy)
    i.part_directSectorRead                  0x080029da   Section        0  partition.o(i.part_directSectorRead)
    i.part_directSectorWrite                 0x080029f6   Section        0  partition.o(i.part_directSectorWrite)
    i.part_flushPart                         0x08002a12   Section        0  partition.o(i.part_flushPart)
    i.part_getRealLBA                        0x08002a3a   Section        0  partition.o(i.part_getRealLBA)
    i.part_getSect                           0x08002a4c   Section        0  partition.o(i.part_getSect)
    i.part_initPartition                     0x08002a68   Section        0  partition.o(i.part_initPartition)
    i.part_isFatPart                         0x08002a90   Section        0  partition.o(i.part_isFatPart)
    i.part_relSect                           0x08002ab0   Section        0  partition.o(i.part_relSect)
    i.sd_Command                             0x08002ab8   Section        0  sd.o(i.sd_Command)
    i.sd_Init                                0x08002b08   Section        0  sd.o(i.sd_Init)
    i.sd_Resp16b                             0x08002b70   Section        0  sd.o(i.sd_Resp16b)
    i.sd_Resp8b                              0x08002b86   Section        0  sd.o(i.sd_Resp8b)
    i.sd_State                               0x08002ba2   Section        0  sd.o(i.sd_State)
    i.sd_getDriveSize                        0x08002bca   Section        0  sd.o(i.sd_getDriveSize)
    i.sd_readSector                          0x08002c58   Section        0  sd.o(i.sd_readSector)
    i.sd_writeSector                         0x08002ccc   Section        0  sd.o(i.sd_writeSector)
    i.strMatch                               0x08002d30   Section        0  plibc.o(i.strMatch)
    i.xitoa                                  0x08002d4e   Section        0  monitor.o(i.xitoa)
    i.xprintf                                0x08002db8   Section        0  monitor.o(i.xprintf)
    i.xputc                                  0x08002e6e   Section        0  monitor.o(i.xputc)
    i.xputs                                  0x08002e86   Section        0  monitor.o(i.xputs)
    x$fpl$fpinit                             0x08002e9c   Section       14  fpinit.o(x$fpl$fpinit)
    .data                                    0x20000000   Section       15  main.o(.data)
    LogFileName                              0x20000002   Data          13  main.o(.data)
    .data                                    0x2000000f   Section       20  stm32f10x_rcc.o(.data)
    ADCPrescTable                            0x2000000f   Data           4  stm32f10x_rcc.o(.data)
    APBAHBPrescTable                         0x20000013   Data          16  stm32f10x_rcc.o(.data)
    .bss                                     0x20000024   Section     1420  main.o(.bss)
    .bss                                     0x200005b0   Section       96  libspace.o(.bss)
    HEAP                                     0x20000610   Section      512  startup_stm32f10x_md.o(HEAP)
    Heap_Mem                                 0x20000610   Data         512  startup_stm32f10x_md.o(HEAP)
    STACK                                    0x20000810   Section     1024  startup_stm32f10x_md.o(STACK)
    Stack_Mem                                0x20000810   Data        1024  startup_stm32f10x_md.o(STACK)
    __initial_sp                             0x20000c10   Data           0  startup_stm32f10x_md.o(STACK)

    Global Symbols

    Symbol Name                              Value     Ov Type        Size  Object(Section)

    BuildAttributes$$THM_ISAv4$P$D$K$B$S$PE$A:L22UL41UL21$X:L11$S22US41US21$IEEE1$IW$USESV6$~STKCKD$USESV7$~SHL$OSPACE$ROPI$EBA8$UX$STANDARDLIB$REQ8$PRES8$EABIv2 0x00000000   Number         0  anon$$obj.o ABSOLUTE
    __ARM_use_no_argv                        0x00000000   Number         0  main.o ABSOLUTE
    __ARM_exceptions_init                     - Undefined Weak Reference
    __alloca_initialize                       - Undefined Weak Reference
    __cpp_initialize__aeabi_                  - Undefined Weak Reference
    __cxa_finalize                            - Undefined Weak Reference
    __rt_locale                               - Undefined Weak Reference
    __sigvec_lookup                           - Undefined Weak Reference
    _atexit_init                              - Undefined Weak Reference
    _call_atexit_fns                          - Undefined Weak Reference
    _clock_init                               - Undefined Weak Reference
    _fp_trap_init                             - Undefined Weak Reference
    _fp_trap_shutdown                         - Undefined Weak Reference
    _get_lc_collate                           - Undefined Weak Reference
    _get_lc_ctype                             - Undefined Weak Reference
    _get_lc_monetary                          - Undefined Weak Reference
    _get_lc_numeric                           - Undefined Weak Reference
    _get_lc_time                              - Undefined Weak Reference
    _getenv_init                              - Undefined Weak Reference
    _handle_redirection                       - Undefined Weak Reference
    _init_alloc                               - Undefined Weak Reference
    _init_user_alloc                          - Undefined Weak Reference
    _initio                                   - Undefined Weak Reference
    _rand_init                                - Undefined Weak Reference
    _signal_finish                            - Undefined Weak Reference
    _signal_init                              - Undefined Weak Reference
    _terminate_alloc                          - Undefined Weak Reference
    _terminate_user_alloc                     - Undefined Weak Reference
    _terminateio                              - Undefined Weak Reference
    __Vectors_Size                           0x000000ec   Number         0  startup_stm32f10x_md.o ABSOLUTE
    __Vectors                                0x08000000   Data           4  startup_stm32f10x_md.o(RESET)
    __Vectors_End                            0x080000ec   Data           0  startup_stm32f10x_md.o(RESET)
    __main                                   0x080000ed   Thumb Code     8  __main.o(!!!main)
    __scatterload                            0x080000f5   Thumb Code     0  __scatter.o(!!!scatter)
    __scatterload_rt2                        0x080000f5   Thumb Code    44  __scatter.o(!!!scatter)
    __scatterload_rt2_thumb_only             0x080000f5   Thumb Code     0  __scatter.o(!!!scatter)
    __scatterload_null                       0x08000103   Thumb Code     0  __scatter.o(!!!scatter)
    __scatterload_copy                       0x08000129   Thumb Code    26  __scatter_copy.o(!!handler_copy)
    __scatterload_zeroinit                   0x08000145   Thumb Code    28  __scatter_zi.o(!!handler_zi)
    __rt_lib_init                            0x08000161   Thumb Code     0  libinit.o(.ARM.Collect$$libinit$$00000000)
    __rt_lib_init_alloca_1                   0x08000167   Thumb Code     0  libinit2.o(.ARM.Collect$$libinit$$0000002A)
    __rt_lib_init_argv_1                     0x08000167   Thumb Code     0  libinit2.o(.ARM.Collect$$libinit$$00000028)
    __rt_lib_init_atexit_1                   0x08000167   Thumb Code     0  libinit2.o(.ARM.Collect$$libinit$$00000017)
    __rt_lib_init_clock_1                    0x08000167   Thumb Code     0  libinit2.o(.ARM.Collect$$libinit$$0000001D)
    __rt_lib_init_cpp_1                      0x08000167   Thumb Code     0  libinit2.o(.ARM.Collect$$libinit$$0000002E)
    __rt_lib_init_exceptions_1               0x08000167   Thumb Code     0  libinit2.o(.ARM.Collect$$libinit$$0000002C)
    __rt_lib_init_fp_trap_1                  0x08000167   Thumb Code     0  libinit2.o(.ARM.Collect$$libinit$$0000001B)
    __rt_lib_init_getenv_1                   0x08000167   Thumb Code     0  libinit2.o(.ARM.Collect$$libinit$$0000001F)
    __rt_lib_init_heap_1                     0x08000167   Thumb Code     0  libinit2.o(.ARM.Collect$$libinit$$00000006)
    __rt_lib_init_lc_collate_1               0x08000167   Thumb Code     0  libinit2.o(.ARM.Collect$$libinit$$0000000D)
    __rt_lib_init_lc_ctype_1                 0x08000167   Thumb Code     0  libinit2.o(.ARM.Collect$$libinit$$0000000F)
    __rt_lib_init_lc_monetary_1              0x08000167   Thumb Code     0  libinit2.o(.ARM.Collect$$libinit$$00000011)
    __rt_lib_init_lc_numeric_1               0x08000167   Thumb Code     0  libinit2.o(.ARM.Collect$$libinit$$00000013)
    __rt_lib_init_lc_time_1                  0x08000167   Thumb Code     0  libinit2.o(.ARM.Collect$$libinit$$00000015)
    __rt_lib_init_rand_1                     0x08000167   Thumb Code     0  libinit2.o(.ARM.Collect$$libinit$$0000000A)
    __rt_lib_init_return                     0x08000167   Thumb Code     0  libinit2.o(.ARM.Collect$$libinit$$0000002F)
    __rt_lib_init_signal_1                   0x08000167   Thumb Code     0  libinit2.o(.ARM.Collect$$libinit$$00000019)
    __rt_lib_init_stdio_1                    0x08000167   Thumb Code     0  libinit2.o(.ARM.Collect$$libinit$$00000021)
    __rt_lib_init_user_alloc_1               0x08000167   Thumb Code     0  libinit2.o(.ARM.Collect$$libinit$$00000008)
    __rt_lib_shutdown                        0x08000169   Thumb Code     0  libshutdown.o(.ARM.Collect$$libshutdown$$00000000)
    __rt_lib_shutdown_fp_trap_1              0x0800016b   Thumb Code     0  libshutdown2.o(.ARM.Collect$$libshutdown$$00000006)
    __rt_lib_shutdown_heap_1                 0x0800016b   Thumb Code     0  libshutdown2.o(.ARM.Collect$$libshutdown$$0000000E)
    __rt_lib_shutdown_return                 0x0800016b   Thumb Code     0  libshutdown2.o(.ARM.Collect$$libshutdown$$0000000F)
    __rt_lib_shutdown_signal_1               0x0800016b   Thumb Code     0  libshutdown2.o(.ARM.Collect$$libshutdown$$00000009)
    __rt_lib_shutdown_stdio_1                0x0800016b   Thumb Code     0  libshutdown2.o(.ARM.Collect$$libshutdown$$00000003)
    __rt_lib_shutdown_user_alloc_1           0x0800016b   Thumb Code     0  libshutdown2.o(.ARM.Collect$$libshutdown$$0000000B)
    __rt_entry                               0x0800016d   Thumb Code     0  rtentry.o(.ARM.Collect$$rtentry$$00000000)
    __rt_entry_presh_1                       0x0800016d   Thumb Code     0  rtentry2.o(.ARM.Collect$$rtentry$$00000002)
    __rt_entry_sh                            0x0800016d   Thumb Code     0  rtentry4.o(.ARM.Collect$$rtentry$$00000004)
    __rt_entry_li                            0x08000173   Thumb Code     0  rtentry2.o(.ARM.Collect$$rtentry$$0000000A)
    __rt_entry_postsh_1                      0x08000173   Thumb Code     0  rtentry2.o(.ARM.Collect$$rtentry$$00000009)
    __rt_entry_main                          0x08000177   Thumb Code     0  rtentry2.o(.ARM.Collect$$rtentry$$0000000D)
    __rt_entry_postli_1                      0x08000177   Thumb Code     0  rtentry2.o(.ARM.Collect$$rtentry$$0000000C)
    __rt_exit                                0x0800017f   Thumb Code     0  rtexit.o(.ARM.Collect$$rtexit$$00000000)
    __rt_exit_ls                             0x08000181   Thumb Code     0  rtexit2.o(.ARM.Collect$$rtexit$$00000003)
    __rt_exit_prels_1                        0x08000181   Thumb Code     0  rtexit2.o(.ARM.Collect$$rtexit$$00000002)
    __rt_exit_exit                           0x08000185   Thumb Code     0  rtexit2.o(.ARM.Collect$$rtexit$$00000004)
    Reset_Handler                            0x0800018d   Thumb Code     4  startup_stm32f10x_md.o(.text)
    ADC1_2_IRQHandler                        0x080001a3   Thumb Code     0  startup_stm32f10x_md.o(.text)
    CAN1_RX1_IRQHandler                      0x080001a3   Thumb Code     0  startup_stm32f10x_md.o(.text)
    CAN1_SCE_IRQHandler                      0x080001a3   Thumb Code     0  startup_stm32f10x_md.o(.text)
    DMA1_Channel1_IRQHandler                 0x080001a3   Thumb Code     0  startup_stm32f10x_md.o(.text)
    DMA1_Channel2_IRQHandler                 0x080001a3   Thumb Code     0  startup_stm32f10x_md.o(.text)
    DMA1_Channel3_IRQHandler                 0x080001a3   Thumb Code     0  startup_stm32f10x_md.o(.text)
    DMA1_Channel4_IRQHandler                 0x080001a3   Thumb Code     0  startup_stm32f10x_md.o(.text)
    DMA1_Channel5_IRQHandler                 0x080001a3   Thumb Code     0  startup_stm32f10x_md.o(.text)
    DMA1_Channel6_IRQHandler                 0x080001a3   Thumb Code     0  startup_stm32f10x_md.o(.text)
    DMA1_Channel7_IRQHandler                 0x080001a3   Thumb Code     0  startup_stm32f10x_md.o(.text)
    EXTI0_IRQHandler                         0x080001a3   Thumb Code     0  startup_stm32f10x_md.o(.text)
    EXTI1_IRQHandler                         0x080001a3   Thumb Code     0  startup_stm32f10x_md.o(.text)
    EXTI2_IRQHandler                         0x080001a3   Thumb Code     0  startup_stm32f10x_md.o(.text)
    EXTI3_IRQHandler                         0x080001a3   Thumb Code     0  startup_stm32f10x_md.o(.text)
    EXTI4_IRQHandler                         0x080001a3   Thumb Code     0  startup_stm32f10x_md.o(.text)
    EXTI9_5_IRQHandler                       0x080001a3   Thumb Code     0  startup_stm32f10x_md.o(.text)
    FLASH_IRQHandler                         0x080001a3   Thumb Code     0  startup_stm32f10x_md.o(.text)
    I2C1_ER_IRQHandler                       0x080001a3   Thumb Code     0  startup_stm32f10x_md.o(.text)
    I2C1_EV_IRQHandler                       0x080001a3   Thumb Code     0  startup_stm32f10x_md.o(.text)
    I2C2_ER_IRQHandler                       0x080001a3   Thumb Code     0  startup_stm32f10x_md.o(.text)
    I2C2_EV_IRQHandler                       0x080001a3   Thumb Code     0  startup_stm32f10x_md.o(.text)
    PVD_IRQHandler                           0x080001a3   Thumb Code     0  startup_stm32f10x_md.o(.text)
    RCC_IRQHandler                           0x080001a3   Thumb Code     0  startup_stm32f10x_md.o(.text)
    RTCAlarm_IRQHandler                      0x080001a3   Thumb Code     0  startup_stm32f10x_md.o(.text)
    RTC_IRQHandler                           0x080001a3   Thumb Code     0  startup_stm32f10x_md.o(.text)
    SPI1_IRQHandler                          0x080001a3   Thumb Code     0  startup_stm32f10x_md.o(.text)
    SPI2_IRQHandler                          0x080001a3   Thumb Code     0  startup_stm32f10x_md.o(.text)
    TAMPER_IRQHandler                        0x080001a3   Thumb Code     0  startup_stm32f10x_md.o(.text)
    TIM1_BRK_IRQHandler                      0x080001a3   Thumb Code     0  startup_stm32f10x_md.o(.text)
    TIM1_CC_IRQHandler                       0x080001a3   Thumb Code     0  startup_stm32f10x_md.o(.text)
    TIM1_TRG_COM_IRQHandler                  0x080001a3   Thumb Code     0  startup_stm32f10x_md.o(.text)
    TIM1_UP_IRQHandler                       0x080001a3   Thumb Code     0  startup_stm32f10x_md.o(.text)
    TIM2_IRQHandler                          0x080001a3   Thumb Code     0  startup_stm32f10x_md.o(.text)
    TIM3_IRQHandler                          0x080001a3   Thumb Code     0  startup_stm32f10x_md.o(.text)
    TIM4_IRQHandler                          0x080001a3   Thumb Code     0  startup_stm32f10x_md.o(.text)
    USART1_IRQHandler                        0x080001a3   Thumb Code     0  startup_stm32f10x_md.o(.text)
    USART2_IRQHandler                        0x080001a3   Thumb Code     0  startup_stm32f10x_md.o(.text)
    USART3_IRQHandler                        0x080001a3   Thumb Code     0  startup_stm32f10x_md.o(.text)
    USBWakeUp_IRQHandler                     0x080001a3   Thumb Code     0  startup_stm32f10x_md.o(.text)
    USB_HP_CAN1_TX_IRQHandler                0x080001a3   Thumb Code     0  startup_stm32f10x_md.o(.text)
    USB_LP_CAN1_RX0_IRQHandler               0x080001a3   Thumb Code     0  startup_stm32f10x_md.o(.text)
    WWDG_IRQHandler                          0x080001a3   Thumb Code     0  startup_stm32f10x_md.o(.text)
    __user_initial_stackheap                 0x080001a5   Thumb Code     0  startup_stm32f10x_md.o(.text)
    strcpy                                   0x080001c5   Thumb Code    74  strcpy.o(.text)
    strlen                                   0x0800020f   Thumb Code    62  strlen.o(.text)
    __aeabi_memcpy4                          0x0800024d   Thumb Code     0  rt_memcpy_w.o(.text)
    __aeabi_memcpy8                          0x0800024d   Thumb Code     0  rt_memcpy_w.o(.text)
    __rt_memcpy_w                            0x0800024d   Thumb Code   100  rt_memcpy_w.o(.text)
    _memcpy_lastbytes_aligned                0x08000295   Thumb Code     0  rt_memcpy_w.o(.text)
    __use_two_region_memory                  0x080002b1   Thumb Code     2  heapauxi.o(.text)
    __rt_heap_escrow$2region                 0x080002b3   Thumb Code     2  heapauxi.o(.text)
    __rt_heap_expand$2region                 0x080002b5   Thumb Code     2  heapauxi.o(.text)
    __user_setup_stackheap                   0x080002b7   Thumb Code    74  sys_stackheap_outer.o(.text)
    exit                                     0x08000301   Thumb Code    12  exit.o(.text)
    __user_libspace                          0x0800030d   Thumb Code     8  libspace.o(.text)
    __user_perproc_libspace                  0x0800030d   Thumb Code     0  libspace.o(.text)
    __user_perthread_libspace                0x0800030d   Thumb Code     0  libspace.o(.text)
    __rt_fp_status_addr                      0x08000315   Thumb Code    12  rt_fp_status_addr_intlibspace.o(.text)
    _sys_exit                                0x08000321   Thumb Code    16  sys_exit.o(.text)
    __I$use$semihosting                      0x08000335   Thumb Code     0  use_no_semi.o(.text)
    __use_no_semihosting_swi                 0x08000335   Thumb Code     2  use_no_semi.o(.text)
    BusFault_Handler                         0x08000337   Thumb Code     2  stm32f10x_it.o(i.BusFault_Handler)
    DebugMon_Handler                         0x08000339   Thumb Code     2  stm32f10x_it.o(i.DebugMon_Handler)
    EXTI15_10_IRQHandler                     0x0800033b   Thumb Code     2  stm32f10x_it.o(i.EXTI15_10_IRQHandler)
    GPIO_Configuration                       0x0800033d   Thumb Code    74  main.o(i.GPIO_Configuration)
    GPIO_Init                                0x0800039d   Thumb Code   156  stm32f10x_gpio.o(i.GPIO_Init)
    GPIO_PinRemapConfig                      0x08000439   Thumb Code    66  stm32f10x_gpio.o(i.GPIO_PinRemapConfig)
    GPIO_ResetBits                           0x08000481   Thumb Code     4  stm32f10x_gpio.o(i.GPIO_ResetBits)
    GPIO_SetBits                             0x08000485   Thumb Code     4  stm32f10x_gpio.o(i.GPIO_SetBits)
    HardFault_Handler                        0x08000489   Thumb Code     2  stm32f10x_it.o(i.HardFault_Handler)
    MemManage_Handler                        0x0800048b   Thumb Code     2  stm32f10x_it.o(i.MemManage_Handler)
    NMI_Handler                              0x0800048d   Thumb Code     2  stm32f10x_it.o(i.NMI_Handler)
    NVIC_Configuration                       0x0800048f   Thumb Code    24  main.o(i.NVIC_Configuration)
    NVIC_PriorityGroupConfig                 0x080004a9   Thumb Code    10  misc.o(i.NVIC_PriorityGroupConfig)
    NVIC_SetVectorTable                      0x080004bd   Thumb Code    12  misc.o(i.NVIC_SetVectorTable)
    PendSV_Handler                           0x080004d1   Thumb Code     2  stm32f10x_it.o(i.PendSV_Handler)
    RCC_APB1PeriphClockCmd                   0x080004d5   Thumb Code    18  stm32f10x_rcc.o(i.RCC_APB1PeriphClockCmd)
    RCC_APB2PeriphClockCmd                   0x080004ed   Thumb Code    18  stm32f10x_rcc.o(i.RCC_APB2PeriphClockCmd)
    RCC_GetClocksFreq                        0x08000505   Thumb Code   182  stm32f10x_rcc.o(i.RCC_GetClocksFreq)
    SPI_Cmd                                  0x080005d1   Thumb Code    20  stm32f10x_spi.o(i.SPI_Cmd)
    SPI_I2S_GetFlagStatus                    0x08000689   Thumb Code    14  stm32f10x_spi.o(i.SPI_I2S_GetFlagStatus)
    SPI_I2S_ReceiveData                      0x08000697   Thumb Code     4  stm32f10x_spi.o(i.SPI_I2S_ReceiveData)
    SPI_I2S_SendData                         0x0800069b   Thumb Code     4  stm32f10x_spi.o(i.SPI_I2S_SendData)
    SPI_Init                                 0x0800069f   Thumb Code    56  stm32f10x_spi.o(i.SPI_Init)
    STM32_UART_Init                          0x080006d9   Thumb Code   120  stm32_uart.o(i.STM32_UART_Init)
    STM32_UART_PutChar                       0x08000759   Thumb Code    30  stm32_uart.o(i.STM32_UART_PutChar)
    SVC_Handler                              0x0800077d   Thumb Code     2  stm32f10x_it.o(i.SVC_Handler)
    SysTick_Handler                          0x0800083d   Thumb Code     2  stm32f10x_it.o(i.SysTick_Handler)
    SystemInit                               0x08000841   Thumb Code    64  system_stm32f10x.o(i.SystemInit)
    USART_Cmd                                0x0800088d   Thumb Code    20  stm32f10x_usart.o(i.USART_Cmd)
    USART_GetFlagStatus                      0x080008a1   Thumb Code    14  stm32f10x_usart.o(i.USART_GetFlagStatus)
    USART_Init                               0x080008b1   Thumb Code   134  stm32f10x_usart.o(i.USART_Init)
    USART_SendData                           0x0800093d   Thumb Code     8  stm32f10x_usart.o(i.USART_SendData)
    UsageFault_Handler                       0x08000945   Thumb Code     2  stm32f10x_it.o(i.UsageFault_Handler)
    dir_addCluster                           0x08000947   Thumb Code   102  dir.o(i.dir_addCluster)
    dir_createDefaultEntry                   0x080009ad   Thumb Code    38  dir.o(i.dir_createDefaultEntry)
    dir_createDirectoryEntry                 0x080009d3   Thumb Code    48  dir.o(i.dir_createDirectoryEntry)
    dir_findFileinBuf                        0x08000a03   Thumb Code    88  dir.o(i.dir_findFileinBuf)
    dir_findFreeEntryinBuf                   0x08000a5b   Thumb Code    64  dir.o(i.dir_findFreeEntryinBuf)
    dir_findinBuf                            0x08000a9b   Thumb Code    34  dir.o(i.dir_findinBuf)
    dir_findinCluster                        0x08000abd   Thumb Code   110  dir.o(i.dir_findinCluster)
    dir_findinDir                            0x08000b2b   Thumb Code    92  dir.o(i.dir_findinDir)
    dir_findinRootArea                       0x08000b87   Thumb Code   112  dir.o(i.dir_findinRootArea)
    dir_getFatFileName                       0x08000bf7   Thumb Code    70  dir.o(i.dir_getFatFileName)
    dir_getFileStructure                     0x08000c3d   Thumb Code    48  dir.o(i.dir_getFileStructure)
    dir_setFileSize                          0x08000c6d   Thumb Code    40  dir.o(i.dir_setFileSize)
    dir_setFirstCluster                      0x08000c95   Thumb Code    50  dir.o(i.dir_setFirstCluster)
    dir_updateDirectoryEntry                 0x08000cc7   Thumb Code    50  dir.o(i.dir_updateDirectoryEntry)
    disc_initDisc                            0x08000cf9   Thumb Code    10  disc.o(i.disc_initDisc)
    disc_loadMBR                             0x08000d03   Thumb Code    60  disc.o(i.disc_loadMBR)
    efs_init                                 0x08000d3f   Thumb Code   104  efs.o(i.efs_init)
    ex_getPartitionField                     0x08000da7   Thumb Code    60  extract.o(i.ex_getPartitionField)
    ex_getb16                                0x08000de3   Thumb Code    14  extract.o(i.ex_getb16)
    ex_getb32                                0x08000df1   Thumb Code    24  extract.o(i.ex_getb32)
    fat_DiscToLogicCluster                   0x08000e09   Thumb Code    56  fat.o(i.fat_DiscToLogicCluster)
    fat_LogicToDiscCluster                   0x08000e41   Thumb Code    82  fat.o(i.fat_LogicToDiscCluster)
    fat_allocClusterChain                    0x08000e93   Thumb Code   290  fat.o(i.fat_allocClusterChain)
    fat_countClustersInChain                 0x08000fb5   Thumb Code    50  fat.o(i.fat_countClustersInChain)
    fat_getNextClusterAddress                0x08000fe7   Thumb Code   158  fat.o(i.fat_getNextClusterAddress)
    fat_getNextClusterAddressWBuf            0x08001085   Thumb Code   122  fat.o(i.fat_getNextClusterAddressWBuf)
    fat_getNextClusterChain                  0x080010ff   Thumb Code   154  fat.o(i.fat_getNextClusterChain)
    fat_getSectorAddressFatEntry             0x08001199   Thumb Code    46  fat.o(i.fat_getSectorAddressFatEntry)
    fat_giveEocMarker                        0x080011c7   Thumb Code    38  fat.o(i.fat_giveEocMarker)
    fat_isEocMarker                          0x080011ed   Thumb Code    48  fat.o(i.fat_isEocMarker)
    fat_setNextClusterAddress                0x08001221   Thumb Code   232  fat.o(i.fat_setNextClusterAddress)
    fat_setNextClusterAddressWBuf            0x08001309   Thumb Code   194  fat.o(i.fat_setNextClusterAddressWBuf)
    file_fclose                              0x080013cb   Thumb Code    98  file.o(i.file_fclose)
    file_fopen                               0x0800142d   Thumb Code   494  file.o(i.file_fopen)
    file_fread                               0x0800161b   Thumb Code   198  file.o(i.file_fread)
    file_fwrite                              0x080016e1   Thumb Code   264  file.o(i.file_fwrite)
    file_initFile                            0x080017e9   Thumb Code    44  file.o(i.file_initFile)
    file_normalToFatName                     0x08001815   Thumb Code   136  file.o(i.file_normalToFatName)
    file_read                                0x0800189d   Thumb Code    26  file.o(i.file_read)
    file_requiredCluster                     0x080018b7   Thumb Code    82  file.o(i.file_requiredCluster)
    file_setAttr                             0x08001909   Thumb Code    22  file.o(i.file_setAttr)
    file_setpos                              0x0800191f   Thumb Code    18  file.o(i.file_setpos)
    file_validateChar                        0x08001931   Thumb Code    62  file.o(i.file_validateChar)
    file_write                               0x0800196f   Thumb Code    26  file.o(i.file_write)
    fs_clearCluster                          0x08001989   Thumb Code    66  fs.o(i.fs_clearCluster)
    fs_clusterToSector                       0x080019cb   Thumb Code    36  fs.o(i.fs_clusterToSector)
    fs_countDataSectors                      0x080019ef   Thumb Code    76  fs.o(i.fs_countDataSectors)
    fs_determineFatType                      0x08001a3b   Thumb Code    42  fs.o(i.fs_determineFatType)
    fs_findFile                              0x08001a65   Thumb Code   184  fs.o(i.fs_findFile)
    fs_findFirstSectorRootDir                0x08001b1d   Thumb Code    40  fs.o(i.fs_findFirstSectorRootDir)
    fs_findFreeFile                          0x08001b45   Thumb Code    90  fs.o(i.fs_findFreeFile)
    fs_flushFs                               0x08001b9f   Thumb Code    10  fs.o(i.fs_flushFs)
    fs_getFirstClusterRootDir                0x08001ba9   Thumb Code    16  fs.o(i.fs_getFirstClusterRootDir)
    fs_getLastCluster                        0x08001bb9   Thumb Code    56  fs.o(i.fs_getLastCluster)
    fs_getNextFreeCluster                    0x08001bf1   Thumb Code    36  fs.o(i.fs_getNextFreeCluster)
    fs_giveFreeClusterHint                   0x08001c15   Thumb Code     4  fs.o(i.fs_giveFreeClusterHint)
    fs_hasTimeSupport                        0x08001c19   Thumb Code     4  time.o(i.fs_hasTimeSupport)
    fs_initClusterChain                      0x08001c1d   Thumb Code    16  fs.o(i.fs_initClusterChain)
    fs_initFs                                0x08001c2d   Thumb Code    74  fs.o(i.fs_initFs)
    fs_isValidFat                            0x08001c77   Thumb Code    46  fs.o(i.fs_isValidFat)
    fs_loadVolumeId                          0x08001ca5   Thumb Code   116  fs.o(i.fs_loadVolumeId)
    fs_setFirstClusterInDirEntry             0x08001d19   Thumb Code     8  fs.o(i.fs_setFirstClusterInDirEntry)
    fs_umount                                0x08001d21   Thumb Code     4  fs.o(i.fs_umount)
    fs_verifySanity                          0x08001d25   Thumb Code   134  fs.o(i.fs_verifySanity)
    if_initInterface                         0x08001dab   Thumb Code    68  sd_stm32.o(i.if_initInterface)
    if_readBuf                               0x08001def   Thumb Code     8  sd_stm32.o(i.if_readBuf)
    if_spiInit                               0x08001df9   Thumb Code    54  sd_stm32.o(i.if_spiInit)
    if_spiSend                               0x08001e39   Thumb Code    56  sd_stm32.o(i.if_spiSend)
    if_writeBuf                              0x08001e79   Thumb Code     4  sd_stm32.o(i.if_writeBuf)
    ioman_decUseCnt                          0x08001e7d   Thumb Code    26  ioman.o(i.ioman_decUseCnt)
    ioman_directSectorRead                   0x08001e97   Thumb Code    98  ioman.o(i.ioman_directSectorRead)
    ioman_directSectorWrite                  0x08001ef9   Thumb Code   148  ioman.o(i.ioman_directSectorWrite)
    ioman_findFreeSpot                       0x08001f8d   Thumb Code    40  ioman.o(i.ioman_findFreeSpot)
    ioman_findOverallocableSpot              0x08001fb5   Thumb Code   110  ioman.o(i.ioman_findOverallocableSpot)
    ioman_findSectorInCache                  0x08002023   Thumb Code    52  ioman.o(i.ioman_findSectorInCache)
    ioman_findUnusedSpot                     0x08002057   Thumb Code   126  ioman.o(i.ioman_findUnusedSpot)
    ioman_flushRange                         0x080020d5   Thumb Code   100  ioman.o(i.ioman_flushRange)
    ioman_flushSector                        0x08002139   Thumb Code    88  ioman.o(i.ioman_flushSector)
    ioman_getAttr                            0x08002191   Thumb Code    26  ioman.o(i.ioman_getAttr)
    ioman_getBp                              0x080021ab   Thumb Code    40  ioman.o(i.ioman_getBp)
    ioman_getPtr                             0x080021d3   Thumb Code    22  ioman.o(i.ioman_getPtr)
    ioman_getRefCnt                          0x080021e9   Thumb Code    20  ioman.o(i.ioman_getRefCnt)
    ioman_getSector                          0x080021fd   Thumb Code   258  ioman.o(i.ioman_getSector)
    ioman_getUseCnt                          0x080022ff   Thumb Code    20  ioman.o(i.ioman_getUseCnt)
    ioman_incRefCnt                          0x08002313   Thumb Code    26  ioman.o(i.ioman_incRefCnt)
    ioman_incUseCnt                          0x0800232d   Thumb Code    26  ioman.o(i.ioman_incUseCnt)
    ioman_init                               0x08002347   Thumb Code    24  ioman.o(i.ioman_init)
    ioman_pop                                0x0800235f   Thumb Code    70  ioman.o(i.ioman_pop)
    ioman_push                               0x080023a5   Thumb Code    70  ioman.o(i.ioman_push)
    ioman_putSectorInCache                   0x080023eb   Thumb Code    70  ioman.o(i.ioman_putSectorInCache)
    ioman_readSector                         0x08002431   Thumb Code    30  ioman.o(i.ioman_readSector)
    ioman_releaseSector                      0x0800244f   Thumb Code    80  ioman.o(i.ioman_releaseSector)
    ioman_reset                              0x0800249f   Thumb Code    94  ioman.o(i.ioman_reset)
    ioman_resetCacheItem                     0x080024fd   Thumb Code    30  ioman.o(i.ioman_resetCacheItem)
    ioman_setAttr                            0x0800251b   Thumb Code    34  ioman.o(i.ioman_setAttr)
    ioman_writeSector                        0x0800253d   Thumb Code    34  ioman.o(i.ioman_writeSector)
    ls_fileEntryToDirListEntry               0x0800255f   Thumb Code    44  ls.o(i.ls_fileEntryToDirListEntry)
    ls_getDirEntry                           0x0800258b   Thumb Code    22  ls.o(i.ls_getDirEntry)
    ls_getNext                               0x080025a1   Thumb Code    48  ls.o(i.ls_getNext)
    ls_getRealDirEntry                       0x080025d1   Thumb Code   104  ls.o(i.ls_getRealDirEntry)
    ls_getRootAreaEntry                      0x08002639   Thumb Code    74  ls.o(i.ls_getRootAreaEntry)
    ls_isValidFileEntry                      0x08002683   Thumb Code    28  ls.o(i.ls_isValidFileEntry)
    ls_openDir                               0x0800269f   Thumb Code    64  ls.o(i.ls_openDir)
    main                                     0x080026e1   Thumb Code   398  main.o(i.main)
    memClr                                   0x080029b1   Thumb Code    18  plibc.o(i.memClr)
    memCpy                                   0x080029c3   Thumb Code    24  plibc.o(i.memCpy)
    part_directSectorRead                    0x080029db   Thumb Code    28  partition.o(i.part_directSectorRead)
    part_directSectorWrite                   0x080029f7   Thumb Code    28  partition.o(i.part_directSectorWrite)
    part_flushPart                           0x08002a13   Thumb Code    40  partition.o(i.part_flushPart)
    part_getRealLBA                          0x08002a3b   Thumb Code    18  partition.o(i.part_getRealLBA)
    part_getSect                             0x08002a4d   Thumb Code    28  partition.o(i.part_getSect)
    part_initPartition                       0x08002a69   Thumb Code    40  partition.o(i.part_initPartition)
    part_isFatPart                           0x08002a91   Thumb Code    32  partition.o(i.part_isFatPart)
    part_relSect                             0x08002ab1   Thumb Code     8  partition.o(i.part_relSect)
    sd_Command                               0x08002ab9   Thumb Code    80  sd.o(i.sd_Command)
    sd_Init                                  0x08002b09   Thumb Code   104  sd.o(i.sd_Init)
    sd_Resp16b                               0x08002b71   Thumb Code    22  sd.o(i.sd_Resp16b)
    sd_Resp8b                                0x08002b87   Thumb Code    28  sd.o(i.sd_Resp8b)
    sd_State                                 0x08002ba3   Thumb Code    40  sd.o(i.sd_State)
    sd_getDriveSize                          0x08002bcb   Thumb Code   142  sd.o(i.sd_getDriveSize)
    sd_readSector                            0x08002c59   Thumb Code   116  sd.o(i.sd_readSector)
    sd_writeSector                           0x08002ccd   Thumb Code   100  sd.o(i.sd_writeSector)
    strMatch                                 0x08002d31   Thumb Code    30  plibc.o(i.strMatch)
    xitoa                                    0x08002d4f   Thumb Code   106  monitor.o(i.xitoa)
    xprintf                                  0x08002db9   Thumb Code   182  monitor.o(i.xprintf)
    xputc                                    0x08002e6f   Thumb Code    24  monitor.o(i.xputc)
    xputs                                    0x08002e87   Thumb Code    22  monitor.o(i.xputs)
    _fp_init                                 0x08002e9d   Thumb Code    14  fpinit.o(x$fpl$fpinit)
    __fplib_config_pureend_doubles           0x08002ea9   Thumb Code     0  fpinit.o(x$fpl$fpinit)
    Region$$Table$$Base                      0x08002eac   Number         0  anon$$obj.o(Region$$Table)
    Region$$Table$$Limit                     0x08002ecc   Number         0  anon$$obj.o(Region$$Table)
    e                                        0x20000000   Data           2  main.o(.data)
    filer                                    0x20000024   Data          80  main.o(.bss)
    filew                                    0x20000074   Data          80  main.o(.bss)
    buf                                      0x200000c4   Data         513  main.o(.bss)
    efs                                      0x200002c8   Data         692  main.o(.bss)
    list                                     0x2000057c   Data          52  main.o(.bss)
    __libspace_start                         0x200005b0   Data          96  libspace.o(.bss)
    __temporary_stack_top$libspace           0x20000610   Data           0  libspace.o(.bss)



==============================================================================

Memory Map of the image

  Image Entry point : 0x080000ed

  Load Region LR_IROM1 (Base: 0x08000000, Size: 0x00002ef0, Max: 0x00040000, ABSOLUTE)

    Execution Region ER_IROM1 (Base: 0x08000000, Size: 0x00002ecc, Max: 0x00040000, ABSOLUTE)

    Base Addr    Size         Type   Attr      Idx    E Section Name        Object

    0x08000000   0x000000ec   Data   RO         3226    RESET               startup_stm32f10x_md.o
    0x080000ec   0x00000008   Code   RO         3241  * !!!main             __main.o(c_w.l)
    0x080000f4   0x00000034   Code   RO         3403    !!!scatter          __scatter.o(c_w.l)
    0x08000128   0x0000001a   Code   RO         3405    !!handler_copy      __scatter_copy.o(c_w.l)
    0x08000142   0x00000002   PAD
    0x08000144   0x0000001c   Code   RO         3407    !!handler_zi        __scatter_zi.o(c_w.l)
    0x08000160   0x00000006   Code   RO         3273    .ARM.Collect$$libinit$$00000000  libinit.o(c_w.l)
    0x08000166   0x00000000   Code   RO         3281    .ARM.Collect$$libinit$$00000006  libinit2.o(c_w.l)
    0x08000166   0x00000000   Code   RO         3283    .ARM.Collect$$libinit$$00000008  libinit2.o(c_w.l)
    0x08000166   0x00000000   Code   RO         3285    .ARM.Collect$$libinit$$0000000A  libinit2.o(c_w.l)
    0x08000166   0x00000000   Code   RO         3288    .ARM.Collect$$libinit$$0000000D  libinit2.o(c_w.l)
    0x08000166   0x00000000   Code   RO         3290    .ARM.Collect$$libinit$$0000000F  libinit2.o(c_w.l)
    0x08000166   0x00000000   Code   RO         3292    .ARM.Collect$$libinit$$00000011  libinit2.o(c_w.l)
    0x08000166   0x00000000   Code   RO         3294    .ARM.Collect$$libinit$$00000013  libinit2.o(c_w.l)
    0x08000166   0x00000000   Code   RO         3296    .ARM.Collect$$libinit$$00000015  libinit2.o(c_w.l)
    0x08000166   0x00000000   Code   RO         3298    .ARM.Collect$$libinit$$00000017  libinit2.o(c_w.l)
    0x08000166   0x00000000   Code   RO         3300    .ARM.Collect$$libinit$$00000019  libinit2.o(c_w.l)
    0x08000166   0x00000000   Code   RO         3302    .ARM.Collect$$libinit$$0000001B  libinit2.o(c_w.l)
    0x08000166   0x00000000   Code   RO         3304    .ARM.Collect$$libinit$$0000001D  libinit2.o(c_w.l)
    0x08000166   0x00000000   Code   RO         3306    .ARM.Collect$$libinit$$0000001F  libinit2.o(c_w.l)
    0x08000166   0x00000000   Code   RO         3308    .ARM.Collect$$libinit$$00000021  libinit2.o(c_w.l)
    0x08000166   0x00000000   Code   RO         3312    .ARM.Collect$$libinit$$00000028  libinit2.o(c_w.l)
    0x08000166   0x00000000   Code   RO         3314    .ARM.Collect$$libinit$$0000002A  libinit2.o(c_w.l)
    0x08000166   0x00000000   Code   RO         3316    .ARM.Collect$$libinit$$0000002C  libinit2.o(c_w.l)
    0x08000166   0x00000000   Code   RO         3318    .ARM.Collect$$libinit$$0000002E  libinit2.o(c_w.l)
    0x08000166   0x00000002   Code   RO         3319    .ARM.Collect$$libinit$$0000002F  libinit2.o(c_w.l)
    0x08000168   0x00000002   Code   RO         3345    .ARM.Collect$$libshutdown$$00000000  libshutdown.o(c_w.l)
    0x0800016a   0x00000000   Code   RO         3358    .ARM.Collect$$libshutdown$$00000003  libshutdown2.o(c_w.l)
    0x0800016a   0x00000000   Code   RO         3361    .ARM.Collect$$libshutdown$$00000006  libshutdown2.o(c_w.l)
    0x0800016a   0x00000000   Code   RO         3364    .ARM.Collect$$libshutdown$$00000009  libshutdown2.o(c_w.l)
    0x0800016a   0x00000000   Code   RO         3366    .ARM.Collect$$libshutdown$$0000000B  libshutdown2.o(c_w.l)
    0x0800016a   0x00000000   Code   RO         3369    .ARM.Collect$$libshutdown$$0000000E  libshutdown2.o(c_w.l)
    0x0800016a   0x00000002   Code   RO         3370    .ARM.Collect$$libshutdown$$0000000F  libshutdown2.o(c_w.l)
    0x0800016c   0x00000000   Code   RO         3243    .ARM.Collect$$rtentry$$00000000  rtentry.o(c_w.l)
    0x0800016c   0x00000000   Code   RO         3246    .ARM.Collect$$rtentry$$00000002  rtentry2.o(c_w.l)
    0x0800016c   0x00000006   Code   RO         3261    .ARM.Collect$$rtentry$$00000004  rtentry4.o(c_w.l)
    0x08000172   0x00000000   Code   RO         3248    .ARM.Collect$$rtentry$$00000009  rtentry2.o(c_w.l)
    0x08000172   0x00000004   Code   RO         3249    .ARM.Collect$$rtentry$$0000000A  rtentry2.o(c_w.l)
    0x08000176   0x00000000   Code   RO         3251    .ARM.Collect$$rtentry$$0000000C  rtentry2.o(c_w.l)
    0x08000176   0x00000008   Code   RO         3252    .ARM.Collect$$rtentry$$0000000D  rtentry2.o(c_w.l)
    0x0800017e   0x00000002   Code   RO         3277    .ARM.Collect$$rtexit$$00000000  rtexit.o(c_w.l)
    0x08000180   0x00000000   Code   RO         3323    .ARM.Collect$$rtexit$$00000002  rtexit2.o(c_w.l)
    0x08000180   0x00000004   Code   RO         3324    .ARM.Collect$$rtexit$$00000003  rtexit2.o(c_w.l)
    0x08000184   0x00000006   Code   RO         3325    .ARM.Collect$$rtexit$$00000004  rtexit2.o(c_w.l)
    0x0800018a   0x00000002   PAD
    0x0800018c   0x00000038   Code   RO         3227    .text               startup_stm32f10x_md.o
    0x080001c4   0x0000004a   Code   RO         3233    .text               strcpy.o(c_w.l)
    0x0800020e   0x0000003e   Code   RO         3235    .text               strlen.o(c_w.l)
    0x0800024c   0x00000064   Code   RO         3237    .text               rt_memcpy_w.o(c_w.l)
    0x080002b0   0x00000006   Code   RO         3239    .text               heapauxi.o(c_w.l)
    0x080002b6   0x0000004a   Code   RO         3263    .text               sys_stackheap_outer.o(c_w.l)
    0x08000300   0x0000000c   Code   RO         3265    .text               exit.o(c_w.l)
    0x0800030c   0x00000008   Code   RO         3274    .text               libspace.o(c_w.l)
    0x08000314   0x0000000c   Code   RO         3333    .text               rt_fp_status_addr_intlibspace.o(c_w.l)
    0x08000320   0x00000014   Code   RO         3337    .text               sys_exit.o(c_w.l)
    0x08000334   0x00000002   Code   RO         3348    .text               use_no_semi.o(c_w.l)
    0x08000336   0x00000002   Code   RO            1    i.BusFault_Handler  stm32f10x_it.o
    0x08000338   0x00000002   Code   RO            2    i.DebugMon_Handler  stm32f10x_it.o
    0x0800033a   0x00000002   Code   RO            4    i.EXTI15_10_IRQHandler  stm32f10x_it.o
    0x0800033c   0x00000060   Code   RO          127    i.GPIO_Configuration  main.o
    0x0800039c   0x0000009c   Code   RO          475    i.GPIO_Init         stm32f10x_gpio.o
    0x08000438   0x00000048   Code   RO          477    i.GPIO_PinRemapConfig  stm32f10x_gpio.o
    0x08000480   0x00000004   Code   RO          482    i.GPIO_ResetBits    stm32f10x_gpio.o
    0x08000484   0x00000004   Code   RO          483    i.GPIO_SetBits      stm32f10x_gpio.o
    0x08000488   0x00000002   Code   RO            5    i.HardFault_Handler  stm32f10x_it.o
    0x0800048a   0x00000002   Code   RO            6    i.MemManage_Handler  stm32f10x_it.o
    0x0800048c   0x00000002   Code   RO            7    i.NMI_Handler       stm32f10x_it.o
    0x0800048e   0x00000018   Code   RO          128    i.NVIC_Configuration  main.o
    0x080004a6   0x00000002   PAD
    0x080004a8   0x00000014   Code   RO         1180    i.NVIC_PriorityGroupConfig  misc.o
    0x080004bc   0x00000014   Code   RO         1181    i.NVIC_SetVectorTable  misc.o
    0x080004d0   0x00000002   Code   RO            8    i.PendSV_Handler    stm32f10x_it.o
    0x080004d2   0x00000002   PAD
    0x080004d4   0x00000018   Code   RO          586    i.RCC_APB1PeriphClockCmd  stm32f10x_rcc.o
    0x080004ec   0x00000018   Code   RO          588    i.RCC_APB2PeriphClockCmd  stm32f10x_rcc.o
    0x08000504   0x000000cc   Code   RO          596    i.RCC_GetClocksFreq  stm32f10x_rcc.o
    0x080005d0   0x00000014   Code   RO          842    i.SPI_Cmd           stm32f10x_spi.o
    0x080005e4   0x000000a4   Code   RO         3136    i.SPI_Config        sd_stm32.o
    0x08000688   0x0000000e   Code   RO          850    i.SPI_I2S_GetFlagStatus  stm32f10x_spi.o
    0x08000696   0x00000004   Code   RO          853    i.SPI_I2S_ReceiveData  stm32f10x_spi.o
    0x0800069a   0x00000004   Code   RO          854    i.SPI_I2S_SendData  stm32f10x_spi.o
    0x0800069e   0x00000038   Code   RO          855    i.SPI_Init          stm32f10x_spi.o
    0x080006d6   0x00000002   PAD
    0x080006d8   0x00000080   Code   RO          278    i.STM32_UART_Init   stm32_uart.o
    0x08000758   0x00000024   Code   RO          279    i.STM32_UART_PutChar  stm32_uart.o
    0x0800077c   0x00000002   Code   RO            9    i.SVC_Handler       stm32f10x_it.o
    0x0800077e   0x00000002   PAD
    0x08000780   0x000000bc   Code   RO         3186    i.SetSysClockTo72   system_stm32f10x.o
    0x0800083c   0x00000002   Code   RO           10    i.SysTick_Handler   stm32f10x_it.o
    0x0800083e   0x00000002   PAD
    0x08000840   0x0000004c   Code   RO         3187    i.SystemInit        system_stm32f10x.o
    0x0800088c   0x00000014   Code   RO          305    i.USART_Cmd         stm32f10x_usart.o
    0x080008a0   0x0000000e   Code   RO          308    i.USART_GetFlagStatus  stm32f10x_usart.o
    0x080008ae   0x00000002   PAD
    0x080008b0   0x0000008c   Code   RO          312    i.USART_Init        stm32f10x_usart.o
    0x0800093c   0x00000008   Code   RO          320    i.USART_SendData    stm32f10x_usart.o
    0x08000944   0x00000002   Code   RO           11    i.UsageFault_Handler  stm32f10x_it.o
    0x08000946   0x00000066   Code   RO         2168    i.dir_addCluster    dir.o
    0x080009ac   0x00000026   Code   RO         2169    i.dir_createDefaultEntry  dir.o
    0x080009d2   0x00000030   Code   RO         2170    i.dir_createDirectoryEntry  dir.o
    0x08000a02   0x00000058   Code   RO         2171    i.dir_findFileinBuf  dir.o
    0x08000a5a   0x00000040   Code   RO         2172    i.dir_findFreeEntryinBuf  dir.o
    0x08000a9a   0x00000022   Code   RO         2173    i.dir_findinBuf     dir.o
    0x08000abc   0x0000006e   Code   RO         2174    i.dir_findinCluster  dir.o
    0x08000b2a   0x0000005c   Code   RO         2175    i.dir_findinDir     dir.o
    0x08000b86   0x00000070   Code   RO         2176    i.dir_findinRootArea  dir.o
    0x08000bf6   0x00000046   Code   RO         2177    i.dir_getFatFileName  dir.o
    0x08000c3c   0x00000030   Code   RO         2178    i.dir_getFileStructure  dir.o
    0x08000c6c   0x00000028   Code   RO         2179    i.dir_setFileSize   dir.o
    0x08000c94   0x00000032   Code   RO         2180    i.dir_setFirstCluster  dir.o
    0x08000cc6   0x00000032   Code   RO         2181    i.dir_updateDirectoryEntry  dir.o
    0x08000cf8   0x0000000a   Code   RO         2261    i.disc_initDisc     disc.o
    0x08000d02   0x0000003c   Code   RO         2262    i.disc_loadMBR      disc.o
    0x08000d3e   0x00000068   Code   RO         2282    i.efs_init          efs.o
    0x08000da6   0x0000003c   Code   RO         2297    i.ex_getPartitionField  extract.o
    0x08000de2   0x0000000e   Code   RO         2298    i.ex_getb16         extract.o
    0x08000df0   0x00000018   Code   RO         2299    i.ex_getb32         extract.o
    0x08000e08   0x00000038   Code   RO         2339    i.fat_DiscToLogicCluster  fat.o
    0x08000e40   0x00000052   Code   RO         2340    i.fat_LogicToDiscCluster  fat.o
    0x08000e92   0x00000122   Code   RO         2341    i.fat_allocClusterChain  fat.o
    0x08000fb4   0x00000032   Code   RO         2342    i.fat_countClustersInChain  fat.o
    0x08000fe6   0x0000009e   Code   RO         2344    i.fat_getNextClusterAddress  fat.o
    0x08001084   0x0000007a   Code   RO         2345    i.fat_getNextClusterAddressWBuf  fat.o
    0x080010fe   0x0000009a   Code   RO         2346    i.fat_getNextClusterChain  fat.o
    0x08001198   0x0000002e   Code   RO         2347    i.fat_getSectorAddressFatEntry  fat.o
    0x080011c6   0x00000026   Code   RO         2348    i.fat_giveEocMarker  fat.o
    0x080011ec   0x00000034   Code   RO         2349    i.fat_isEocMarker   fat.o
    0x08001220   0x000000e8   Code   RO         2350    i.fat_setNextClusterAddress  fat.o
    0x08001308   0x000000c2   Code   RO         2351    i.fat_setNextClusterAddressWBuf  fat.o
    0x080013ca   0x00000062   Code   RO         2431    i.file_fclose       file.o
    0x0800142c   0x000001ee   Code   RO         2432    i.file_fopen        file.o
    0x0800161a   0x000000c6   Code   RO         2433    i.file_fread        file.o
    0x080016e0   0x00000108   Code   RO         2434    i.file_fwrite       file.o
    0x080017e8   0x0000002c   Code   RO         2436    i.file_initFile     file.o
    0x08001814   0x00000088   Code   RO         2437    i.file_normalToFatName  file.o
    0x0800189c   0x0000001a   Code   RO         2438    i.file_read         file.o
    0x080018b6   0x00000052   Code   RO         2439    i.file_requiredCluster  file.o
    0x08001908   0x00000016   Code   RO         2440    i.file_setAttr      file.o
    0x0800191e   0x00000012   Code   RO         2441    i.file_setpos       file.o
    0x08001930   0x0000003e   Code   RO         2442    i.file_validateChar  file.o
    0x0800196e   0x0000001a   Code   RO         2443    i.file_write        file.o
    0x08001988   0x00000042   Code   RO         2513    i.fs_clearCluster   fs.o
    0x080019ca   0x00000024   Code   RO         2514    i.fs_clusterToSector  fs.o
    0x080019ee   0x0000004c   Code   RO         2515    i.fs_countDataSectors  fs.o
    0x08001a3a   0x0000002a   Code   RO         2516    i.fs_determineFatType  fs.o
    0x08001a64   0x000000b8   Code   RO         2517    i.fs_findFile       fs.o
    0x08001b1c   0x00000028   Code   RO         2518    i.fs_findFirstSectorRootDir  fs.o
    0x08001b44   0x0000005a   Code   RO         2519    i.fs_findFreeFile   fs.o
    0x08001b9e   0x0000000a   Code   RO         2520    i.fs_flushFs        fs.o
    0x08001ba8   0x00000010   Code   RO         2521    i.fs_getFirstClusterRootDir  fs.o
    0x08001bb8   0x00000038   Code   RO         2523    i.fs_getLastCluster  fs.o
    0x08001bf0   0x00000024   Code   RO         2524    i.fs_getNextFreeCluster  fs.o
    0x08001c14   0x00000004   Code   RO         2525    i.fs_giveFreeClusterHint  fs.o
    0x08001c18   0x00000004   Code   RO         3015    i.fs_hasTimeSupport  time.o
    0x08001c1c   0x00000010   Code   RO         2526    i.fs_initClusterChain  fs.o
    0x08001c2c   0x0000004a   Code   RO         2528    i.fs_initFs         fs.o
    0x08001c76   0x0000002e   Code   RO         2529    i.fs_isValidFat     fs.o
    0x08001ca4   0x00000074   Code   RO         2530    i.fs_loadVolumeId   fs.o
    0x08001d18   0x00000008   Code   RO         2532    i.fs_setFirstClusterInDirEntry  fs.o
    0x08001d20   0x00000004   Code   RO         2534    i.fs_umount         fs.o
    0x08001d24   0x00000086   Code   RO         2535    i.fs_verifySanity   fs.o
    0x08001daa   0x00000044   Code   RO         3137    i.if_initInterface  sd_stm32.o
    0x08001dee   0x00000008   Code   RO         3138    i.if_readBuf        sd_stm32.o
    0x08001df6   0x00000002   PAD
    0x08001df8   0x00000040   Code   RO         3140    i.if_spiInit        sd_stm32.o
    0x08001e38   0x00000040   Code   RO         3141    i.if_spiSend        sd_stm32.o
    0x08001e78   0x00000004   Code   RO         3142    i.if_writeBuf       sd_stm32.o
    0x08001e7c   0x0000001a   Code   RO         2653    i.ioman_decUseCnt   ioman.o
    0x08001e96   0x00000062   Code   RO         2654    i.ioman_directSectorRead  ioman.o
    0x08001ef8   0x00000094   Code   RO         2655    i.ioman_directSectorWrite  ioman.o
    0x08001f8c   0x00000028   Code   RO         2656    i.ioman_findFreeSpot  ioman.o
    0x08001fb4   0x0000006e   Code   RO         2657    i.ioman_findOverallocableSpot  ioman.o
    0x08002022   0x00000034   Code   RO         2658    i.ioman_findSectorInCache  ioman.o
    0x08002056   0x0000007e   Code   RO         2659    i.ioman_findUnusedSpot  ioman.o
    0x080020d4   0x00000064   Code   RO         2661    i.ioman_flushRange  ioman.o
    0x08002138   0x00000058   Code   RO         2662    i.ioman_flushSector  ioman.o
    0x08002190   0x0000001a   Code   RO         2663    i.ioman_getAttr     ioman.o
    0x080021aa   0x00000028   Code   RO         2664    i.ioman_getBp       ioman.o
    0x080021d2   0x00000016   Code   RO         2666    i.ioman_getPtr      ioman.o
    0x080021e8   0x00000014   Code   RO         2667    i.ioman_getRefCnt   ioman.o
    0x080021fc   0x00000102   Code   RO         2668    i.ioman_getSector   ioman.o
    0x080022fe   0x00000014   Code   RO         2669    i.ioman_getUseCnt   ioman.o
    0x08002312   0x0000001a   Code   RO         2670    i.ioman_incRefCnt   ioman.o
    0x0800232c   0x0000001a   Code   RO         2671    i.ioman_incUseCnt   ioman.o
    0x08002346   0x00000018   Code   RO         2672    i.ioman_init        ioman.o
    0x0800235e   0x00000046   Code   RO         2673    i.ioman_pop         ioman.o
    0x080023a4   0x00000046   Code   RO         2675    i.ioman_push        ioman.o
    0x080023ea   0x00000046   Code   RO         2676    i.ioman_putSectorInCache  ioman.o
    0x08002430   0x0000001e   Code   RO         2677    i.ioman_readSector  ioman.o
    0x0800244e   0x00000050   Code   RO         2678    i.ioman_releaseSector  ioman.o
    0x0800249e   0x0000005e   Code   RO         2679    i.ioman_reset       ioman.o
    0x080024fc   0x0000001e   Code   RO         2680    i.ioman_resetCacheItem  ioman.o
    0x0800251a   0x00000022   Code   RO         2683    i.ioman_setAttr     ioman.o
    0x0800253c   0x00000022   Code   RO         2684    i.ioman_writeSector  ioman.o
    0x0800255e   0x0000002c   Code   RO         2847    i.ls_fileEntryToDirListEntry  ls.o
    0x0800258a   0x00000016   Code   RO         2848    i.ls_getDirEntry    ls.o
    0x080025a0   0x00000030   Code   RO         2849    i.ls_getNext        ls.o
    0x080025d0   0x00000068   Code   RO         2850    i.ls_getRealDirEntry  ls.o
    0x08002638   0x0000004a   Code   RO         2851    i.ls_getRootAreaEntry  ls.o
    0x08002682   0x0000001c   Code   RO         2852    i.ls_isValidFileEntry  ls.o
    0x0800269e   0x00000040   Code   RO         2853    i.ls_openDir        ls.o
    0x080026de   0x00000002   PAD
    0x080026e0   0x000002d0   Code   RO          129    i.main              main.o
    0x080029b0   0x00000012   Code   RO         2979    i.memClr            plibc.o
    0x080029c2   0x00000018   Code   RO         2980    i.memCpy            plibc.o
    0x080029da   0x0000001c   Code   RO         2911    i.part_directSectorRead  partition.o
    0x080029f6   0x0000001c   Code   RO         2912    i.part_directSectorWrite  partition.o
    0x08002a12   0x00000028   Code   RO         2913    i.part_flushPart    partition.o
    0x08002a3a   0x00000012   Code   RO         2914    i.part_getRealLBA   partition.o
    0x08002a4c   0x0000001c   Code   RO         2915    i.part_getSect      partition.o
    0x08002a68   0x00000028   Code   RO         2916    i.part_initPartition  partition.o
    0x08002a90   0x00000020   Code   RO         2917    i.part_isFatPart    partition.o
    0x08002ab0   0x00000008   Code   RO         2919    i.part_relSect      partition.o
    0x08002ab8   0x00000050   Code   RO         3066    i.sd_Command        sd.o
    0x08002b08   0x00000068   Code   RO         3067    i.sd_Init           sd.o
    0x08002b70   0x00000016   Code   RO         3068    i.sd_Resp16b        sd.o
    0x08002b86   0x0000001c   Code   RO         3069    i.sd_Resp8b         sd.o
    0x08002ba2   0x00000028   Code   RO         3071    i.sd_State          sd.o
    0x08002bca   0x0000008e   Code   RO         3072    i.sd_getDriveSize   sd.o
    0x08002c58   0x00000074   Code   RO         3073    i.sd_readSector     sd.o
    0x08002ccc   0x00000064   Code   RO         3074    i.sd_writeSector    sd.o
    0x08002d30   0x0000001e   Code   RO         2982    i.strMatch          plibc.o
    0x08002d4e   0x0000006a   Code   RO          230    i.xitoa             monitor.o
    0x08002db8   0x000000b6   Code   RO          231    i.xprintf           monitor.o
    0x08002e6e   0x00000018   Code   RO          232    i.xputc             monitor.o
    0x08002e86   0x00000016   Code   RO          233    i.xputs             monitor.o
    0x08002e9c   0x0000000e   Code   RO         3320    x$fpl$fpinit        fpinit.o(fz_ws.l)
    0x08002eaa   0x00000002   PAD
    0x08002eac   0x00000020   Data   RO         3401    Region$$Table       anon$$obj.o


    Execution Region RW_IRAM1 (Base: 0x20000000, Size: 0x00000c10, Max: 0x00010000, ABSOLUTE)

    Base Addr    Size         Type   Attr      Idx    E Section Name        Object

    0x20000000   0x0000000f   Data   RW          133    .data               main.o
    0x2000000f   0x00000014   Data   RW          624    .data               stm32f10x_rcc.o
    0x20000023   0x00000001   PAD
    0x20000024   0x0000058c   Zero   RW          130    .bss                main.o
    0x200005b0   0x00000060   Zero   RW         3275    .bss                libspace.o(c_w.l)
    0x20000610   0x00000200   Zero   RW         3225    HEAP                startup_stm32f10x_md.o
    0x20000810   0x00000400   Zero   RW         3224    STACK               startup_stm32f10x_md.o


==============================================================================

Image component sizes


      Code (inc. data)   RO Data    RW Data    ZI Data      Debug   Object Name

         0          0          0          0          0         20   core_cm3.o
       946          0          0          0          0      10998   dir.o
        70          0          0          0          0       1379   disc.o
       104          0          0          0          0        939   efs.o
        98          0          0          0          0       1991   extract.o
      1474          4          0          0          0      10546   fat.o
      1470          0          0          0          0      10085   file.o
      1054          0          0          0          0      12252   fs.o
      1762          0          0          0          0      18338   ioman.o
       384          0          0          0          0       4489   ls.o
       840        344          0         15       1420       9622   main.o
        40         18          0          0          0       1089   misc.o
       334          0          0          0          0       3360   monitor.o
       222          0          0          0          0       5118   partition.o
        72          0          0          0          0       2005   plibc.o
       632          0          0          0          0       6839   sd.o
       372         34          0          0          0       4348   sd_stm32.o
        56         22        236          0       1536        564   startup_stm32f10x_md.o
       164         14          0          0          0       1171   stm32_uart.o
       236          6          0          0          0       3982   stm32f10x_gpio.o
        20          0          0          0          0     258201   stm32f10x_it.o
       252         34          0         20          0       5522   stm32f10x_rcc.o
        98          0          0          0          0       4002   stm32f10x_spi.o
       182          6          0          0          0       4088   stm32f10x_usart.o
       264         30          0          0          0       1565   system_stm32f10x.o
         4          0          0          0          0        452   time.o

    ----------------------------------------------------------------------
     11166        512        268         36       2956     382965   Object Totals
         0          0         32          0          0          0   (incl. Generated)
        16          0          0          1          0          1   (incl. Padding)

    ----------------------------------------------------------------------

      Code (inc. data)   RO Data    RW Data    ZI Data      Debug   Library Member Name

         8          0          0          0          0         68   __main.o
        52          8          0          0          0          0   __scatter.o
        26          0          0          0          0          0   __scatter_copy.o
        28          0          0          0          0          0   __scatter_zi.o
        12          0          0          0          0         68   exit.o
        14          0          0          0          0         76   fpinit.o
         6          0          0          0          0        148   heapauxi.o
         6          0          0          0          0          0   libinit.o
         2          0          0          0          0          0   libinit2.o
         2          0          0          0          0          0   libshutdown.o
         2          0          0          0          0          0   libshutdown2.o
         8          4          0          0         96         68   libspace.o
        12          6          0          0          0         68   rt_fp_status_addr_intlibspace.o
       100          0          0          0          0         80   rt_memcpy_w.o
         0          0          0          0          0          0   rtentry.o
        12          0          0          0          0          0   rtentry2.o
         6          0          0          0          0          0   rtentry4.o
         2          0          0          0          0          0   rtexit.o
        10          0          0          0          0          0   rtexit2.o
        74          0          0          0          0         76   strcpy.o
        62          0          0          0          0         76   strlen.o
        20         10          0          0          0         68   sys_exit.o
        74          0          0          0          0         80   sys_stackheap_outer.o
         2          0          0          0          0         68   use_no_semi.o

    ----------------------------------------------------------------------
       546         28          0          0         96        944   Library Totals
         6          0          0          0          0          0   (incl. Padding)

    ----------------------------------------------------------------------

      Code (inc. data)   RO Data    RW Data    ZI Data      Debug   Library Name

       526         28          0          0         96        868   c_w.l
        14          0          0          0          0         76   fz_ws.l

    ----------------------------------------------------------------------
       546         28          0          0         96        944   Library Totals

    ----------------------------------------------------------------------

==============================================================================


      Code (inc. data)   RO Data    RW Data    ZI Data      Debug   

     11712        540        268         36       3052     375460   Grand Totals
     11712        540        268         36       3052     375460   ELF Image Totals
     11712        540        268         36          0          0   ROM Totals

==============================================================================

    Total RO  Size (Code + RO Data)                11980 (  11.70kB)
    Total RW  Size (RW Data + ZI Data)              3088 (   3.02kB)
    Total ROM Size (Code + RO Data + RW Data)      12016 (  11.73kB)

==============================================================================

